Component: Arm Compiler for Embedded 6.24 Tool: armlink [5f371500]

==============================================================================

Section Cross References

    keyboard.o(.ARM.exidx.text.Keyboard_init) refers to keyboard.o(.text.Keyboard_init) for [Anonymous Symbol]
    keyboard.o(.text.getKeyValue) refers to dl_common.o(.text.DL_Common_delayCycles) for DL_Common_delayCycles
    keyboard.o(.text.getKeyValue) refers to keyboard.o(.data.keytonum) for keytonum
    keyboard.o(.ARM.exidx.text.getKeyValue) refers to keyboard.o(.text.getKeyValue) for [Anonymous Symbol]
    oled_spi_v0.2.o(.ARM.exidx.text.OLED_WR_Byte) refers to oled_spi_v0.2.o(.text.OLED_WR_Byte) for [Anonymous Symbol]
    oled_spi_v0.2.o(.ARM.exidx.text.OLED_Set_Pos) refers to oled_spi_v0.2.o(.text.OLED_Set_Pos) for [Anonymous Symbol]
    oled_spi_v0.2.o(.ARM.exidx.text.OLED_Display_On) refers to oled_spi_v0.2.o(.text.OLED_Display_On) for [Anonymous Symbol]
    oled_spi_v0.2.o(.ARM.exidx.text.OLED_Display_Off) refers to oled_spi_v0.2.o(.text.OLED_Display_Off) for [Anonymous Symbol]
    oled_spi_v0.2.o(.text.OLED_Clear) refers to rt_memclr.o(.text) for __aeabi_memclr4
    oled_spi_v0.2.o(.text.OLED_Clear) refers to oled_spi_v0.2.o(.bss.OLED_GRAM) for OLED_GRAM
    oled_spi_v0.2.o(.ARM.exidx.text.OLED_Clear) refers to oled_spi_v0.2.o(.text.OLED_Clear) for [Anonymous Symbol]
    oled_spi_v0.2.o(.text.OLED_ShowChar) refers to oled_spi_v0.2.o(.rodata.F6x8) for F6x8
    oled_spi_v0.2.o(.ARM.exidx.text.OLED_ShowChar) refers to oled_spi_v0.2.o(.text.OLED_ShowChar) for [Anonymous Symbol]
    oled_spi_v0.2.o(.ARM.exidx.text.oled_pow) refers to oled_spi_v0.2.o(.text.oled_pow) for [Anonymous Symbol]
    oled_spi_v0.2.o(.text.OLED_ShowNum) refers to oled_spi_v0.2.o(.text.OLED_ShowChar) for OLED_ShowChar
    oled_spi_v0.2.o(.text.OLED_ShowNum) refers to aeabi_sdivfast.o(.text_divfast) for __aeabi_uidiv
    oled_spi_v0.2.o(.text.OLED_ShowNum) refers to aeabi_sdivfast.o(.text) for __aeabi_uidivmod
    oled_spi_v0.2.o(.ARM.exidx.text.OLED_ShowNum) refers to oled_spi_v0.2.o(.text.OLED_ShowNum) for [Anonymous Symbol]
    oled_spi_v0.2.o(.text.OLED_ShowSignedNum) refers to oled_spi_v0.2.o(.text.OLED_ShowChar) for OLED_ShowChar
    oled_spi_v0.2.o(.text.OLED_ShowSignedNum) refers to aeabi_sdivfast.o(.text_divfast) for __aeabi_uidiv
    oled_spi_v0.2.o(.text.OLED_ShowSignedNum) refers to aeabi_sdivfast.o(.text) for __aeabi_uidivmod
    oled_spi_v0.2.o(.ARM.exidx.text.OLED_ShowSignedNum) refers to oled_spi_v0.2.o(.text.OLED_ShowSignedNum) for [Anonymous Symbol]
    oled_spi_v0.2.o(.text.OLED_ShowString) refers to oled_spi_v0.2.o(.text.OLED_ShowChar) for OLED_ShowChar
    oled_spi_v0.2.o(.ARM.exidx.text.OLED_ShowString) refers to oled_spi_v0.2.o(.text.OLED_ShowString) for [Anonymous Symbol]
    oled_spi_v0.2.o(.text.OLED_ShowCHinese) refers to oled_spi_v0.2.o(.rodata.Hzk) for Hzk
    oled_spi_v0.2.o(.ARM.exidx.text.OLED_ShowCHinese) refers to oled_spi_v0.2.o(.text.OLED_ShowCHinese) for [Anonymous Symbol]
    oled_spi_v0.2.o(.ARM.exidx.text.OLED_DrawBMP) refers to oled_spi_v0.2.o(.text.OLED_DrawBMP) for [Anonymous Symbol]
    oled_spi_v0.2.o(.ARM.exidx.text.OLED_ColorTurn) refers to oled_spi_v0.2.o(.text.OLED_ColorTurn) for [Anonymous Symbol]
    oled_spi_v0.2.o(.ARM.exidx.text.OLED_DisplayTurn) refers to oled_spi_v0.2.o(.text.OLED_DisplayTurn) for [Anonymous Symbol]
    oled_spi_v0.2.o(.text.OLED_Refresh) refers to dl_common.o(.text.DL_Common_delayCycles) for DL_Common_delayCycles
    oled_spi_v0.2.o(.text.OLED_Refresh) refers to oled_spi_v0.2.o(.bss.OLED_GRAM) for OLED_GRAM
    oled_spi_v0.2.o(.ARM.exidx.text.OLED_Refresh) refers to oled_spi_v0.2.o(.text.OLED_Refresh) for [Anonymous Symbol]
    oled_spi_v0.2.o(.text.OLED_DrawPoint) refers to oled_spi_v0.2.o(.bss.OLED_GRAM) for OLED_GRAM
    oled_spi_v0.2.o(.ARM.exidx.text.OLED_DrawPoint) refers to oled_spi_v0.2.o(.text.OLED_DrawPoint) for [Anonymous Symbol]
    oled_spi_v0.2.o(.text.OLED_DrawLine) refers to oled_spi_v0.2.o(.bss.OLED_GRAM) for OLED_GRAM
    oled_spi_v0.2.o(.ARM.exidx.text.OLED_DrawLine) refers to oled_spi_v0.2.o(.text.OLED_DrawLine) for [Anonymous Symbol]
    oled_spi_v0.2.o(.text.OLED_DrawCircle) refers to oled_spi_v0.2.o(.bss.OLED_GRAM) for OLED_GRAM
    oled_spi_v0.2.o(.ARM.exidx.text.OLED_DrawCircle) refers to oled_spi_v0.2.o(.text.OLED_DrawCircle) for [Anonymous Symbol]
    oled_spi_v0.2.o(.text.OLED_Init) refers to dl_common.o(.text.DL_Common_delayCycles) for DL_Common_delayCycles
    oled_spi_v0.2.o(.text.OLED_Init) refers to oled_spi_v0.2.o(.text.OLED_Clear) for OLED_Clear
    oled_spi_v0.2.o(.ARM.exidx.text.OLED_Init) refers to oled_spi_v0.2.o(.text.OLED_Init) for [Anonymous Symbol]
    w25q64_spi.o(.ARM.exidx.text.W25Q64_Init) refers to w25q64_spi.o(.text.W25Q64_Init) for [Anonymous Symbol]
    w25q64_spi.o(.ARM.exidx.text.W25Q64_WaitBusy) refers to w25q64_spi.o(.text.W25Q64_WaitBusy) for [Anonymous Symbol]
[...]
    ../clib/heapaux.c                        0x00000000   Number         0  heapauxi.o ABSOLUTE
    ../clib/libinit.s                        0x00000000   Number         0  libinit.o ABSOLUTE
    ../clib/libinit.s                        0x00000000   Number         0  libinit2.o ABSOLUTE
    ../clib/libinit.s                        0x00000000   Number         0  libshutdown.o ABSOLUTE
    ../clib/libinit.s                        0x00000000   Number         0  libshutdown2.o ABSOLUTE
    ../clib/memcpset.c                       0x00000000   Number         0  rt_memcpy.o ABSOLUTE
    ../clib/memcpset.c                       0x00000000   Number         0  rt_memcpy.o ABSOLUTE
    ../clib/memcpset.c                       0x00000000   Number         0  rt_memclr.o ABSOLUTE
    ../clib/misc.s                           0x00000000   Number         0  printf_stubs.o ABSOLUTE
    ../clib/printf.c                         0x00000000   Number         0  __2sprintf.o ABSOLUTE
    ../clib/printf.c                         0x00000000   Number         0  noretval__2sprintf.o ABSOLUTE
    ../clib/printf.c                         0x00000000   Number         0  __printf.o ABSOLUTE
    ../clib/printf.c                         0x00000000   Number         0  _printf_dec.o ABSOLUTE
    ../clib/printf.c                         0x00000000   Number         0  __printf_flags.o ABSOLUTE
    ../clib/printf.c                         0x00000000   Number         0  __printf_ss.o ABSOLUTE
    ../clib/printf.c                         0x00000000   Number         0  __printf_flags_ss.o ABSOLUTE
    ../clib/printf.c                         0x00000000   Number         0  __printf_wp.o ABSOLUTE
    ../clib/printf.c                         0x00000000   Number         0  __printf_flags_wp.o ABSOLUTE
    ../clib/printf.c                         0x00000000   Number         0  __printf_ss_wp.o ABSOLUTE
    ../clib/printf.c                         0x00000000   Number         0  __printf_flags_ss_wp.o ABSOLUTE
    ../clib/printf.c                         0x00000000   Number         0  _printf_intcommon.o ABSOLUTE
    ../clib/printf.c                         0x00000000   Number         0  _printf_char_common.o ABSOLUTE
    ../clib/printf.c                         0x00000000   Number         0  _sputc.o ABSOLUTE
    ../clib/printf.c                         0x00000000   Number         0  __printf_nopercent.o ABSOLUTE
    ../clib/printf_percent.s                 0x00000000   Number         0  _printf_u.o ABSOLUTE
    ../clib/printf_percent.s                 0x00000000   Number         0  _printf_percent.o ABSOLUTE
    ../clib/printf_percent.s                 0x00000000   Number         0  _printf_percent_end.o ABSOLUTE
    ../clib/signal.c                         0x00000000   Number         0  defsig_fpe_outer.o ABSOLUTE
    ../clib/signal.c                         0x00000000   Number         0  defsig_fpe_formal.o ABSOLUTE
    ../clib/signal.c                         0x00000000   Number         0  defsig_exit.o ABSOLUTE
    ../clib/signal.c                         0x00000000   Number         0  defsig_fpe_inner.o ABSOLUTE
    ../clib/signal.c                         0x00000000   Number         0  __raise.o ABSOLUTE
    ../clib/signal.c                         0x00000000   Number         0  defsig_general.o ABSOLUTE
    ../clib/signal.c                         0x00000000   Number         0  defsig_abrt_inner.o ABSOLUTE
    ../clib/signal.c                         0x00000000   Number         0  defsig_rtred_inner.o ABSOLUTE
    ../clib/signal.c                         0x00000000   Number         0  defsig_rtmem_inner.o ABSOLUTE
    ../clib/signal.c                         0x00000000   Number         0  defsig_rtmem_outer.o ABSOLUTE
    ../clib/signal.c                         0x00000000   Number         0  defsig_rtmem_formal.o ABSOLUTE
    ../clib/signal.c                         0x00000000   Number         0  defsig_stak_inner.o ABSOLUTE
    ../clib/signal.c                         0x00000000   Number         0  defsig_pvfn_inner.o ABSOLUTE
    ../clib/signal.c                         0x00000000   Number         0  defsig_cppl_inner.o ABSOLUTE
    ../clib/signal.c                         0x00000000   Number         0  defsig_segv_inner.o ABSOLUTE
    ../clib/signal.c                         0x00000000   Number         0  defsig_other.o ABSOLUTE
    ../clib/signal.s                         0x00000000   Number         0  defsig.o ABSOLUTE
    ../clib/stdlib.c                         0x00000000   Number         0  exit.o ABSOLUTE
    ../fplib/cfplib/fpinit.c                 0x00000000   Number         0  fpinit.o ABSOLUTE
    Keyboard.c                               0x00000000   Number         0  keyboard.o ABSOLUTE
    OLED_ShowFreq.c                          0x00000000   Number         0  oled_showfreq.o ABSOLUTE
    StrAppend.c                              0x00000000   Number         0  strappend.o ABSOLUTE
    U32ToStr.c                               0x00000000   Number         0  u32tostr.o ABSOLUTE
    dc.s                                     0x00000000   Number         0  dc.o ABSOLUTE
    delay.c                                  0x00000000   Number         0  delay.o ABSOLUTE
    dl_adc12.c                               0x00000000   Number         0  dl_adc12.o ABSOLUTE
    dl_aes.c                                 0x00000000   Number         0  dl_aes.o ABSOLUTE
    dl_aesadv.c                              0x00000000   Number         0  dl_aesadv.o ABSOLUTE
    dl_common.c                              0x00000000   Number         0  dl_common.o ABSOLUTE
    dl_comp.c                                0x00000000   Number         0  dl_comp.o ABSOLUTE
    dl_crc.c                                 0x00000000   Number         0  dl_crc.o ABSOLUTE
    dl_crcp.c                                0x00000000   Number         0  dl_crcp.o ABSOLUTE
    dl_dac12.c                               0x00000000   Number         0  dl_dac12.o ABSOLUTE
    dl_dma.c                                 0x00000000   Number         0  dl_dma.o ABSOLUTE
    dl_factoryregion.c                       0x00000000   Number         0  dl_factoryregion.o ABSOLUTE
    dl_flashctl.c                            0x00000000   Number         0  dl_flashctl.o ABSOLUTE
    dl_gpamp.c                               0x00000000   Number         0  dl_gpamp.o ABSOLUTE
    dl_gpio.c                                0x00000000   Number         0  dl_gpio.o ABSOLUTE
    dl_i2c.c                                 0x00000000   Number         0  dl_i2c.o ABSOLUTE
    dl_i2s.c                                 0x00000000   Number         0  dl_i2s.o ABSOLUTE
    dl_interrupt.c                           0x00000000   Number         0  dl_interrupt.o ABSOLUTE
    dl_iwdt.c                                0x00000000   Number         0  dl_iwdt.o ABSOLUTE
    dl_keystorectl.c                         0x00000000   Number         0  dl_keystorectl.o ABSOLUTE
    dl_lcd.c                                 0x00000000   Number         0  dl_lcd.o ABSOLUTE
    dl_lfss.c                                0x00000000   Number         0  dl_lfss.o ABSOLUTE
    dl_mathacl.c                             0x00000000   Number         0  dl_mathacl.o ABSOLUTE
    dl_mcan.c                                0x00000000   Number         0  dl_mcan.o ABSOLUTE
    dl_npu.c                                 0x00000000   Number         0  dl_npu.o ABSOLUTE
    dl_opa.c                                 0x00000000   Number         0  dl_opa.o ABSOLUTE
    dl_rtc.c                                 0x00000000   Number         0  dl_rtc.o ABSOLUTE
    dl_rtc_a.c                               0x00000000   Number         0  dl_rtc_a.o ABSOLUTE
    dl_rtc_b.c                               0x00000000   Number         0  dl_rtc_b.o ABSOLUTE
    dl_rtc_common.c                          0x00000000   Number         0  dl_rtc_common.o ABSOLUTE
    dl_scratchpad.c                          0x00000000   Number         0  dl_scratchpad.o ABSOLUTE
    dl_spgss.c                               0x00000000   Number         0  dl_spgss.o ABSOLUTE
    dl_spi.c                                 0x00000000   Number         0  dl_spi.o ABSOLUTE
    dl_sysctl_mspm0gx51x.c                   0x00000000   Number         0  dl_sysctl_mspm0gx51x.o ABSOLUTE
    dl_tamperio.c                            0x00000000   Number         0  dl_tamperio.o ABSOLUTE
    dl_timer.c                               0x00000000   Number         0  dl_timer.o ABSOLUTE
    dl_timera.c                              0x00000000   Number         0  dl_timera.o ABSOLUTE
    dl_timerb.c                              0x00000000   Number         0  dl_timerb.o ABSOLUTE
    dl_timerg.c                              0x00000000   Number         0  dl_timerg.o ABSOLUTE
    dl_trng.c                                0x00000000   Number         0  dl_trng.o ABSOLUTE
    dl_uart.c                                0x00000000   Number         0  dl_uart.o ABSOLUTE
    dl_unicomm.c                             0x00000000   Number         0  dl_unicomm.o ABSOLUTE
    dl_unicommi2cc.c                         0x00000000   Number         0  dl_unicommi2cc.o ABSOLUTE
    dl_unicommi2ct.c                         0x00000000   Number         0  dl_unicommi2ct.o ABSOLUTE
    dl_unicommspi.c                          0x00000000   Number         0  dl_unicommspi.o ABSOLUTE
    dl_unicommuart.c                         0x00000000   Number         0  dl_unicommuart.o ABSOLUTE
    dl_vref.c                                0x00000000   Number         0  dl_vref.o ABSOLUTE
    dl_wwdt.c                                0x00000000   Number         0  dl_wwdt.o ABSOLUTE
    main.c                                   0x00000000   Number         0  main.o ABSOLUTE
    oled_spi_V0.2.c                          0x00000000   Number         0  oled_spi_v0.2.o ABSOLUTE
    startup_mspm0g351x_uvision.s             0x00000000   Number         0  startup_mspm0g351x_uvision.o ABSOLUTE
    ti_msp_dl_config.c                       0x00000000   Number         0  ti_msp_dl_config.o ABSOLUTE
    w25q64_spi.c                             0x00000000   Number         0  w25q64_spi.o ABSOLUTE
    RESET                                    0x00000000   Section      192  startup_mspm0g351x_uvision.o(RESET)
    !!!main                                  0x000000c0   Section        8  __main.o(!!!main)
    !!!scatter                               0x000000c8   Section       84  __scatter.o(!!!scatter)
    !!handler_copy                           0x00000120   Section       26  __scatter_copy.o(!!handler_copy)
    !!handler_null                           0x00000140   Section        2  __scatter.o(!!handler_null)
    !!handler_zi                             0x00000148   Section       28  __scatter_zi.o(!!handler_zi)
    .ARM.Collect$$_printf_percent$$00000000  0x00000164   Section        2  _printf_percent.o(.ARM.Collect$$_printf_percent$$00000000)
    .ARM.Collect$$_printf_percent$$0000000A  0x00000166   Section       10  _printf_u.o(.ARM.Collect$$_printf_percent$$0000000A)
    .ARM.Collect$$_printf_percent$$00000017  0x00000170   Section        4  _printf_percent_end.o(.ARM.Collect$$_printf_percent$$00000017)
    .ARM.Collect$$libinit$$00000000          0x00000174   Section        2  libinit.o(.ARM.Collect$$libinit$$00000000)
    .ARM.Collect$$libinit$$00000002          0x00000176   Section        0  libinit2.o(.ARM.Collect$$libinit$$00000002)
    .ARM.Collect$$libinit$$00000004          0x00000176   Section        0  libinit2.o(.ARM.Collect$$libinit$$00000004)
    .ARM.Collect$$libinit$$00000006          0x00000176   Section        0  libinit2.o(.ARM.Collect$$libinit$$00000006)
    .ARM.Collect$$libinit$$0000000C          0x00000176   Section        0  libinit2.o(.ARM.Collect$$libinit$$0000000C)
    .ARM.Collect$$libinit$$0000000E          0x00000176   Section        0  libinit2.o(.ARM.Collect$$libinit$$0000000E)
    .ARM.Collect$$libinit$$00000010          0x00000176   Section        0  libinit2.o(.ARM.Collect$$libinit$$00000010)
    .ARM.Collect$$libinit$$00000013          0x00000176   Section        0  libinit2.o(.ARM.Collect$$libinit$$00000013)
    .ARM.Collect$$libinit$$00000015          0x00000176   Section        0  libinit2.o(.ARM.Collect$$libinit$$00000015)
    .ARM.Collect$$libinit$$00000017          0x00000176   Section        0  libinit2.o(.ARM.Collect$$libinit$$00000017)
    .ARM.Collect$$libinit$$00000019          0x00000176   Section        0  libinit2.o(.ARM.Collect$$libinit$$00000019)
    .ARM.Collect$$libinit$$0000001B          0x00000176   Section        0  libinit2.o(.ARM.Collect$$libinit$$0000001B)
    .ARM.Collect$$libinit$$0000001D          0x00000176   Section        0  libinit2.o(.ARM.Collect$$libinit$$0000001D)
    .ARM.Collect$$libinit$$0000001F          0x00000176   Section        0  libinit2.o(.ARM.Collect$$libinit$$0000001F)
    .ARM.Collect$$libinit$$00000021          0x00000176   Section        0  libinit2.o(.ARM.Collect$$libinit$$00000021)
    .ARM.Collect$$libinit$$00000023          0x00000176   Section        0  libinit2.o(.ARM.Collect$$libinit$$00000023)
    .ARM.Collect$$libinit$$00000025          0x00000176   Section        0  libinit2.o(.ARM.Collect$$libinit$$00000025)
    .ARM.Collect$$libinit$$00000027          0x00000176   Section        0  libinit2.o(.ARM.Collect$$libinit$$00000027)
    .ARM.Collect$$libinit$$0000002E          0x00000176   Section        0  libinit2.o(.ARM.Collect$$libinit$$0000002E)
    .ARM.Collect$$libinit$$00000030          0x00000176   Section        0  libinit2.o(.ARM.Collect$$libinit$$00000030)
    .ARM.Collect$$libinit$$00000032          0x00000176   Section        0  libinit2.o(.ARM.Collect$$libinit$$00000032)
    .ARM.Collect$$libinit$$00000034          0x00000176   Section        0  libinit2.o(.ARM.Collect$$libinit$$00000034)
    .ARM.Collect$$libinit$$00000035          0x00000176   Section        2  libinit2.o(.ARM.Collect$$libinit$$00000035)
    .ARM.Collect$$libshutdown$$00000000      0x00000178   Section        2  libshutdown.o(.ARM.Collect$$libshutdown$$00000000)
    .ARM.Collect$$libshutdown$$00000002      0x0000017a   Section        0  libshutdown2.o(.ARM.Collect$$libshutdown$$00000002)
    .ARM.Collect$$libshutdown$$00000004      0x0000017a   Section        0  libshutdown2.o(.ARM.Collect$$libshutdown$$00000004)
    .ARM.Collect$$libshutdown$$00000007      0x0000017a   Section        0  libshutdown2.o(.ARM.Collect$$libshutdown$$00000007)
    .ARM.Collect$$libshutdown$$0000000A      0x0000017a   Section        0  libshutdown2.o(.ARM.Collect$$libshutdown$$0000000A)
    .ARM.Collect$$libshutdown$$0000000C      0x0000017a   Section        0  libshutdown2.o(.ARM.Collect$$libshutdown$$0000000C)
    .ARM.Collect$$libshutdown$$0000000F      0x0000017a   Section        0  libshutdown2.o(.ARM.Collect$$libshutdown$$0000000F)
    .ARM.Collect$$libshutdown$$00000010      0x0000017a   Section        2  libshutdown2.o(.ARM.Collect$$libshutdown$$00000010)
    .ARM.Collect$$rtentry$$00000000          0x0000017c   Section        0  __rtentry.o(.ARM.Collect$$rtentry$$00000000)
    .ARM.Collect$$rtentry$$00000002          0x0000017c   Section        0  __rtentry2.o(.ARM.Collect$$rtentry$$00000002)
    .ARM.Collect$$rtentry$$00000004          0x0000017c   Section        6  __rtentry4.o(.ARM.Collect$$rtentry$$00000004)
    .ARM.Collect$$rtentry$$00000009          0x00000182   Section        0  __rtentry2.o(.ARM.Collect$$rtentry$$00000009)
    .ARM.Collect$$rtentry$$0000000A          0x00000182   Section        4  __rtentry2.o(.ARM.Collect$$rtentry$$0000000A)
    .ARM.Collect$$rtentry$$0000000C          0x00000186   Section        0  __rtentry2.o(.ARM.Collect$$rtentry$$0000000C)
    .ARM.Collect$$rtentry$$0000000D          0x00000186   Section        8  __rtentry2.o(.ARM.Collect$$rtentry$$0000000D)
    .ARM.Collect$$rtexit$$00000000           0x0000018e   Section        2  rtexit.o(.ARM.Collect$$rtexit$$00000000)
    .ARM.Collect$$rtexit$$00000002           0x00000190   Section        0  rtexit2.o(.ARM.Collect$$rtexit$$00000002)
    .ARM.Collect$$rtexit$$00000003           0x00000190   Section        4  rtexit2.o(.ARM.Collect$$rtexit$$00000003)
    .ARM.Collect$$rtexit$$00000004           0x00000194   Section        6  rtexit2.o(.ARM.Collect$$rtexit$$00000004)
    .text                                    0x0000019c   Section       44  startup_mspm0g351x_uvision.o(.text)
    .text                                    0x000001c8   Section        0  __2sprintf.o(.text)
    .text                                    0x000001f4   Section        0  __printf.o(.text)
    .text                                    0x00000260   Section        0  _printf_dec.o(.text)
    .text                                    0x000002cc   Section        0  rt_memclr.o(.text)
    .text                                    0x0000030c   Section      504  aeabi_sdivfast.o(.text)
    .text                                    0x00000504   Section        0  heapauxi.o(.text)
    .text                                    0x0000050a   Section        0  _printf_intcommon.o(.text)
    _printf_input_char                       0x000005bd   Thumb Code    10  _printf_char_common.o(.text)
    .text                                    0x000005bc   Section        0  _printf_char_common.o(.text)
    .text                                    0x000005ec   Section        0  _sputc.o(.text)
    .text                                    0x000005f6   Section        0  rtudiv10.o(.text)
    .text                                    0x0000061e   Section       62  sys_stackheap_outer.o(.text)
    .text                                    0x0000065c   Section        0  exit.o(.text)
    .text                                    0x0000066c   Section        8  libspace.o(.text)
    .text                                    0x00000674   Section        0  sys_exit.o(.text)
    .text                                    0x00000680   Section        2  use_no_semi.o(.text)
    .text                                    0x00000682   Section        0  indicate_semi.o(.text)
    [Anonymous Symbol]                       0x00000684   Section        0  dl_adc12.o(.text.DL_ADC12_setClockConfig)
    __arm_cp.0_0                             0x000006bc   Number         4  dl_adc12.o(.text.DL_ADC12_setClockConfig)
    __arm_cp.0_1                             0x000006c0   Number         4  dl_adc12.o(.text.DL_ADC12_setClockConfig)
    [Anonymous Symbol]                       0x000006c4   Section        0  dl_common.o(.text.DL_Common_delayCycles)
    [Anonymous Symbol]                       0x000006d0   Section        0  dl_dac12.o(.text.DL_DAC12_init)
    __arm_cp.0_0                             0x0000073c   Number         4  dl_dac12.o(.text.DL_DAC12_init)
    __arm_cp.0_1                             0x00000740   Number         4  dl_dac12.o(.text.DL_DAC12_init)
    __arm_cp.0_2                             0x00000744   Number         4  dl_dac12.o(.text.DL_DAC12_init)
    __arm_cp.0_3                             0x00000748   Number         4  dl_dac12.o(.text.DL_DAC12_init)
    __arm_cp.0_4                             0x0000074c   Number         4  dl_dac12.o(.text.DL_DAC12_init)
    __arm_cp.0_5                             0x00000750   Number         4  dl_dac12.o(.text.DL_DAC12_init)
    __arm_cp.0_6                             0x00000754   Number         4  dl_dac12.o(.text.DL_DAC12_init)
    __arm_cp.0_7                             0x00000758   Number         4  dl_dac12.o(.text.DL_DAC12_init)
    [Anonymous Symbol]                       0x0000075c   Section        0  dl_dma.o(.text.DL_DMA_initChannel)
    __arm_cp.0_0                             0x0000079c   Number         4  dl_dma.o(.text.DL_DMA_initChannel)
    [Anonymous Symbol]                       0x000007a0   Section        0  dl_factoryregion.o(.text.DL_FactoryRegion_initTrimTable)
    __arm_cp.0_0                             0x000007ec   Number         4  dl_factoryregion.o(.text.DL_FactoryRegion_initTrimTable)
    __arm_cp.0_1                             0x000007f0   Number         4  dl_factoryregion.o(.text.DL_FactoryRegion_initTrimTable)
    [Anonymous Symbol]                       0x000007f4   Section        0  dl_spi.o(.text.DL_SPI_init)
    __arm_cp.0_0                             0x00000830   Number         4  dl_spi.o(.text.DL_SPI_init)
    __arm_cp.0_1                             0x00000834   Number         4  dl_spi.o(.text.DL_SPI_init)
    [Anonymous Symbol]                       0x00000838   Section        0  dl_spi.o(.text.DL_SPI_setClockConfig)
    [Anonymous Symbol]                       0x0000084c   Section        0  dl_sysctl_mspm0gx51x.o(.text.DL_SYSCTL_configSYSPLL)
    __arm_cp.0_0                             0x0000093c   Number         4  dl_sysctl_mspm0gx51x.o(.text.DL_SYSCTL_configSYSPLL)
    __arm_cp.0_4                             0x00000940   Number         4  dl_sysctl_mspm0gx51x.o(.text.DL_SYSCTL_configSYSPLL)
    __arm_cp.0_5                             0x00000944   Number         4  dl_sysctl_mspm0gx51x.o(.text.DL_SYSCTL_configSYSPLL)
    __arm_cp.0_6                             0x00000948   Number         4  dl_sysctl_mspm0gx51x.o(.text.DL_SYSCTL_configSYSPLL)
    [Anonymous Symbol]                       0x0000094c   Section        0  dl_sysctl_mspm0gx51x.o(.text.DL_SYSCTL_setHFCLKSourceHFXTParams)
    __arm_cp.7_0                             0x000009cc   Number         4  dl_sysctl_mspm0gx51x.o(.text.DL_SYSCTL_setHFCLKSourceHFXTParams)
    __arm_cp.7_1                             0x000009d0   Number         4  dl_sysctl_mspm0gx51x.o(.text.DL_SYSCTL_setHFCLKSourceHFXTParams)
    __arm_cp.7_2                             0x000009d4   Number         4  dl_sysctl_mspm0gx51x.o(.text.DL_SYSCTL_setHFCLKSourceHFXTParams)
    [Anonymous Symbol]                       0x000009d8   Section        0  dl_sysctl_mspm0gx51x.o(.text.DL_SYSCTL_switchMCLKfromSYSOSCtoHSCLK)
    __arm_cp.4_0                             0x00000a20   Number         4  dl_sysctl_mspm0gx51x.o(.text.DL_SYSCTL_switchMCLKfromSYSOSCtoHSCLK)
    __arm_cp.4_1                             0x00000a24   Number         4  dl_sysctl_mspm0gx51x.o(.text.DL_SYSCTL_switchMCLKfromSYSOSCtoHSCLK)
    [Anonymous Symbol]                       0x00000a28   Section        0  dl_timer.o(.text.DL_Timer_initTimerMode)
    __arm_cp.2_0                             0x00000b1c   Number         4  dl_timer.o(.text.DL_Timer_initTimerMode)
    __arm_cp.2_1                             0x00000b20   Number         4  dl_timer.o(.text.DL_Timer_initTimerMode)
    __arm_cp.2_2                             0x00000b24   Number         4  dl_timer.o(.text.DL_Timer_initTimerMode)
    __arm_cp.2_3                             0x00000b28   Number         4  dl_timer.o(.text.DL_Timer_initTimerMode)
    __arm_cp.2_4                             0x00000b2c   Number         4  dl_timer.o(.text.DL_Timer_initTimerMode)
    [Anonymous Symbol]                       0x00000b30   Section        0  dl_timer.o(.text.DL_Timer_setClockConfig)
    __arm_cp.0_0                             0x00000b48   Number         4  dl_timer.o(.text.DL_Timer_setClockConfig)
    [Anonymous Symbol]                       0x00000b4c   Section        0  dl_uart.o(.text.DL_UART_init)
    __arm_cp.0_0                             0x00000b8c   Number         4  dl_uart.o(.text.DL_UART_init)
    __arm_cp.0_1                             0x00000b90   Number         4  dl_uart.o(.text.DL_UART_init)
    [Anonymous Symbol]                       0x00000b94   Section        0  dl_uart.o(.text.DL_UART_setClockConfig)
    [Anonymous Symbol]                       0x00000ba8   Section        0  dl_uart.o(.text.DL_UART_transmitDataBlocking)
    __arm_cp.7_0                             0x00000be0   Number         4  dl_uart.o(.text.DL_UART_transmitDataBlocking)
    [Anonymous Symbol]                       0x00000be4   Section        0  oled_spi_v0.2.o(.text.OLED_Clear)
    __arm_cp.4_2                             0x00000d48   Number         4  oled_spi_v0.2.o(.text.OLED_Clear)
    [Anonymous Symbol]                       0x00000d4c   Section        0  oled_spi_v0.2.o(.text.OLED_DrawBMP)
    [Anonymous Symbol]                       0x00000f4c   Section        0  oled_spi_v0.2.o(.text.OLED_Init)
    __arm_cp.18_4                            0x00000f7c   Number         4  oled_spi_v0.2.o(.text.OLED_Init)
    __arm_cp.18_5                            0x00000f80   Number         4  oled_spi_v0.2.o(.text.OLED_Init)
    __arm_cp.18_6                            0x00000f84   Number         4  oled_spi_v0.2.o(.text.OLED_Init)
    __arm_cp.18_7                            0x00000f88   Number         4  oled_spi_v0.2.o(.text.OLED_Init)
    [Anonymous Symbol]                       0x0000170c   Section        0  oled_spi_v0.2.o(.text.OLED_ShowChar)
    __arm_cp.5_0                             0x0000195c   Number         4  oled_spi_v0.2.o(.text.OLED_ShowChar)
    __arm_cp.5_1                             0x00001960   Number         4  oled_spi_v0.2.o(.text.OLED_ShowChar)
    __arm_cp.5_2                             0x00001964   Number         4  oled_spi_v0.2.o(.text.OLED_ShowChar)
    [Anonymous Symbol]                       0x00001968   Section        0  oled_spi_v0.2.o(.text.OLED_ShowNum)
    __arm_cp.7_0                             0x00001a34   Number         4  oled_spi_v0.2.o(.text.OLED_ShowNum)
    [Anonymous Symbol]                       0x00001a38   Section        0  oled_spi_v0.2.o(.text.OLED_ShowString)
    [Anonymous Symbol]                       0x00001a80   Section        0  ti_msp_dl_config.o(.text.SYSCFG_DL_ADC12_0_init)
    __arm_cp.11_0                            0x00001ad8   Number         4  ti_msp_dl_config.o(.text.SYSCFG_DL_ADC12_0_init)
    __arm_cp.11_1                            0x00001adc   Number         4  ti_msp_dl_config.o(.text.SYSCFG_DL_ADC12_0_init)
    __arm_cp.11_2                            0x00001ae0   Number         4  ti_msp_dl_config.o(.text.SYSCFG_DL_ADC12_0_init)
    __arm_cp.11_3                            0x00001ae4   Number         4  ti_msp_dl_config.o(.text.SYSCFG_DL_ADC12_0_init)
    __arm_cp.11_4                            0x00001ae8   Number         4  ti_msp_dl_config.o(.text.SYSCFG_DL_ADC12_0_init)
    __arm_cp.11_5                            0x00001aec   Number         4  ti_msp_dl_config.o(.text.SYSCFG_DL_ADC12_0_init)
    __arm_cp.11_6                            0x00001af0   Number         4  ti_msp_dl_config.o(.text.SYSCFG_DL_ADC12_0_init)
    [Anonymous Symbol]                       0x00001af4   Section        0  ti_msp_dl_config.o(.text.SYSCFG_DL_DAC12_init)
    __arm_cp.14_0                            0x00001b10   Number         4  ti_msp_dl_config.o(.text.SYSCFG_DL_DAC12_init)
    __arm_cp.14_1                            0x00001b14   Number         4  ti_msp_dl_config.o(.text.SYSCFG_DL_DAC12_init)
    __arm_cp.14_2                            0x00001b18   Number         4  ti_msp_dl_config.o(.text.SYSCFG_DL_DAC12_init)
    __arm_cp.14_3                            0x00001b1c   Number         4  ti_msp_dl_config.o(.text.SYSCFG_DL_DAC12_init)
    [Anonymous Symbol]                       0x00001b20   Section        0  ti_msp_dl_config.o(.text.SYSCFG_DL_DMA_ADC_CH1_init)
    __arm_cp.17_2                            0x00001b3c   Number         4  ti_msp_dl_config.o(.text.SYSCFG_DL_DMA_ADC_CH1_init)
    [Anonymous Symbol]                       0x00001b40   Section        0  ti_msp_dl_config.o(.text.SYSCFG_DL_DMA_DAC_CH0_init)
    __arm_cp.18_0                            0x00001b5c   Number         4  ti_msp_dl_config.o(.text.SYSCFG_DL_DMA_DAC_CH0_init)
    __arm_cp.18_1                            0x00001b60   Number         4  ti_msp_dl_config.o(.text.SYSCFG_DL_DMA_DAC_CH0_init)
    __arm_cp.18_2                            0x00001b64   Number         4  ti_msp_dl_config.o(.text.SYSCFG_DL_DMA_DAC_CH0_init)
    [Anonymous Symbol]                       0x00001b68   Section        0  ti_msp_dl_config.o(.text.SYSCFG_DL_DMA_init)
    [Anonymous Symbol]                       0x00001b74   Section        0  ti_msp_dl_config.o(.text.SYSCFG_DL_GPIO_init)
    __arm_cp.2_0                             0x00001c80   Number         4  ti_msp_dl_config.o(.text.SYSCFG_DL_GPIO_init)
    __arm_cp.2_1                             0x00001c84   Number         4  ti_msp_dl_config.o(.text.SYSCFG_DL_GPIO_init)
    __arm_cp.2_2                             0x00001c88   Number         4  ti_msp_dl_config.o(.text.SYSCFG_DL_GPIO_init)
    __arm_cp.2_3                             0x00001c8c   Number         4  ti_msp_dl_config.o(.text.SYSCFG_DL_GPIO_init)
    __arm_cp.2_4                             0x00001c90   Number         4  ti_msp_dl_config.o(.text.SYSCFG_DL_GPIO_init)
    __arm_cp.2_5                             0x00001c94   Number         4  ti_msp_dl_config.o(.text.SYSCFG_DL_GPIO_init)
    __arm_cp.2_6                             0x00001c98   Number         4  ti_msp_dl_config.o(.text.SYSCFG_DL_GPIO_init)
    __arm_cp.2_7                             0x00001c9c   Number         4  ti_msp_dl_config.o(.text.SYSCFG_DL_GPIO_init)
    __arm_cp.2_8                             0x00001ca0   Number         4  ti_msp_dl_config.o(.text.SYSCFG_DL_GPIO_init)
    __arm_cp.2_9                             0x00001ca4   Number         4  ti_msp_dl_config.o(.text.SYSCFG_DL_GPIO_init)
    __arm_cp.2_10                            0x00001ca8   Number         4  ti_msp_dl_config.o(.text.SYSCFG_DL_GPIO_init)
    __arm_cp.2_11                            0x00001cac   Number         4  ti_msp_dl_config.o(.text.SYSCFG_DL_GPIO_init)
    __arm_cp.2_12                            0x00001cb0   Number         4  ti_msp_dl_config.o(.text.SYSCFG_DL_GPIO_init)
    __arm_cp.2_13                            0x00001cb4   Number         4  ti_msp_dl_config.o(.text.SYSCFG_DL_GPIO_init)
    __arm_cp.2_14                            0x00001cb8   Number         4  ti_msp_dl_config.o(.text.SYSCFG_DL_GPIO_init)
    __arm_cp.2_15                            0x00001cbc   Number         4  ti_msp_dl_config.o(.text.SYSCFG_DL_GPIO_init)
    [Anonymous Symbol]                       0x00001cc0   Section        0  ti_msp_dl_config.o(.text.SYSCFG_DL_SPI_0_init)
    __arm_cp.9_0                             0x00001cf8   Number         4  ti_msp_dl_config.o(.text.SYSCFG_DL_SPI_0_init)
    __arm_cp.9_1                             0x00001cfc   Number         4  ti_msp_dl_config.o(.text.SYSCFG_DL_SPI_0_init)
    __arm_cp.9_2                             0x00001d00   Number         4  ti_msp_dl_config.o(.text.SYSCFG_DL_SPI_0_init)
    __arm_cp.9_3                             0x00001d04   Number         4  ti_msp_dl_config.o(.text.SYSCFG_DL_SPI_0_init)
    [Anonymous Symbol]                       0x00001d08   Section        0  ti_msp_dl_config.o(.text.SYSCFG_DL_SPI_1_init)
    __arm_cp.10_0                            0x00001d40   Number         4  ti_msp_dl_config.o(.text.SYSCFG_DL_SPI_1_init)
    __arm_cp.10_1                            0x00001d44   Number         4  ti_msp_dl_config.o(.text.SYSCFG_DL_SPI_1_init)
    __arm_cp.10_2                            0x00001d48   Number         4  ti_msp_dl_config.o(.text.SYSCFG_DL_SPI_1_init)
    __arm_cp.10_3                            0x00001d4c   Number         4  ti_msp_dl_config.o(.text.SYSCFG_DL_SPI_1_init)
    __arm_cp.10_4                            0x00001d50   Number         4  ti_msp_dl_config.o(.text.SYSCFG_DL_SPI_1_init)
    [Anonymous Symbol]                       0x00001d54   Section        0  ti_msp_dl_config.o(.text.SYSCFG_DL_SYSCTL_init)
    __arm_cp.3_0                             0x00001dd8   Number         4  ti_msp_dl_config.o(.text.SYSCFG_DL_SYSCTL_init)
    __arm_cp.3_1                             0x00001ddc   Number         4  ti_msp_dl_config.o(.text.SYSCFG_DL_SYSCTL_init)
    __arm_cp.3_2                             0x00001de0   Number         4  ti_msp_dl_config.o(.text.SYSCFG_DL_SYSCTL_init)
    [Anonymous Symbol]                       0x00001de4   Section        0  ti_msp_dl_config.o(.text.SYSCFG_DL_TIMER_0_init)
    __arm_cp.4_0                             0x00001e18   Number         4  ti_msp_dl_config.o(.text.SYSCFG_DL_TIMER_0_init)
    __arm_cp.4_1                             0x00001e1c   Number         4  ti_msp_dl_config.o(.text.SYSCFG_DL_TIMER_0_init)
    __arm_cp.4_2                             0x00001e20   Number         4  ti_msp_dl_config.o(.text.SYSCFG_DL_TIMER_0_init)
    __arm_cp.4_3                             0x00001e24   Number         4  ti_msp_dl_config.o(.text.SYSCFG_DL_TIMER_0_init)
    __arm_cp.4_4                             0x00001e28   Number         4  ti_msp_dl_config.o(.text.SYSCFG_DL_TIMER_0_init)
    __arm_cp.4_5                             0x00001e2c   Number         4  ti_msp_dl_config.o(.text.SYSCFG_DL_TIMER_0_init)
    [Anonymous Symbol]                       0x00001e30   Section        0  ti_msp_dl_config.o(.text.SYSCFG_DL_TIMER_1_init)
    __arm_cp.5_0                             0x00001e60   Number         4  ti_msp_dl_config.o(.text.SYSCFG_DL_TIMER_1_init)
    __arm_cp.5_1                             0x00001e64   Number         4  ti_msp_dl_config.o(.text.SYSCFG_DL_TIMER_1_init)
    __arm_cp.5_2                             0x00001e68   Number         4  ti_msp_dl_config.o(.text.SYSCFG_DL_TIMER_1_init)
    __arm_cp.5_3                             0x00001e6c   Number         4  ti_msp_dl_config.o(.text.SYSCFG_DL_TIMER_1_init)
    __arm_cp.5_4                             0x00001e70   Number         4  ti_msp_dl_config.o(.text.SYSCFG_DL_TIMER_1_init)
    __arm_cp.5_5                             0x00001e74   Number         4  ti_msp_dl_config.o(.text.SYSCFG_DL_TIMER_1_init)
    [Anonymous Symbol]                       0x00001e78   Section        0  ti_msp_dl_config.o(.text.SYSCFG_DL_TIMER_2_init)
    __arm_cp.6_0                             0x00001e9c   Number         4  ti_msp_dl_config.o(.text.SYSCFG_DL_TIMER_2_init)
    __arm_cp.6_1                             0x00001ea0   Number         4  ti_msp_dl_config.o(.text.SYSCFG_DL_TIMER_2_init)
    __arm_cp.6_2                             0x00001ea4   Number         4  ti_msp_dl_config.o(.text.SYSCFG_DL_TIMER_2_init)
    __arm_cp.6_3                             0x00001ea8   Number         4  ti_msp_dl_config.o(.text.SYSCFG_DL_TIMER_2_init)
    __arm_cp.6_4                             0x00001eac   Number         4  ti_msp_dl_config.o(.text.SYSCFG_DL_TIMER_2_init)
    [Anonymous Symbol]                       0x00001eb0   Section        0  ti_msp_dl_config.o(.text.SYSCFG_DL_TRNG_init)
    __arm_cp.13_0                            0x00001eec   Number         4  ti_msp_dl_config.o(.text.SYSCFG_DL_TRNG_init)
    __arm_cp.13_1                            0x00001ef0   Number         4  ti_msp_dl_config.o(.text.SYSCFG_DL_TRNG_init)
    [Anonymous Symbol]                       0x00001ef4   Section        0  ti_msp_dl_config.o(.text.SYSCFG_DL_UART_COM_init)
    __arm_cp.8_0                             0x00001f40   Number         4  ti_msp_dl_config.o(.text.SYSCFG_DL_UART_COM_init)
    __arm_cp.8_1                             0x00001f44   Number         4  ti_msp_dl_config.o(.text.SYSCFG_DL_UART_COM_init)
    __arm_cp.8_2                             0x00001f48   Number         4  ti_msp_dl_config.o(.text.SYSCFG_DL_UART_COM_init)
    __arm_cp.8_3                             0x00001f4c   Number         4  ti_msp_dl_config.o(.text.SYSCFG_DL_UART_COM_init)
    [Anonymous Symbol]                       0x00001f50   Section        0  ti_msp_dl_config.o(.text.SYSCFG_DL_UART_FPGA_init)
    __arm_cp.7_0                             0x00001f9c   Number         4  ti_msp_dl_config.o(.text.SYSCFG_DL_UART_FPGA_init)
    __arm_cp.7_1                             0x00001fa0   Number         4  ti_msp_dl_config.o(.text.SYSCFG_DL_UART_FPGA_init)
    __arm_cp.7_2                             0x00001fa4   Number         4  ti_msp_dl_config.o(.text.SYSCFG_DL_UART_FPGA_init)
    __arm_cp.7_3                             0x00001fa8   Number         4  ti_msp_dl_config.o(.text.SYSCFG_DL_UART_FPGA_init)
    __arm_cp.7_4                             0x00001fac   Number         4  ti_msp_dl_config.o(.text.SYSCFG_DL_UART_FPGA_init)
    [Anonymous Symbol]                       0x00001fb0   Section        0  ti_msp_dl_config.o(.text.SYSCFG_DL_init)
    __arm_cp.0_0                             0x00002008   Number         4  ti_msp_dl_config.o(.text.SYSCFG_DL_init)
    __arm_cp.0_1                             0x0000200c   Number         4  ti_msp_dl_config.o(.text.SYSCFG_DL_init)
    __arm_cp.0_2                             0x00002010   Number         4  ti_msp_dl_config.o(.text.SYSCFG_DL_init)
    __arm_cp.0_3                             0x00002014   Number         4  ti_msp_dl_config.o(.text.SYSCFG_DL_init)
    __arm_cp.0_4                             0x00002018   Number         4  ti_msp_dl_config.o(.text.SYSCFG_DL_init)
    [Anonymous Symbol]                       0x0000201c   Section        0  ti_msp_dl_config.o(.text.SYSCFG_DL_initPower)
    __arm_cp.1_0                             0x0000208c   Number         4  ti_msp_dl_config.o(.text.SYSCFG_DL_initPower)
    __arm_cp.1_1                             0x00002090   Number         4  ti_msp_dl_config.o(.text.SYSCFG_DL_initPower)
    __arm_cp.1_2                             0x00002094   Number         4  ti_msp_dl_config.o(.text.SYSCFG_DL_initPower)
    __arm_cp.1_3                             0x00002098   Number         4  ti_msp_dl_config.o(.text.SYSCFG_DL_initPower)
    __arm_cp.1_4                             0x0000209c   Number         4  ti_msp_dl_config.o(.text.SYSCFG_DL_initPower)
    __arm_cp.1_5                             0x000020a0   Number         4  ti_msp_dl_config.o(.text.SYSCFG_DL_initPower)
    __arm_cp.1_6                             0x000020a4   Number         4  ti_msp_dl_config.o(.text.SYSCFG_DL_initPower)
    __arm_cp.1_7                             0x000020a8   Number         4  ti_msp_dl_config.o(.text.SYSCFG_DL_initPower)
    __arm_cp.1_8                             0x000020ac   Number         4  ti_msp_dl_config.o(.text.SYSCFG_DL_initPower)
    __arm_cp.1_9                             0x000020b0   Number         4  ti_msp_dl_config.o(.text.SYSCFG_DL_initPower)
    __arm_cp.1_10                            0x000020b4   Number         4  ti_msp_dl_config.o(.text.SYSCFG_DL_initPower)
    __arm_cp.1_11                            0x000020b8   Number         4  ti_msp_dl_config.o(.text.SYSCFG_DL_initPower)
    __arm_cp.1_12                            0x000020bc   Number         4  ti_msp_dl_config.o(.text.SYSCFG_DL_initPower)
    __arm_cp.1_13                            0x000020c0   Number         4  ti_msp_dl_config.o(.text.SYSCFG_DL_initPower)
    __arm_cp.1_14                            0x000020c4   Number         4  ti_msp_dl_config.o(.text.SYSCFG_DL_initPower)
    [Anonymous Symbol]                       0x000020c8   Section        0  w25q64_spi.o(.text.W25Q64_Init)
    [Anonymous Symbol]                       0x000020d4   Section        0  delay.o(.text.delay_ms)
    __arm_cp.1_0                             0x000020e0   Number         4  delay.o(.text.delay_ms)
    [Anonymous Symbol]                       0x000020e4   Section        0  keyboard.o(.text.getKeyValue)
    __arm_cp.1_0                             0x000022e8   Number         4  keyboard.o(.text.getKeyValue)
    __arm_cp.1_1                             0x000022ec   Number         4  keyboard.o(.text.getKeyValue)
    __arm_cp.1_2                             0x000022f0   Number         4  keyboard.o(.text.getKeyValue)
    [Anonymous Symbol]                       0x000022f4   Section        0  main.o(.text.main)
    __arm_cp.1_0                             0x0000253c   Number         4  main.o(.text.main)
    __arm_cp.1_1                             0x00002540   Number         4  main.o(.text.main)
    __arm_cp.1_2                             0x00002544   Number         4  main.o(.text.main)
    __arm_cp.1_3                             0x00002548   Number         4  main.o(.text.main)
    __arm_cp.1_4                             0x0000254c   Number         4  main.o(.text.main)
    __arm_cp.1_5                             0x00002550   Number         4  main.o(.text.main)
    __arm_cp.1_6                             0x00002554   Number         4  main.o(.text.main)
    __arm_cp.1_8                             0x0000255c   Number         4  main.o(.text.main)
    .text_divfast                            0x00002560   Section      502  aeabi_sdivfast.o(.text_divfast)
    gADC12_0ClockConfig                      0x00002cf0   Data           8  ti_msp_dl_config.o(.rodata.gADC12_0ClockConfig)
    [Anonymous Symbol]                       0x00002cf0   Section        0  ti_msp_dl_config.o(.rodata.gADC12_0ClockConfig)
    gDAC12Config                             0x00002cf8   Data          32  ti_msp_dl_config.o(.rodata.gDAC12Config)
    [Anonymous Symbol]                       0x00002cf8   Section        0  ti_msp_dl_config.o(.rodata.gDAC12Config)
    gDMA_ADC_CH1Config                       0x00002d18   Data          24  ti_msp_dl_config.o(.rodata.gDMA_ADC_CH1Config)
    [Anonymous Symbol]                       0x00002d18   Section        0  ti_msp_dl_config.o(.rodata.gDMA_ADC_CH1Config)
    gDMA_DAC_CH0Config                       0x00002d30   Data          24  ti_msp_dl_config.o(.rodata.gDMA_DAC_CH0Config)
    [Anonymous Symbol]                       0x00002d30   Section        0  ti_msp_dl_config.o(.rodata.gDMA_DAC_CH0Config)
    gSPI_0_clockConfig                       0x00002d48   Data           2  ti_msp_dl_config.o(.rodata.gSPI_0_clockConfig)
    [Anonymous Symbol]                       0x00002d48   Section        0  ti_msp_dl_config.o(.rodata.gSPI_0_clockConfig)
    gSPI_0_config                            0x00002d4a   Data          10  ti_msp_dl_config.o(.rodata.gSPI_0_config)
    [Anonymous Symbol]                       0x00002d4a   Section        0  ti_msp_dl_config.o(.rodata.gSPI_0_config)
    gSPI_1_clockConfig                       0x00002d54   Data           2  ti_msp_dl_config.o(.rodata.gSPI_1_clockConfig)
    [Anonymous Symbol]                       0x00002d54   Section        0  ti_msp_dl_config.o(.rodata.gSPI_1_clockConfig)
    gSPI_1_config                            0x00002d56   Data          10  ti_msp_dl_config.o(.rodata.gSPI_1_config)
    [Anonymous Symbol]                       0x00002d56   Section        0  ti_msp_dl_config.o(.rodata.gSPI_1_config)
    gSYSPLLConfig                            0x00002d60   Data          40  ti_msp_dl_config.o(.rodata.gSYSPLLConfig)
    [Anonymous Symbol]                       0x00002d60   Section        0  ti_msp_dl_config.o(.rodata.gSYSPLLConfig)
    gTIMER_0ClockConfig                      0x00002d88   Data           3  ti_msp_dl_config.o(.rodata.gTIMER_0ClockConfig)
    [Anonymous Symbol]                       0x00002d88   Section        0  ti_msp_dl_config.o(.rodata.gTIMER_0ClockConfig)
    gTIMER_0TimerConfig                      0x00002d8c   Data          20  ti_msp_dl_config.o(.rodata.gTIMER_0TimerConfig)
    [Anonymous Symbol]                       0x00002d8c   Section        0  ti_msp_dl_config.o(.rodata.gTIMER_0TimerConfig)
    gTIMER_1ClockConfig                      0x00002da0   Data           3  ti_msp_dl_config.o(.rodata.gTIMER_1ClockConfig)
    [Anonymous Symbol]                       0x00002da0   Section        0  ti_msp_dl_config.o(.rodata.gTIMER_1ClockConfig)
    gTIMER_1TimerConfig                      0x00002da4   Data          20  ti_msp_dl_config.o(.rodata.gTIMER_1TimerConfig)
    [Anonymous Symbol]                       0x00002da4   Section        0  ti_msp_dl_config.o(.rodata.gTIMER_1TimerConfig)
    gTIMER_2ClockConfig                      0x00002db8   Data           3  ti_msp_dl_config.o(.rodata.gTIMER_2ClockConfig)
    [Anonymous Symbol]                       0x00002db8   Section        0  ti_msp_dl_config.o(.rodata.gTIMER_2ClockConfig)
    gTIMER_2TimerConfig                      0x00002dbc   Data          20  ti_msp_dl_config.o(.rodata.gTIMER_2TimerConfig)
    [Anonymous Symbol]                       0x00002dbc   Section        0  ti_msp_dl_config.o(.rodata.gTIMER_2TimerConfig)
    gUART_COMClockConfig                     0x00002dd0   Data           2  ti_msp_dl_config.o(.rodata.gUART_COMClockConfig)
    [Anonymous Symbol]                       0x00002dd0   Section        0  ti_msp_dl_config.o(.rodata.gUART_COMClockConfig)
    gUART_COMConfig                          0x00002dd2   Data          10  ti_msp_dl_config.o(.rodata.gUART_COMConfig)
    [Anonymous Symbol]                       0x00002dd2   Section        0  ti_msp_dl_config.o(.rodata.gUART_COMConfig)
    gUART_FPGAClockConfig                    0x00002ddc   Data           2  ti_msp_dl_config.o(.rodata.gUART_FPGAClockConfig)
    [Anonymous Symbol]                       0x00002ddc   Section        0  ti_msp_dl_config.o(.rodata.gUART_FPGAClockConfig)
    gUART_FPGAConfig                         0x00002dde   Data          10  ti_msp_dl_config.o(.rodata.gUART_FPGAConfig)
    [Anonymous Symbol]                       0x00002dde   Section        0  ti_msp_dl_config.o(.rodata.gUART_FPGAConfig)
    [Anonymous Symbol]                       0x00002de8   Section        0  main.o(.rodata.str1.1)
    .bss                                     0x20200060   Section       96  libspace.o(.bss)
    Heap_Mem                                 0x202006a8   Data           0  startup_mspm0g351x_uvision.o(HEAP)
    Stack_Mem                                0x202006a8   Data        8192  startup_mspm0g351x_uvision.o(STACK)
    HEAP                                     0x202006a8   Section        0  startup_mspm0g351x_uvision.o(HEAP)
    STACK                                    0x202006a8   Section     8192  startup_mspm0g351x_uvision.o(STACK)
    __initial_sp                             0x202026a8   Data           0  startup_mspm0g351x_uvision.o(STACK)

    Global Symbols

    Symbol Name                              Value     Ov Type        Size  Object(Section)

    BuildAttributes$$THM_ISAv3M$S$PE$A:L22$X:L11$S22$IEEE1$IW$~IW$USESV6$~STKCKD$USESV7$~SHL$OTIME$ROPI$EBA8$UX$STANDARDLIB$REQ8$PRES8$EABIv2 0x00000000   Number         0  anon$$obj.o ABSOLUTE
    __Vectors                                0x00000000   Data           4  startup_mspm0g351x_uvision.o(RESET)
    _printf_flags                            0x00000000   Number         0  printf_stubs.o ABSOLUTE
    _printf_return_value                     0x00000000   Number         0  printf_stubs.o ABSOLUTE
    _printf_sizespec                         0x00000000   Number         0  printf_stubs.o ABSOLUTE
    _printf_widthprec                        0x00000000   Number         0  printf_stubs.o ABSOLUTE
    __ARM_exceptions_init                     - Undefined Weak Reference
    __alloca_initialize                       - Undefined Weak Reference
    __arm_preinit_                            - Undefined Weak Reference
    __arm_relocate_pie_                       - Undefined Weak Reference
    __cpp_initialize__aeabi_                  - Undefined Weak Reference
    __cxa_finalize                            - Undefined Weak Reference
    __rt_locale                               - Undefined Weak Reference
    __sigvec_lookup                           - Undefined Weak Reference
    _atexit_init                              - Undefined Weak Reference
    _call_atexit_fns                          - Undefined Weak Reference
    _clock_init                               - Undefined Weak Reference
    _fp_trap_init                             - Undefined Weak Reference
    _fp_trap_shutdown                         - Undefined Weak Reference
    _get_lc_collate                           - Undefined Weak Reference
    _get_lc_ctype                             - Undefined Weak Reference
    _get_lc_monetary                          - Undefined Weak Reference
    _get_lc_numeric                           - Undefined Weak Reference
    _get_lc_time                              - Undefined Weak Reference
    _getenv_init                              - Undefined Weak Reference
    _handle_redirection                       - Undefined Weak Reference
    _init_alloc                               - Undefined Weak Reference
    _init_user_alloc                          - Undefined Weak Reference
    _initio                                   - Undefined Weak Reference
    _printf_post_padding                      - Undefined Weak Reference
    _printf_pre_padding                       - Undefined Weak Reference
    _printf_truncate_signed                   - Undefined Weak Reference
    _printf_truncate_unsigned                 - Undefined Weak Reference
    _rand_init                                - Undefined Weak Reference
    _signal_finish                            - Undefined Weak Reference
    _signal_init                              - Undefined Weak Reference
    _terminate_alloc                          - Undefined Weak Reference
    _terminate_user_alloc                     - Undefined Weak Reference
    _terminateio                              - Undefined Weak Reference
    __Vectors_End                            0x000000c0   Data           0  startup_mspm0g351x_uvision.o(RESET)
    __Vectors_Size                           0x000000c0   Number         0  startup_mspm0g351x_uvision.o ABSOLUTE
    __main                                   0x000000c1   Thumb Code     8  __main.o(!!!main)
    __scatterload                            0x000000c9   Thumb Code     0  __scatter.o(!!!scatter)
    __scatterload_rt2                        0x000000c9   Thumb Code    74  __scatter.o(!!!scatter)
    __scatterload_rt2_thumb_only             0x000000c9   Thumb Code     0  __scatter.o(!!!scatter)
    __scatterload_loop                       0x000000d3   Thumb Code     0  __scatter.o(!!!scatter)
    __scatterload_copy                       0x00000121   Thumb Code    26  __scatter_copy.o(!!handler_copy)
    __scatterload_null                       0x00000141   Thumb Code     2  __scatter.o(!!handler_null)
    __scatterload_zeroinit                   0x00000149   Thumb Code    28  __scatter_zi.o(!!handler_zi)
    _printf_percent                          0x00000165   Thumb Code     0  _printf_percent.o(.ARM.Collect$$_printf_percent$$00000000)
    _printf_u                                0x00000167   Thumb Code     0  _printf_u.o(.ARM.Collect$$_printf_percent$$0000000A)
    _printf_percent_end                      0x00000171   Thumb Code     0  _printf_percent_end.o(.ARM.Collect$$_printf_percent$$00000017)
    __rt_lib_init                            0x00000175   Thumb Code     0  libinit.o(.ARM.Collect$$libinit$$00000000)
    __rt_lib_init_alloca_1                   0x00000177   Thumb Code     0  libinit2.o(.ARM.Collect$$libinit$$00000030)
    __rt_lib_init_argv_1                     0x00000177   Thumb Code     0  libinit2.o(.ARM.Collect$$libinit$$0000002E)
    __rt_lib_init_atexit_1                   0x00000177   Thumb Code     0  libinit2.o(.ARM.Collect$$libinit$$0000001D)
    __rt_lib_init_clock_1                    0x00000177   Thumb Code     0  libinit2.o(.ARM.Collect$$libinit$$00000023)
    __rt_lib_init_cpp_1                      0x00000177   Thumb Code     0  libinit2.o(.ARM.Collect$$libinit$$00000034)
    __rt_lib_init_exceptions_1               0x00000177   Thumb Code     0  libinit2.o(.ARM.Collect$$libinit$$00000032)
    __rt_lib_init_fp_1                       0x00000177   Thumb Code     0  libinit2.o(.ARM.Collect$$libinit$$00000002)
    __rt_lib_init_fp_trap_1                  0x00000177   Thumb Code     0  libinit2.o(.ARM.Collect$$libinit$$00000021)
    __rt_lib_init_getenv_1                   0x00000177   Thumb Code     0  libinit2.o(.ARM.Collect$$libinit$$00000025)
    __rt_lib_init_heap_1                     0x00000177   Thumb Code     0  libinit2.o(.ARM.Collect$$libinit$$0000000C)
    __rt_lib_init_lc_collate_1               0x00000177   Thumb Code     0  libinit2.o(.ARM.Collect$$libinit$$00000013)
    __rt_lib_init_lc_ctype_1                 0x00000177   Thumb Code     0  libinit2.o(.ARM.Collect$$libinit$$00000015)
    __rt_lib_init_lc_monetary_1              0x00000177   Thumb Code     0  libinit2.o(.ARM.Collect$$libinit$$00000017)
    __rt_lib_init_lc_numeric_1               0x00000177   Thumb Code     0  libinit2.o(.ARM.Collect$$libinit$$00000019)
    __rt_lib_init_lc_time_1                  0x00000177   Thumb Code     0  libinit2.o(.ARM.Collect$$libinit$$0000001B)
    __rt_lib_init_preinit_1                  0x00000177   Thumb Code     0  libinit2.o(.ARM.Collect$$libinit$$00000006)
    __rt_lib_init_rand_1                     0x00000177   Thumb Code     0  libinit2.o(.ARM.Collect$$libinit$$00000010)
    __rt_lib_init_relocate_pie_1             0x00000177   Thumb Code     0  libinit2.o(.ARM.Collect$$libinit$$00000004)
    __rt_lib_init_return                     0x00000177   Thumb Code     0  libinit2.o(.ARM.Collect$$libinit$$00000035)
    __rt_lib_init_signal_1                   0x00000177   Thumb Code     0  libinit2.o(.ARM.Collect$$libinit$$0000001F)
    __rt_lib_init_stdio_1                    0x00000177   Thumb Code     0  libinit2.o(.ARM.Collect$$libinit$$00000027)
    __rt_lib_init_user_alloc_1               0x00000177   Thumb Code     0  libinit2.o(.ARM.Collect$$libinit$$0000000E)
    __rt_lib_shutdown                        0x00000179   Thumb Code     0  libshutdown.o(.ARM.Collect$$libshutdown$$00000000)
    __rt_lib_shutdown_cpp_1                  0x0000017b   Thumb Code     0  libshutdown2.o(.ARM.Collect$$libshutdown$$00000002)
    __rt_lib_shutdown_fp_trap_1              0x0000017b   Thumb Code     0  libshutdown2.o(.ARM.Collect$$libshutdown$$00000007)
    __rt_lib_shutdown_heap_1                 0x0000017b   Thumb Code     0  libshutdown2.o(.ARM.Collect$$libshutdown$$0000000F)
    __rt_lib_shutdown_return                 0x0000017b   Thumb Code     0  libshutdown2.o(.ARM.Collect$$libshutdown$$00000010)
    __rt_lib_shutdown_signal_1               0x0000017b   Thumb Code     0  libshutdown2.o(.ARM.Collect$$libshutdown$$0000000A)
    __rt_lib_shutdown_stdio_1                0x0000017b   Thumb Code     0  libshutdown2.o(.ARM.Collect$$libshutdown$$00000004)
    __rt_lib_shutdown_user_alloc_1           0x0000017b   Thumb Code     0  libshutdown2.o(.ARM.Collect$$libshutdown$$0000000C)
    __rt_entry                               0x0000017d   Thumb Code     0  __rtentry.o(.ARM.Collect$$rtentry$$00000000)
    __rt_entry_presh_1                       0x0000017d   Thumb Code     0  __rtentry2.o(.ARM.Collect$$rtentry$$00000002)
    __rt_entry_sh                            0x0000017d   Thumb Code     0  __rtentry4.o(.ARM.Collect$$rtentry$$00000004)
    __rt_entry_li                            0x00000183   Thumb Code     0  __rtentry2.o(.ARM.Collect$$rtentry$$0000000A)
    __rt_entry_postsh_1                      0x00000183   Thumb Code     0  __rtentry2.o(.ARM.Collect$$rtentry$$00000009)
    __rt_entry_main                          0x00000187   Thumb Code     0  __rtentry2.o(.ARM.Collect$$rtentry$$0000000D)
    __rt_entry_postli_1                      0x00000187   Thumb Code     0  __rtentry2.o(.ARM.Collect$$rtentry$$0000000C)
    __rt_exit                                0x0000018f   Thumb Code     0  rtexit.o(.ARM.Collect$$rtexit$$00000000)
    __rt_exit_ls                             0x00000191   Thumb Code     0  rtexit2.o(.ARM.Collect$$rtexit$$00000003)
    __rt_exit_prels_1                        0x00000191   Thumb Code     0  rtexit2.o(.ARM.Collect$$rtexit$$00000002)
    __rt_exit_exit                           0x00000195   Thumb Code     0  rtexit2.o(.ARM.Collect$$rtexit$$00000004)
    Reset_Handler                            0x0000019d   Thumb Code     4  startup_mspm0g351x_uvision.o(.text)
    NMI_Handler                              0x000001a1   Thumb Code     2  startup_mspm0g351x_uvision.o(.text)
    HardFault_Handler                        0x000001a3   Thumb Code     2  startup_mspm0g351x_uvision.o(.text)
    SVC_Handler                              0x000001a5   Thumb Code     2  startup_mspm0g351x_uvision.o(.text)
    PendSV_Handler                           0x000001a7   Thumb Code     2  startup_mspm0g351x_uvision.o(.text)
    SysTick_Handler                          0x000001a9   Thumb Code     2  startup_mspm0g351x_uvision.o(.text)
    ADC0_IRQHandler                          0x000001ab   Thumb Code     0  startup_mspm0g351x_uvision.o(.text)
    ADC1_IRQHandler                          0x000001ab   Thumb Code     0  startup_mspm0g351x_uvision.o(.text)
    AESADV_IRQHandler                        0x000001ab   Thumb Code     0  startup_mspm0g351x_uvision.o(.text)
    CANFD0_IRQHandler                        0x000001ab   Thumb Code     0  startup_mspm0g351x_uvision.o(.text)
    CANFD1_IRQHandler                        0x000001ab   Thumb Code     0  startup_mspm0g351x_uvision.o(.text)
    DAC0_IRQHandler                          0x000001ab   Thumb Code     0  startup_mspm0g351x_uvision.o(.text)
    DMA_IRQHandler                           0x000001ab   Thumb Code     0  startup_mspm0g351x_uvision.o(.text)
    Default_Handler                          0x000001ab   Thumb Code     2  startup_mspm0g351x_uvision.o(.text)
    GROUP0_IRQHandler                        0x000001ab   Thumb Code     0  startup_mspm0g351x_uvision.o(.text)
    GROUP1_IRQHandler                        0x000001ab   Thumb Code     0  startup_mspm0g351x_uvision.o(.text)
    I2C0_IRQHandler                          0x000001ab   Thumb Code     0  startup_mspm0g351x_uvision.o(.text)
    I2C1_IRQHandler                          0x000001ab   Thumb Code     0  startup_mspm0g351x_uvision.o(.text)
    I2C2_IRQHandler                          0x000001ab   Thumb Code     0  startup_mspm0g351x_uvision.o(.text)
    LFSS_IRQHandler                          0x000001ab   Thumb Code     0  startup_mspm0g351x_uvision.o(.text)
    SPI0_IRQHandler                          0x000001ab   Thumb Code     0  startup_mspm0g351x_uvision.o(.text)
    SPI1_IRQHandler                          0x000001ab   Thumb Code     0  startup_mspm0g351x_uvision.o(.text)
    SPI2_IRQHandler                          0x000001ab   Thumb Code     0  startup_mspm0g351x_uvision.o(.text)
    TIMA0_IRQHandler                         0x000001ab   Thumb Code     0  startup_mspm0g351x_uvision.o(.text)
    TIMA1_IRQHandler                         0x000001ab   Thumb Code     0  startup_mspm0g351x_uvision.o(.text)
    TIMG0_IRQHandler                         0x000001ab   Thumb Code     0  startup_mspm0g351x_uvision.o(.text)
    TIMG12_IRQHandler                        0x000001ab   Thumb Code     0  startup_mspm0g351x_uvision.o(.text)
    TIMG14_IRQHandler                        0x000001ab   Thumb Code     0  startup_mspm0g351x_uvision.o(.text)
    TIMG6_IRQHandler                         0x000001ab   Thumb Code     0  startup_mspm0g351x_uvision.o(.text)
    TIMG7_IRQHandler                         0x000001ab   Thumb Code     0  startup_mspm0g351x_uvision.o(.text)
    TIMG8_IRQHandler                         0x000001ab   Thumb Code     0  startup_mspm0g351x_uvision.o(.text)
    TIMG9_IRQHandler                         0x000001ab   Thumb Code     0  startup_mspm0g351x_uvision.o(.text)
    UART0_IRQHandler                         0x000001ab   Thumb Code     0  startup_mspm0g351x_uvision.o(.text)
    UART1_IRQHandler                         0x000001ab   Thumb Code     0  startup_mspm0g351x_uvision.o(.text)
    UART3_IRQHandler                         0x000001ab   Thumb Code     0  startup_mspm0g351x_uvision.o(.text)
    UART4_IRQHandler                         0x000001ab   Thumb Code     0  startup_mspm0g351x_uvision.o(.text)
    UART5_IRQHandler                         0x000001ab   Thumb Code     0  startup_mspm0g351x_uvision.o(.text)
    UART6_IRQHandler                         0x000001ab   Thumb Code     0  startup_mspm0g351x_uvision.o(.text)
    UART7_IRQHandler                         0x000001ab   Thumb Code     0  startup_mspm0g351x_uvision.o(.text)
    __user_initial_stackheap                 0x000001ad   Thumb Code    10  startup_mspm0g351x_uvision.o(.text)
    __2sprintf                               0x000001c9   Thumb Code    40  __2sprintf.o(.text)
    __printf                                 0x000001f5   Thumb Code   108  __printf.o(.text)
    _printf_int_dec                          0x00000261   Thumb Code    90  _printf_dec.o(.text)
    _memset_w                                0x000002cd   Thumb Code    26  rt_memclr.o(.text)
    _memset                                  0x000002e7   Thumb Code    30  rt_memclr.o(.text)
    __aeabi_memclr                           0x00000305   Thumb Code     4  rt_memclr.o(.text)
    __rt_memclr                              0x00000305   Thumb Code     0  rt_memclr.o(.text)
    __aeabi_memclr4                          0x00000309   Thumb Code     0  rt_memclr.o(.text)
    __aeabi_memclr8                          0x00000309   Thumb Code     0  rt_memclr.o(.text)
    __rt_memclr_w                            0x00000309   Thumb Code     4  rt_memclr.o(.text)
    __aeabi_uidivmod                         0x0000030d   Thumb Code    28  aeabi_sdivfast.o(.text)
    __aeabi_idivmod                          0x00000329   Thumb Code   472  aeabi_sdivfast.o(.text)
    __use_two_region_memory                  0x00000505   Thumb Code     2  heapauxi.o(.text)
    __rt_heap_escrow$2region                 0x00000507   Thumb Code     2  heapauxi.o(.text)
    __rt_heap_expand$2region                 0x00000509   Thumb Code     2  heapauxi.o(.text)
    _printf_int_common                       0x0000050b   Thumb Code   176  _printf_intcommon.o(.text)
    _printf_char_common                      0x000005c7   Thumb Code    32  _printf_char_common.o(.text)
    _sputc                                   0x000005ed   Thumb Code    10  _sputc.o(.text)
    __rt_udiv10                              0x000005f7   Thumb Code    40  rtudiv10.o(.text)
    __user_setup_stackheap                   0x0000061f   Thumb Code    62  sys_stackheap_outer.o(.text)
    exit                                     0x0000065d   Thumb Code    16  exit.o(.text)
    __user_libspace                          0x0000066d   Thumb Code     8  libspace.o(.text)
    __user_perproc_libspace                  0x0000066d   Thumb Code     0  libspace.o(.text)
    __user_perthread_libspace                0x0000066d   Thumb Code     0  libspace.o(.text)
    _sys_exit                                0x00000675   Thumb Code     8  sys_exit.o(.text)
    __I$use$semihosting                      0x00000681   Thumb Code     0  use_no_semi.o(.text)
    __use_no_semihosting_swi                 0x00000681   Thumb Code     2  use_no_semi.o(.text)
    __semihosting_library_function           0x00000683   Thumb Code     0  indicate_semi.o(.text)
    DL_ADC12_setClockConfig                  0x00000685   Thumb Code    56  dl_adc12.o(.text.DL_ADC12_setClockConfig)
    DL_Common_delayCycles                    0x000006c5   Thumb Code    10  dl_common.o(.text.DL_Common_delayCycles)
    DL_DAC12_init                            0x000006d1   Thumb Code   108  dl_dac12.o(.text.DL_DAC12_init)
    DL_DMA_initChannel                       0x0000075d   Thumb Code    64  dl_dma.o(.text.DL_DMA_initChannel)
    DL_FactoryRegion_initTrimTable           0x000007a1   Thumb Code    76  dl_factoryregion.o(.text.DL_FactoryRegion_initTrimTable)
    DL_SPI_init                              0x000007f5   Thumb Code    60  dl_spi.o(.text.DL_SPI_init)
    DL_SPI_setClockConfig                    0x00000839   Thumb Code    18  dl_spi.o(.text.DL_SPI_setClockConfig)
    DL_SYSCTL_configSYSPLL                   0x0000084d   Thumb Code   240  dl_sysctl_mspm0gx51x.o(.text.DL_SYSCTL_configSYSPLL)
    DL_SYSCTL_setHFCLKSourceHFXTParams       0x0000094d   Thumb Code   128  dl_sysctl_mspm0gx51x.o(.text.DL_SYSCTL_setHFCLKSourceHFXTParams)
    DL_SYSCTL_switchMCLKfromSYSOSCtoHSCLK    0x000009d9   Thumb Code    72  dl_sysctl_mspm0gx51x.o(.text.DL_SYSCTL_switchMCLKfromSYSOSCtoHSCLK)
    DL_Timer_initTimerMode                   0x00000a29   Thumb Code   244  dl_timer.o(.text.DL_Timer_initTimerMode)
    DL_Timer_setClockConfig                  0x00000b31   Thumb Code    24  dl_timer.o(.text.DL_Timer_setClockConfig)
    DL_UART_init                             0x00000b4d   Thumb Code    64  dl_uart.o(.text.DL_UART_init)
    DL_UART_setClockConfig                   0x00000b95   Thumb Code    18  dl_uart.o(.text.DL_UART_setClockConfig)
    DL_UART_transmitDataBlocking             0x00000ba9   Thumb Code    56  dl_uart.o(.text.DL_UART_transmitDataBlocking)
    OLED_Clear                               0x00000be5   Thumb Code   356  oled_spi_v0.2.o(.text.OLED_Clear)
    OLED_DrawBMP                             0x00000d4d   Thumb Code   512  oled_spi_v0.2.o(.text.OLED_DrawBMP)
    OLED_Init                                0x00000f4d   Thumb Code  1984  oled_spi_v0.2.o(.text.OLED_Init)
    OLED_ShowChar                            0x0000170d   Thumb Code   592  oled_spi_v0.2.o(.text.OLED_ShowChar)
    OLED_ShowNum                             0x00001969   Thumb Code   204  oled_spi_v0.2.o(.text.OLED_ShowNum)
    OLED_ShowString                          0x00001a39   Thumb Code    70  oled_spi_v0.2.o(.text.OLED_ShowString)
    SYSCFG_DL_ADC12_0_init                   0x00001a81   Thumb Code    88  ti_msp_dl_config.o(.text.SYSCFG_DL_ADC12_0_init)
    SYSCFG_DL_DAC12_init                     0x00001af5   Thumb Code    28  ti_msp_dl_config.o(.text.SYSCFG_DL_DAC12_init)
    SYSCFG_DL_DMA_ADC_CH1_init               0x00001b21   Thumb Code    28  ti_msp_dl_config.o(.text.SYSCFG_DL_DMA_ADC_CH1_init)
    SYSCFG_DL_DMA_DAC_CH0_init               0x00001b41   Thumb Code    28  ti_msp_dl_config.o(.text.SYSCFG_DL_DMA_DAC_CH0_init)
    SYSCFG_DL_DMA_init                       0x00001b69   Thumb Code    12  ti_msp_dl_config.o(.text.SYSCFG_DL_DMA_init)
    SYSCFG_DL_GPIO_init                      0x00001b75   Thumb Code   268  ti_msp_dl_config.o(.text.SYSCFG_DL_GPIO_init)
    SYSCFG_DL_SPI_0_init                     0x00001cc1   Thumb Code    56  ti_msp_dl_config.o(.text.SYSCFG_DL_SPI_0_init)
    SYSCFG_DL_SPI_1_init                     0x00001d09   Thumb Code    56  ti_msp_dl_config.o(.text.SYSCFG_DL_SPI_1_init)
    SYSCFG_DL_SYSCTL_init                    0x00001d55   Thumb Code   132  ti_msp_dl_config.o(.text.SYSCFG_DL_SYSCTL_init)
    SYSCFG_DL_TIMER_0_init                   0x00001de5   Thumb Code    52  ti_msp_dl_config.o(.text.SYSCFG_DL_TIMER_0_init)
    SYSCFG_DL_TIMER_1_init                   0x00001e31   Thumb Code    48  ti_msp_dl_config.o(.text.SYSCFG_DL_TIMER_1_init)
    SYSCFG_DL_TIMER_2_init                   0x00001e79   Thumb Code    36  ti_msp_dl_config.o(.text.SYSCFG_DL_TIMER_2_init)
    SYSCFG_DL_TRNG_init                      0x00001eb1   Thumb Code    60  ti_msp_dl_config.o(.text.SYSCFG_DL_TRNG_init)
    SYSCFG_DL_UART_COM_init                  0x00001ef5   Thumb Code    76  ti_msp_dl_config.o(.text.SYSCFG_DL_UART_COM_init)
    SYSCFG_DL_UART_FPGA_init                 0x00001f51   Thumb Code    76  ti_msp_dl_config.o(.text.SYSCFG_DL_UART_FPGA_init)
    SYSCFG_DL_init                           0x00001fb1   Thumb Code    88  ti_msp_dl_config.o(.text.SYSCFG_DL_init)
    SYSCFG_DL_initPower                      0x0000201d   Thumb Code   112  ti_msp_dl_config.o(.text.SYSCFG_DL_initPower)
    W25Q64_Init                              0x000020c9   Thumb Code    12  w25q64_spi.o(.text.W25Q64_Init)
    delay_ms                                 0x000020d5   Thumb Code    12  delay.o(.text.delay_ms)
    getKeyValue                              0x000020e5   Thumb Code   516  keyboard.o(.text.getKeyValue)
    main                                     0x000022f5   Thumb Code   584  main.o(.text.main)
    __aeabi_uidiv                            0x00002561   Thumb Code    68  aeabi_sdivfast.o(.text_divfast)
    __aeabi_idiv                             0x000025a5   Thumb Code   434  aeabi_sdivfast.o(.text_divfast)
    F6x8                                     0x00002756   Data         552  oled_spi_v0.2.o(.rodata.F6x8)
    Genshin                                  0x0000297e   Data         880  main.o(.rodata.Genshin)
    Region$$Table$$Base                      0x00002df8   Number         0  anon$$obj.o(Region$$Table)
    Region$$Table$$Limit                     0x00002e18   Number         0  anon$$obj.o(Region$$Table)
    DL_FACTORYREGION_TrimTable               0x20200000   Data          68  dl_factoryregion.o(.TrimTable)
    FACTORYVALUE                             0x20200044   Data           4  dl_factoryregion.o(.data.FACTORYVALUE)
    keytonum                                 0x20200048   Data          17  keyboard.o(.data.keytonum)
    __libspace_start                         0x20200060   Data          96  libspace.o(.bss)
    OLED_GRAM                                0x202000c0   Data        1040  oled_spi_v0.2.o(.bss.OLED_GRAM)
    __temporary_stack_top$libspace           0x202000c0   Data           0  libspace.o(.bss)
    gSPI_0Backup                             0x202004d0   Data          40  ti_msp_dl_config.o(.bss.gSPI_0Backup)
    gSPI_1Backup                             0x202004f8   Data          40  ti_msp_dl_config.o(.bss.gSPI_1Backup)
    gTIMER_1Backup                           0x20200520   Data         188  ti_msp_dl_config.o(.bss.gTIMER_1Backup)
    gTIMER_2Backup                           0x202005dc   Data         188  ti_msp_dl_config.o(.bss.gTIMER_2Backup)
    gTRNGBackup                              0x20200698   Data          16  ti_msp_dl_config.o(.bss.gTRNGBackup)



==============================================================================

Memory Map of the image

  Image Entry point : 0x000000c1

  Load Region LR_IROM1 (Base: 0x00000000, Size: 0x00002e78, Max: 0x00080000, ABSOLUTE)

    Execution Region ER_IROM1 (Exec base: 0x00000000, Load base: 0x00000000, Size: 0x00002e18, Max: 0x00080000, ABSOLUTE)

    Exec Addr    Load Addr    Size         Type   Attr      Idx    E Section Name        Object

    0x00000000   0x00000000   0x000000c0   Data   RO         1041    RESET               startup_mspm0g351x_uvision.o
    0x000000c0   0x000000c0   0x00000008   Code   RO         1096  * !!!main             c_p.l(__main.o)
    0x000000c8   0x000000c8   0x00000054   Code   RO         1284    !!!scatter          c_p.l(__scatter.o)
    0x0000011c   0x0000011c   0x00000004   PAD
    0x00000120   0x00000120   0x0000001a   Code   RO         1288    !!handler_copy      c_p.l(__scatter_copy.o)
    0x0000013a   0x0000013a   0x00000006   PAD
    0x00000140   0x00000140   0x00000002   Code   RO         1285    !!handler_null      c_p.l(__scatter.o)
    0x00000142   0x00000142   0x00000006   PAD
    0x00000148   0x00000148   0x0000001c   Code   RO         1290    !!handler_zi        c_p.l(__scatter_zi.o)
    0x00000164   0x00000164   0x00000002   Code   RO         1079    .ARM.Collect$$_printf_percent$$00000000  c_p.l(_printf_percent.o)
    0x00000166   0x00000166   0x0000000a   Code   RO         1078    .ARM.Collect$$_printf_percent$$0000000A  c_p.l(_printf_u.o)
    0x00000170   0x00000170   0x00000004   Code   RO         1109    .ARM.Collect$$_printf_percent$$00000017  c_p.l(_printf_percent_end.o)
    0x00000174   0x00000174   0x00000002   Code   RO         1145    .ARM.Collect$$libinit$$00000000  c_p.l(libinit.o)
    0x00000176   0x00000176   0x00000000   Code   RO         1159    .ARM.Collect$$libinit$$00000002  c_p.l(libinit2.o)
    0x00000176   0x00000176   0x00000000   Code   RO         1161    .ARM.Collect$$libinit$$00000004  c_p.l(libinit2.o)
    0x00000176   0x00000176   0x00000000   Code   RO         1163    .ARM.Collect$$libinit$$00000006  c_p.l(libinit2.o)
    0x00000176   0x00000176   0x00000000   Code   RO         1166    .ARM.Collect$$libinit$$0000000C  c_p.l(libinit2.o)
    0x00000176   0x00000176   0x00000000   Code   RO         1168    .ARM.Collect$$libinit$$0000000E  c_p.l(libinit2.o)
    0x00000176   0x00000176   0x00000000   Code   RO         1170    .ARM.Collect$$libinit$$00000010  c_p.l(libinit2.o)
    0x00000176   0x00000176   0x00000000   Code   RO         1173    .ARM.Collect$$libinit$$00000013  c_p.l(libinit2.o)
    0x00000176   0x00000176   0x00000000   Code   RO         1175    .ARM.Collect$$libinit$$00000015  c_p.l(libinit2.o)
    0x00000176   0x00000176   0x00000000   Code   RO         1177    .ARM.Collect$$libinit$$00000017  c_p.l(libinit2.o)
    0x00000176   0x00000176   0x00000000   Code   RO         1179    .ARM.Collect$$libinit$$00000019  c_p.l(libinit2.o)
    0x00000176   0x00000176   0x00000000   Code   RO         1181    .ARM.Collect$$libinit$$0000001B  c_p.l(libinit2.o)
    0x00000176   0x00000176   0x00000000   Code   RO         1183    .ARM.Collect$$libinit$$0000001D  c_p.l(libinit2.o)
    0x00000176   0x00000176   0x00000000   Code   RO         1185    .ARM.Collect$$libinit$$0000001F  c_p.l(libinit2.o)
    0x00000176   0x00000176   0x00000000   Code   RO         1187    .ARM.Collect$$libinit$$00000021  c_p.l(libinit2.o)
    0x00000176   0x00000176   0x00000000   Code   RO         1189    .ARM.Collect$$libinit$$00000023  c_p.l(libinit2.o)
    0x00000176   0x00000176   0x00000000   Code   RO         1191    .ARM.Collect$$libinit$$00000025  c_p.l(libinit2.o)
    0x00000176   0x00000176   0x00000000   Code   RO         1193    .ARM.Collect$$libinit$$00000027  c_p.l(libinit2.o)
    0x00000176   0x00000176   0x00000000   Code   RO         1197    .ARM.Collect$$libinit$$0000002E  c_p.l(libinit2.o)
    0x00000176   0x00000176   0x00000000   Code   RO         1199    .ARM.Collect$$libinit$$00000030  c_p.l(libinit2.o)
    0x00000176   0x00000176   0x00000000   Code   RO         1201    .ARM.Collect$$libinit$$00000032  c_p.l(libinit2.o)
    0x00000176   0x00000176   0x00000000   Code   RO         1203    .ARM.Collect$$libinit$$00000034  c_p.l(libinit2.o)
    0x00000176   0x00000176   0x00000002   Code   RO         1204    .ARM.Collect$$libinit$$00000035  c_p.l(libinit2.o)
    0x00000178   0x00000178   0x00000002   Code   RO         1239    .ARM.Collect$$libshutdown$$00000000  c_p.l(libshutdown.o)
    0x0000017a   0x0000017a   0x00000000   Code   RO         1267    .ARM.Collect$$libshutdown$$00000002  c_p.l(libshutdown2.o)
    0x0000017a   0x0000017a   0x00000000   Code   RO         1269    .ARM.Collect$$libshutdown$$00000004  c_p.l(libshutdown2.o)
    0x0000017a   0x0000017a   0x00000000   Code   RO         1272    .ARM.Collect$$libshutdown$$00000007  c_p.l(libshutdown2.o)
    0x0000017a   0x0000017a   0x00000000   Code   RO         1275    .ARM.Collect$$libshutdown$$0000000A  c_p.l(libshutdown2.o)
    0x0000017a   0x0000017a   0x00000000   Code   RO         1277    .ARM.Collect$$libshutdown$$0000000C  c_p.l(libshutdown2.o)
    0x0000017a   0x0000017a   0x00000000   Code   RO         1280    .ARM.Collect$$libshutdown$$0000000F  c_p.l(libshutdown2.o)
    0x0000017a   0x0000017a   0x00000002   Code   RO         1281    .ARM.Collect$$libshutdown$$00000010  c_p.l(libshutdown2.o)
    0x0000017c   0x0000017c   0x00000000   Code   RO         1098    .ARM.Collect$$rtentry$$00000000  c_p.l(__rtentry.o)
    0x0000017c   0x0000017c   0x00000000   Code   RO         1113    .ARM.Collect$$rtentry$$00000002  c_p.l(__rtentry2.o)
    0x0000017c   0x0000017c   0x00000006   Code   RO         1125    .ARM.Collect$$rtentry$$00000004  c_p.l(__rtentry4.o)
    0x00000182   0x00000182   0x00000000   Code   RO         1115    .ARM.Collect$$rtentry$$00000009  c_p.l(__rtentry2.o)
    0x00000182   0x00000182   0x00000004   Code   RO         1116    .ARM.Collect$$rtentry$$0000000A  c_p.l(__rtentry2.o)
    0x00000186   0x00000186   0x00000000   Code   RO         1118    .ARM.Collect$$rtentry$$0000000C  c_p.l(__rtentry2.o)
    0x00000186   0x00000186   0x00000008   Code   RO         1119    .ARM.Collect$$rtentry$$0000000D  c_p.l(__rtentry2.o)
    0x0000018e   0x0000018e   0x00000002   Code   RO         1150    .ARM.Collect$$rtexit$$00000000  c_p.l(rtexit.o)
    0x00000190   0x00000190   0x00000000   Code   RO         1210    .ARM.Collect$$rtexit$$00000002  c_p.l(rtexit2.o)
    0x00000190   0x00000190   0x00000004   Code   RO         1211    .ARM.Collect$$rtexit$$00000003  c_p.l(rtexit2.o)
    0x00000194   0x00000194   0x00000006   Code   RO         1212    .ARM.Collect$$rtexit$$00000004  c_p.l(rtexit2.o)
    0x0000019a   0x0000019a   0x00000002   PAD
    0x0000019c   0x0000019c   0x0000002c   Code   RO         1042    .text               startup_mspm0g351x_uvision.o
    0x000001c8   0x000001c8   0x0000002c   Code   RO         1050    .text               c_p.l(__2sprintf.o)
    0x000001f4   0x000001f4   0x0000006c   Code   RO         1054    .text               c_p.l(__printf.o)
    0x00000260   0x00000260   0x0000006c   Code   RO         1056    .text               c_p.l(_printf_dec.o)
    0x000002cc   0x000002cc   0x00000040   Code   RO         1084    .text               c_p.l(rt_memclr.o)
    0x0000030c   0x0000030c   0x000001f8   Code   RO         1086    .text               c_p.l(aeabi_sdivfast.o)
    0x00000504   0x00000504   0x00000006   Code   RO         1094    .text               c_p.l(heapauxi.o)
    0x0000050a   0x0000050a   0x000000b0   Code   RO         1103    .text               c_p.l(_printf_intcommon.o)
    0x000005ba   0x000005ba   0x00000002   PAD
    0x000005bc   0x000005bc   0x00000030   Code   RO         1105    .text               c_p.l(_printf_char_common.o)
    0x000005ec   0x000005ec   0x0000000a   Code   RO         1107    .text               c_p.l(_sputc.o)
    0x000005f6   0x000005f6   0x00000028   Code   RO         1110    .text               c_p.l(rtudiv10.o)
    0x0000061e   0x0000061e   0x0000003e   Code   RO         1131    .text               c_p.l(sys_stackheap_outer.o)
    0x0000065c   0x0000065c   0x00000010   Code   RO         1134    .text               c_p.l(exit.o)
    0x0000066c   0x0000066c   0x00000008   Code   RO         1146    .text               c_p.l(libspace.o)
    0x00000674   0x00000674   0x0000000c   Code   RO         1205    .text               c_p.l(sys_exit.o)
    0x00000680   0x00000680   0x00000002   Code   RO         1228    .text               c_p.l(use_no_semi.o)
    0x00000682   0x00000682   0x00000000   Code   RO         1230    .text               c_p.l(indicate_semi.o)
    0x00000682   0x00000682   0x00000002   PAD
    0x00000684   0x00000684   0x00000040   Code   RO          192    .text.DL_ADC12_setClockConfig  dl_adc12.o
    0x000006c4   0x000006c4   0x0000000a   Code   RO          275    .text.DL_Common_delayCycles  dl_common.o
    0x000006ce   0x000006ce   0x00000002   PAD
    0x000006d0   0x000006d0   0x0000008c   Code   RO          302    .text.DL_DAC12_init  dl_dac12.o
    0x0000075c   0x0000075c   0x00000044   Code   RO          322    .text.DL_DMA_initChannel  dl_dma.o
    0x000007a0   0x000007a0   0x00000054   Code   RO          981    .text.DL_FactoryRegion_initTrimTable  dl_factoryregion.o
    0x000007f4   0x000007f4   0x00000044   Code   RO          750    .text.DL_SPI_init   dl_spi.o
    0x00000838   0x00000838   0x00000012   Code   RO          752    .text.DL_SPI_setClockConfig  dl_spi.o
    0x0000084a   0x0000084a   0x00000002   PAD
    0x0000084c   0x0000084c   0x00000100   Code   RO         1004    .text.DL_SYSCTL_configSYSPLL  dl_sysctl_mspm0gx51x.o
    0x0000094c   0x0000094c   0x0000008c   Code   RO         1018    .text.DL_SYSCTL_setHFCLKSourceHFXTParams  dl_sysctl_mspm0gx51x.o
    0x000009d8   0x000009d8   0x00000050   Code   RO         1012    .text.DL_SYSCTL_switchMCLKfromSYSOSCtoHSCLK  dl_sysctl_mspm0gx51x.o
    0x00000a28   0x00000a28   0x00000108   Code   RO          809    .text.DL_Timer_initTimerMode  dl_timer.o
    0x00000b30   0x00000b30   0x0000001c   Code   RO          805    .text.DL_Timer_setClockConfig  dl_timer.o
    0x00000b4c   0x00000b4c   0x00000048   Code   RO          921    .text.DL_UART_init  dl_uart.o
    0x00000b94   0x00000b94   0x00000012   Code   RO          923    .text.DL_UART_setClockConfig  dl_uart.o
    0x00000ba6   0x00000ba6   0x00000002   PAD
    0x00000ba8   0x00000ba8   0x0000003c   Code   RO          935    .text.DL_UART_transmitDataBlocking  dl_uart.o
    0x00000be4   0x00000be4   0x00000168   Code   RO           23    .text.OLED_Clear    oled_spi_v0.2.o
    0x00000d4c   0x00000d4c   0x00000200   Code   RO           37    .text.OLED_DrawBMP  oled_spi_v0.2.o
    0x00000f4c   0x00000f4c   0x000007c0   Code   RO           51    .text.OLED_Init     oled_spi_v0.2.o
    0x0000170c   0x0000170c   0x0000025c   Code   RO           25    .text.OLED_ShowChar  oled_spi_v0.2.o
    0x00001968   0x00001968   0x000000d0   Code   RO           29    .text.OLED_ShowNum  oled_spi_v0.2.o
    0x00001a38   0x00001a38   0x00000046   Code   RO           33    .text.OLED_ShowString  oled_spi_v0.2.o
    0x00001a7e   0x00001a7e   0x00000002   PAD
    0x00001a80   0x00001a80   0x00000074   Code   RO          127    .text.SYSCFG_DL_ADC12_0_init  ti_msp_dl_config.o
    0x00001af4   0x00001af4   0x0000002c   Code   RO          133    .text.SYSCFG_DL_DAC12_init  ti_msp_dl_config.o
    0x00001b20   0x00001b20   0x00000020   Code   RO          139    .text.SYSCFG_DL_DMA_ADC_CH1_init  ti_msp_dl_config.o
    0x00001b40   0x00001b40   0x00000028   Code   RO          141    .text.SYSCFG_DL_DMA_DAC_CH0_init  ti_msp_dl_config.o
    0x00001b68   0x00001b68   0x0000000c   Code   RO          129    .text.SYSCFG_DL_DMA_init  ti_msp_dl_config.o
    0x00001b74   0x00001b74   0x0000014c   Code   RO          109    .text.SYSCFG_DL_GPIO_init  ti_msp_dl_config.o
    0x00001cc0   0x00001cc0   0x00000048   Code   RO          123    .text.SYSCFG_DL_SPI_0_init  ti_msp_dl_config.o
    0x00001d08   0x00001d08   0x0000004c   Code   RO          125    .text.SYSCFG_DL_SPI_1_init  ti_msp_dl_config.o
    0x00001d54   0x00001d54   0x00000090   Code   RO          111    .text.SYSCFG_DL_SYSCTL_init  ti_msp_dl_config.o
    0x00001de4   0x00001de4   0x0000004c   Code   RO          113    .text.SYSCFG_DL_TIMER_0_init  ti_msp_dl_config.o
    0x00001e30   0x00001e30   0x00000048   Code   RO          115    .text.SYSCFG_DL_TIMER_1_init  ti_msp_dl_config.o
    0x00001e78   0x00001e78   0x00000038   Code   RO          117    .text.SYSCFG_DL_TIMER_2_init  ti_msp_dl_config.o
    0x00001eb0   0x00001eb0   0x00000044   Code   RO          131    .text.SYSCFG_DL_TRNG_init  ti_msp_dl_config.o
    0x00001ef4   0x00001ef4   0x0000005c   Code   RO          121    .text.SYSCFG_DL_UART_COM_init  ti_msp_dl_config.o
    0x00001f50   0x00001f50   0x00000060   Code   RO          119    .text.SYSCFG_DL_UART_FPGA_init  ti_msp_dl_config.o
    0x00001fb0   0x00001fb0   0x0000006c   Code   RO          105    .text.SYSCFG_DL_init  ti_msp_dl_config.o
    0x0000201c   0x0000201c   0x000000ac   Code   RO          107    .text.SYSCFG_DL_initPower  ti_msp_dl_config.o
    0x000020c8   0x000020c8   0x0000000c   Code   RO           65    .text.W25Q64_Init   w25q64_spi.o
    0x000020d4   0x000020d4   0x00000010   Code   RO          177    .text.delay_ms      delay.o
    0x000020e4   0x000020e4   0x00000210   Code   RO            4    .text.getKeyValue   keyboard.o
    0x000022f4   0x000022f4   0x0000026c   Code   RO           89    .text.main          main.o
    0x00002560   0x00002560   0x000001f6   Code   RO         1087    .text_divfast       c_p.l(aeabi_sdivfast.o)
    0x00002756   0x00002756   0x00000228   Data   RO           53    .rodata.F6x8        oled_spi_v0.2.o
    0x0000297e   0x0000297e   0x00000370   Data   RO           91    .rodata.Genshin     main.o
    0x00002cee   0x00002cee   0x00000002   PAD
    0x00002cf0   0x00002cf0   0x00000008   Data   RO          163    .rodata.gADC12_0ClockConfig  ti_msp_dl_config.o
    0x00002cf8   0x00002cf8   0x00000020   Data   RO          166    .rodata.gDAC12Config  ti_msp_dl_config.o
    0x00002d18   0x00002d18   0x00000018   Data   RO          164    .rodata.gDMA_ADC_CH1Config  ti_msp_dl_config.o
    0x00002d30   0x00002d30   0x00000018   Data   RO          165    .rodata.gDMA_DAC_CH0Config  ti_msp_dl_config.o
    0x00002d48   0x00002d48   0x00000002   Data   RO          159    .rodata.gSPI_0_clockConfig  ti_msp_dl_config.o
    0x00002d4a   0x00002d4a   0x0000000a   Data   RO          160    .rodata.gSPI_0_config  ti_msp_dl_config.o
    0x00002d54   0x00002d54   0x00000002   Data   RO          161    .rodata.gSPI_1_clockConfig  ti_msp_dl_config.o
    0x00002d56   0x00002d56   0x0000000a   Data   RO          162    .rodata.gSPI_1_config  ti_msp_dl_config.o
    0x00002d60   0x00002d60   0x00000028   Data   RO          148    .rodata.gSYSPLLConfig  ti_msp_dl_config.o
    0x00002d88   0x00002d88   0x00000003   Data   RO          149    .rodata.gTIMER_0ClockConfig  ti_msp_dl_config.o
    0x00002d8b   0x00002d8b   0x00000001   PAD
    0x00002d8c   0x00002d8c   0x00000014   Data   RO          150    .rodata.gTIMER_0TimerConfig  ti_msp_dl_config.o
    0x00002da0   0x00002da0   0x00000003   Data   RO          151    .rodata.gTIMER_1ClockConfig  ti_msp_dl_config.o
    0x00002da3   0x00002da3   0x00000001   PAD
    0x00002da4   0x00002da4   0x00000014   Data   RO          152    .rodata.gTIMER_1TimerConfig  ti_msp_dl_config.o
    0x00002db8   0x00002db8   0x00000003   Data   RO          153    .rodata.gTIMER_2ClockConfig  ti_msp_dl_config.o
    0x00002dbb   0x00002dbb   0x00000001   PAD
    0x00002dbc   0x00002dbc   0x00000014   Data   RO          154    .rodata.gTIMER_2TimerConfig  ti_msp_dl_config.o
    0x00002dd0   0x00002dd0   0x00000002   Data   RO          157    .rodata.gUART_COMClockConfig  ti_msp_dl_config.o
    0x00002dd2   0x00002dd2   0x0000000a   Data   RO          158    .rodata.gUART_COMConfig  ti_msp_dl_config.o
    0x00002ddc   0x00002ddc   0x00000002   Data   RO          155    .rodata.gUART_FPGAClockConfig  ti_msp_dl_config.o
    0x00002dde   0x00002dde   0x0000000a   Data   RO          156    .rodata.gUART_FPGAConfig  ti_msp_dl_config.o
    0x00002de8   0x00002de8   0x0000000c   Data   RO           95    .rodata.str1.1      main.o
    0x00002df4   0x00002df4   0x00000004   PAD
    0x00002df8   0x00002df8   0x00000020   Data   RO         1283    Region$$Table       anon$$obj.o


    Execution Region RW_IRAM1 (Exec base: 0x20200000, Load base: 0x00002e18, Size: 0x000026a8, Max: 0x00010000, ABSOLUTE)

    Exec Addr    Load Addr    Size         Type   Attr      Idx    E Section Name        Object

    0x20200000   0x00002e18   0x00000044   Data   RW          983    .TrimTable          dl_factoryregion.o
    0x20200044   0x00002e5c   0x00000004   Data   RW          984    .data.FACTORYVALUE  dl_factoryregion.o
    0x20200048   0x00002e60   0x00000011   Data   RW            6    .data.keytonum      keyboard.o
    0x20200059   0x00002e71   0x00000007   PAD
    0x20200060        -       0x00000060   Zero   RW         1147    .bss                c_p.l(libspace.o)
    0x202000c0        -       0x00000410   Zero   RW           56    .bss.OLED_GRAM      oled_spi_v0.2.o
    0x202004d0        -       0x00000028   Zero   RW          145    .bss.gSPI_0Backup   ti_msp_dl_config.o
    0x202004f8        -       0x00000028   Zero   RW          146    .bss.gSPI_1Backup   ti_msp_dl_config.o
    0x20200520        -       0x000000bc   Zero   RW          143    .bss.gTIMER_1Backup  ti_msp_dl_config.o
    0x202005dc        -       0x000000bc   Zero   RW          144    .bss.gTIMER_2Backup  ti_msp_dl_config.o
    0x20200698        -       0x00000010   Zero   RW          147    .bss.gTRNGBackup    ti_msp_dl_config.o
    0x202006a8        -       0x00000000   Zero   RW         1040    HEAP                startup_mspm0g351x_uvision.o
    0x202006a8        -       0x00002000   Zero   RW         1039    STACK               startup_mspm0g351x_uvision.o


    Execution Region RW_IRAM2 (Exec base: 0x20210000, Load base: 0x00002e78, Size: 0x00000000, Max: 0x00010000, ABSOLUTE)

    **** No section assigned to this execution region ****



  Load Region LR_BCR (Base: 0x41c00000, Size: 0x00000000, Max: 0x00000100, ABSOLUTE)

    Execution Region BCR_CONFIG (Exec base: 0x41c00000, Load base: 0x41c00000, Size: 0x00000000, Max: 0x000000ff, ABSOLUTE)

    **** No section assigned to this execution region ****



  Load Region LR_BSL (Base: 0x41c00100, Size: 0x00000000, Max: 0x00000100, ABSOLUTE)

    Execution Region BSL_CONFIG (Exec base: 0x41c00100, Load base: 0x41c00100, Size: 0x00000000, Max: 0x00000080, ABSOLUTE)

    **** No section assigned to this execution region ****



  Load Region LR_DATA (Base: 0x41d00000, Size: 0x00000000, Max: 0x00004000, ABSOLUTE)

    Execution Region DATA (Exec base: 0x41d00000, Load base: 0x41d00000, Size: 0x00000000, Max: 0x00004000, ABSOLUTE)

    **** No section assigned to this execution region ****


==============================================================================

Image component sizes


      Code (inc. data)   RO Data    RW Data    ZI Data      Debug   Object Name

        16          4          0          0          0       1143   delay.o
        64          8          0          0          0       4561   dl_adc12.o
        10          0          0          0          0        630   dl_common.o
       140         32          0          0          0       8875   dl_dac12.o
        68          4          0          0          0       4480   dl_dma.o
        84          8          0         72          0       2130   dl_factoryregion.o
        86          8          0          0          0      16454   dl_spi.o
       476         36          0          0          0      15574   dl_sysctl_mspm0gx51x.o
       292        164          0          0          0      39407   dl_timer.o
       150         12          0          0          0      14942   dl_uart.o
       528         12          0         17          0       7357   keyboard.o
       620         36        892          0          0       4561   main.o
      3738         36        552          0       1040      56475   oled_spi_v0.2.o
        44         18        192          0       8192        688   startup_mspm0g351x_uvision.o
      1608        364        245          0        472      47463   ti_msp_dl_config.o
        12          0          0          0          0      26539   w25q64_spi.o

    ----------------------------------------------------------------------
      7944        742       1922         92       9708     251279   Object Totals
         0          0         32          0          0          0   (incl. Generated)
         8          0          9          3          4          0   (incl. Padding)

    ----------------------------------------------------------------------

      Code (inc. data)   RO Data    RW Data    ZI Data      Debug   Library Member Name

        44          4          0          0          0         84   __2sprintf.o
         8          0          0          0          0         68   __main.o
       108          0          0          0          0         76   __printf.o
         0          0          0          0          0          0   __rtentry.o
        12          0          0          0          0          0   __rtentry2.o
         6          0          0          0          0          0   __rtentry4.o
        86         10          0          0          0          0   __scatter.o
        26          0          0          0          0          0   __scatter_copy.o
        28          0          0          0          0          0   __scatter_zi.o
        48          6          0          0          0         88   _printf_char_common.o
       108         18          0          0          0         76   _printf_dec.o
       176          0          0          0          0         84   _printf_intcommon.o
         2          0          0          0          0          0   _printf_percent.o
         4          0          0          0          0          0   _printf_percent_end.o
        10          0          0          0          0          0   _printf_u.o
        10          0          0          0          0         60   _sputc.o
      1006          4          0          0          0        184   aeabi_sdivfast.o
        16          0          0          0          0         68   exit.o
         6          0          0          0          0        136   heapauxi.o
         0          0          0          0          0          0   indicate_semi.o
         2          0          0          0          0          0   libinit.o
         2          0          0          0          0          0   libinit2.o
         2          0          0          0          0          0   libshutdown.o
         2          0          0          0          0          0   libshutdown2.o
         8          4          0          0         96         68   libspace.o
        64          0          0          0          0        108   rt_memclr.o
         2          0          0          0          0          0   rtexit.o
        10          0          0          0          0          0   rtexit2.o
        40          0          0          0          0         60   rtudiv10.o
        12          4          0          0          0         60   sys_exit.o
        62          0          0          0          0         80   sys_stackheap_outer.o
         2          0          0          0          0         68   use_no_semi.o

    ----------------------------------------------------------------------
      1934         54          0          0         96       1368   Library Totals
        22          4          0          0          0          0   (incl. Padding)

    ----------------------------------------------------------------------

      Code (inc. data)   RO Data    RW Data    ZI Data      Debug   Library Name

      1912         50          0          0         96       1368   c_p.l

    ----------------------------------------------------------------------
      1934         54          0          0         96       1368   Library Totals

    ----------------------------------------------------------------------

==============================================================================


      Code (inc. data)   RO Data    RW Data    ZI Data      Debug   

      9878        796       1922         92       9804     251887   Grand Totals
      9878        796       1922         92       9804     251887   ELF Image Totals
      9878        796       1922         92          0          0   ROM Totals

==============================================================================

    Total RO  Size (Code + RO Data)                11800 (  11.52kB)
    Total RW  Size (RW Data + ZI Data)              9896 (   9.66kB)
    Total ROM Size (Code + RO Data + RW Data)      11892 (  11.61kB)

==============================================================================

