Component: Arm Compiler for Embedded 6.21 Tool: armlink [5ec1fa00]

==============================================================================

Section Cross References

    keyboard.o(.ARM.exidx.text.Keyboard_init) refers to keyboard.o(.text.Keyboard_init) for [Anonymous Symbol]
    keyboard.o(.text.getKeyValue) refers to dl_common.o(.text.DL_Common_delayCycles) for DL_Common_delayCycles
    keyboard.o(.text.getKeyValue) refers to keyboard.o(.data.keytonum) for keytonum
    keyboard.o(.ARM.exidx.text.getKeyValue) refers to keyboard.o(.text.getKeyValue) for [Anonymous Symbol]
    oled_spi_v0.2.o(.ARM.exidx.text.OLED_WR_Byte) refers to oled_spi_v0.2.o(.text.OLED_WR_Byte) for [Anonymous Symbol]
    oled_spi_v0.2.o(.ARM.exidx.text.OLED_Set_Pos) refers to oled_spi_v0.2.o(.text.OLED_Set_Pos) for [Anonymous Symbol]
    oled_spi_v0.2.o(.ARM.exidx.text.OLED_Display_On) refers to oled_spi_v0.2.o(.text.OLED_Display_On) for [Anonymous Symbol]
    oled_spi_v0.2.o(.ARM.exidx.text.OLED_Display_Off) refers to oled_spi_v0.2.o(.text.OLED_Display_Off) for [Anonymous Symbol]
    oled_spi_v0.2.o(.text.OLED_Clear) refers to rt_memclr.o(.text) for __aeabi_memclr4
    oled_spi_v0.2.o(.text.OLED_Clear) refers to oled_spi_v0.2.o(.bss.OLED_GRAM) for OLED_GRAM
    oled_spi_v0.2.o(.ARM.exidx.text.OLED_Clear) refers to oled_spi_v0.2.o(.text.OLED_Clear) for [Anonymous Symbol]
    oled_spi_v0.2.o(.text.OLED_ShowChar) refers to oled_spi_v0.2.o(.rodata.F6x8) for F6x8
    oled_spi_v0.2.o(.ARM.exidx.text.OLED_ShowChar) refers to oled_spi_v0.2.o(.text.OLED_ShowChar) for [Anonymous Symbol]
    oled_spi_v0.2.o(.ARM.exidx.text.oled_pow) refers to oled_spi_v0.2.o(.text.oled_pow) for [Anonymous Symbol]
    oled_spi_v0.2.o(.text.OLED_ShowNum) refers to oled_spi_v0.2.o(.text.OLED_ShowChar) for OLED_ShowChar
    oled_spi_v0.2.o(.text.OLED_ShowNum) refers to aeabi_sdivfast.o(.text_divfast) for __aeabi_uidiv
    oled_spi_v0.2.o(.text.OLED_ShowNum) refers to aeabi_sdivfast.o(.text) for __aeabi_uidivmod
    oled_spi_v0.2.o(.ARM.exidx.text.OLED_ShowNum) refers to oled_spi_v0.2.o(.text.OLED_ShowNum) for [Anonymous Symbol]
    oled_spi_v0.2.o(.text.OLED_ShowSignedNum) refers to oled_spi_v0.2.o(.text.OLED_ShowChar) for OLED_ShowChar
    oled_spi_v0.2.o(.text.OLED_ShowSignedNum) refers to aeabi_sdivfast.o(.text_divfast) for __aeabi_uidiv
    oled_spi_v0.2.o(.text.OLED_ShowSignedNum) refers to aeabi_sdivfast.o(.text) for __aeabi_uidivmod
    oled_spi_v0.2.o(.ARM.exidx.text.OLED_ShowSignedNum) refers to oled_spi_v0.2.o(.text.OLED_ShowSignedNum) for [Anonymous Symbol]
    oled_spi_v0.2.o(.text.OLED_ShowString) refers to oled_spi_v0.2.o(.text.OLED_ShowChar) for OLED_ShowChar
    oled_spi_v0.2.o(.ARM.exidx.text.OLED_ShowString) refers to oled_spi_v0.2.o(.text.OLED_ShowString) for [Anonymous Symbol]
    oled_spi_v0.2.o(.text.OLED_ShowCHinese) refers to oled_spi_v0.2.o(.rodata.Hzk) for Hzk
    oled_spi_v0.2.o(.ARM.exidx.text.OLED_ShowCHinese) refers to oled_spi_v0.2.o(.text.OLED_ShowCHinese) for [Anonymous Symbol]
    oled_spi_v0.2.o(.ARM.exidx.text.OLED_DrawBMP) refers to oled_spi_v0.2.o(.text.OLED_DrawBMP) for [Anonymous Symbol]
    oled_spi_v0.2.o(.ARM.exidx.text.OLED_ColorTurn) refers to oled_spi_v0.2.o(.text.OLED_ColorTurn) for [Anonymous Symbol]
    oled_spi_v0.2.o(.ARM.exidx.text.OLED_DisplayTurn) refers to oled_spi_v0.2.o(.text.OLED_DisplayTurn) for [Anonymous Symbol]
    oled_spi_v0.2.o(.text.OLED_Refresh) refers to dl_common.o(.text.DL_Common_delayCycles) for DL_Common_delayCycles
    oled_spi_v0.2.o(.text.OLED_Refresh) refers to oled_spi_v0.2.o(.bss.OLED_GRAM) for OLED_GRAM
    oled_spi_v0.2.o(.ARM.exidx.text.OLED_Refresh) refers to oled_spi_v0.2.o(.text.OLED_Refresh) for [Anonymous Symbol]
    oled_spi_v0.2.o(.text.OLED_DrawPoint) refers to oled_spi_v0.2.o(.bss.OLED_GRAM) for OLED_GRAM
    oled_spi_v0.2.o(.ARM.exidx.text.OLED_DrawPoint) refers to oled_spi_v0.2.o(.text.OLED_DrawPoint) for [Anonymous Symbol]
    oled_spi_v0.2.o(.text.OLED_DrawLine) refers to oled_spi_v0.2.o(.bss.OLED_GRAM) for OLED_GRAM
    oled_spi_v0.2.o(.ARM.exidx.text.OLED_DrawLine) refers to oled_spi_v0.2.o(.text.OLED_DrawLine) for [Anonymous Symbol]
    oled_spi_v0.2.o(.text.OLED_DrawCircle) refers to oled_spi_v0.2.o(.bss.OLED_GRAM) for OLED_GRAM
    oled_spi_v0.2.o(.ARM.exidx.text.OLED_DrawCircle) refers to oled_spi_v0.2.o(.text.OLED_DrawCircle) for [Anonymous Symbol]
    oled_spi_v0.2.o(.text.OLED_Init) refers to dl_common.o(.text.DL_Common_delayCycles) for DL_Common_delayCycles
    oled_spi_v0.2.o(.text.OLED_Init) refers to oled_spi_v0.2.o(.text.OLED_Clear) for OLED_Clear
    oled_spi_v0.2.o(.ARM.exidx.text.OLED_Init) refers to oled_spi_v0.2.o(.text.OLED_Init) for [Anonymous Symbol]
    w25q64_spi.o(.ARM.exidx.text.W25Q64_Init) refers to w25q64_spi.o(.text.W25Q64_Init) for [Anonymous Symbol]
    w25q64_spi.o(.ARM.exidx.text.W25Q64_WaitBusy) refers to w25q64_spi.o(.text.W25Q64_WaitBusy) for [Anonymous Symbol]
[...]
    [Anonymous Symbol]                       0x00002f58   Section        0  oled_spi_v0.2.o(.text.OLED_ShowChar)
    __arm_cp.5_0                             0x000031a8   Number         4  oled_spi_v0.2.o(.text.OLED_ShowChar)
    __arm_cp.5_1                             0x000031ac   Number         4  oled_spi_v0.2.o(.text.OLED_ShowChar)
    __arm_cp.5_2                             0x000031b0   Number         4  oled_spi_v0.2.o(.text.OLED_ShowChar)
    [Anonymous Symbol]                       0x000031b4   Section        0  oled_spi_v0.2.o(.text.OLED_ShowNum)
    __arm_cp.7_0                             0x00003290   Number         4  oled_spi_v0.2.o(.text.OLED_ShowNum)
    [Anonymous Symbol]                       0x00003294   Section        0  oled_spi_v0.2.o(.text.OLED_ShowString)
    [Anonymous Symbol]                       0x000032dc   Section        0  ti_msp_dl_config.o(.text.SYSCFG_DL_ADC12_0_init)
    __arm_cp.11_0                            0x00003334   Number         4  ti_msp_dl_config.o(.text.SYSCFG_DL_ADC12_0_init)
    __arm_cp.11_1                            0x00003338   Number         4  ti_msp_dl_config.o(.text.SYSCFG_DL_ADC12_0_init)
    __arm_cp.11_2                            0x0000333c   Number         4  ti_msp_dl_config.o(.text.SYSCFG_DL_ADC12_0_init)
    __arm_cp.11_3                            0x00003340   Number         4  ti_msp_dl_config.o(.text.SYSCFG_DL_ADC12_0_init)
    __arm_cp.11_4                            0x00003344   Number         4  ti_msp_dl_config.o(.text.SYSCFG_DL_ADC12_0_init)
    __arm_cp.11_5                            0x00003348   Number         4  ti_msp_dl_config.o(.text.SYSCFG_DL_ADC12_0_init)
    __arm_cp.11_6                            0x0000334c   Number         4  ti_msp_dl_config.o(.text.SYSCFG_DL_ADC12_0_init)
    [Anonymous Symbol]                       0x00003350   Section        0  ti_msp_dl_config.o(.text.SYSCFG_DL_DAC12_init)
    __arm_cp.14_0                            0x0000336c   Number         4  ti_msp_dl_config.o(.text.SYSCFG_DL_DAC12_init)
    __arm_cp.14_1                            0x00003370   Number         4  ti_msp_dl_config.o(.text.SYSCFG_DL_DAC12_init)
    __arm_cp.14_2                            0x00003374   Number         4  ti_msp_dl_config.o(.text.SYSCFG_DL_DAC12_init)
    __arm_cp.14_3                            0x00003378   Number         4  ti_msp_dl_config.o(.text.SYSCFG_DL_DAC12_init)
    [Anonymous Symbol]                       0x0000337c   Section        0  ti_msp_dl_config.o(.text.SYSCFG_DL_DMA_ADC_CH1_init)
    __arm_cp.17_2                            0x00003398   Number         4  ti_msp_dl_config.o(.text.SYSCFG_DL_DMA_ADC_CH1_init)
    [Anonymous Symbol]                       0x0000339c   Section        0  ti_msp_dl_config.o(.text.SYSCFG_DL_DMA_DAC_CH0_init)
    __arm_cp.18_0                            0x000033b8   Number         4  ti_msp_dl_config.o(.text.SYSCFG_DL_DMA_DAC_CH0_init)
    __arm_cp.18_1                            0x000033bc   Number         4  ti_msp_dl_config.o(.text.SYSCFG_DL_DMA_DAC_CH0_init)
    __arm_cp.18_2                            0x000033c0   Number         4  ti_msp_dl_config.o(.text.SYSCFG_DL_DMA_DAC_CH0_init)
    [Anonymous Symbol]                       0x000033c4   Section        0  ti_msp_dl_config.o(.text.SYSCFG_DL_DMA_init)
    [Anonymous Symbol]                       0x000033d0   Section        0  ti_msp_dl_config.o(.text.SYSCFG_DL_GPIO_init)
    __arm_cp.2_0                             0x000034dc   Number         4  ti_msp_dl_config.o(.text.SYSCFG_DL_GPIO_init)
    __arm_cp.2_1                             0x000034e0   Number         4  ti_msp_dl_config.o(.text.SYSCFG_DL_GPIO_init)
    __arm_cp.2_2                             0x000034e4   Number         4  ti_msp_dl_config.o(.text.SYSCFG_DL_GPIO_init)
    __arm_cp.2_3                             0x000034e8   Number         4  ti_msp_dl_config.o(.text.SYSCFG_DL_GPIO_init)
    __arm_cp.2_4                             0x000034ec   Number         4  ti_msp_dl_config.o(.text.SYSCFG_DL_GPIO_init)
    __arm_cp.2_5                             0x000034f0   Number         4  ti_msp_dl_config.o(.text.SYSCFG_DL_GPIO_init)
    __arm_cp.2_6                             0x000034f4   Number         4  ti_msp_dl_config.o(.text.SYSCFG_DL_GPIO_init)
    __arm_cp.2_7                             0x000034f8   Number         4  ti_msp_dl_config.o(.text.SYSCFG_DL_GPIO_init)
    __arm_cp.2_8                             0x000034fc   Number         4  ti_msp_dl_config.o(.text.SYSCFG_DL_GPIO_init)
    __arm_cp.2_9                             0x00003500   Number         4  ti_msp_dl_config.o(.text.SYSCFG_DL_GPIO_init)
    __arm_cp.2_10                            0x00003504   Number         4  ti_msp_dl_config.o(.text.SYSCFG_DL_GPIO_init)
    __arm_cp.2_11                            0x00003508   Number         4  ti_msp_dl_config.o(.text.SYSCFG_DL_GPIO_init)
    __arm_cp.2_12                            0x0000350c   Number         4  ti_msp_dl_config.o(.text.SYSCFG_DL_GPIO_init)
    __arm_cp.2_13                            0x00003510   Number         4  ti_msp_dl_config.o(.text.SYSCFG_DL_GPIO_init)
    __arm_cp.2_14                            0x00003514   Number         4  ti_msp_dl_config.o(.text.SYSCFG_DL_GPIO_init)
    __arm_cp.2_15                            0x00003518   Number         4  ti_msp_dl_config.o(.text.SYSCFG_DL_GPIO_init)
    [Anonymous Symbol]                       0x0000351c   Section        0  ti_msp_dl_config.o(.text.SYSCFG_DL_SPI_0_init)
    __arm_cp.9_0                             0x00003554   Number         4  ti_msp_dl_config.o(.text.SYSCFG_DL_SPI_0_init)
    __arm_cp.9_1                             0x00003558   Number         4  ti_msp_dl_config.o(.text.SYSCFG_DL_SPI_0_init)
    __arm_cp.9_2                             0x0000355c   Number         4  ti_msp_dl_config.o(.text.SYSCFG_DL_SPI_0_init)
    __arm_cp.9_3                             0x00003560   Number         4  ti_msp_dl_config.o(.text.SYSCFG_DL_SPI_0_init)
    [Anonymous Symbol]                       0x00003564   Section        0  ti_msp_dl_config.o(.text.SYSCFG_DL_SPI_1_init)
    __arm_cp.10_0                            0x0000359c   Number         4  ti_msp_dl_config.o(.text.SYSCFG_DL_SPI_1_init)
    __arm_cp.10_1                            0x000035a0   Number         4  ti_msp_dl_config.o(.text.SYSCFG_DL_SPI_1_init)
    __arm_cp.10_2                            0x000035a4   Number         4  ti_msp_dl_config.o(.text.SYSCFG_DL_SPI_1_init)
    __arm_cp.10_3                            0x000035a8   Number         4  ti_msp_dl_config.o(.text.SYSCFG_DL_SPI_1_init)
    __arm_cp.10_4                            0x000035ac   Number         4  ti_msp_dl_config.o(.text.SYSCFG_DL_SPI_1_init)
    [Anonymous Symbol]                       0x000035b0   Section        0  ti_msp_dl_config.o(.text.SYSCFG_DL_SYSCTL_init)
    __arm_cp.3_0                             0x00003634   Number         4  ti_msp_dl_config.o(.text.SYSCFG_DL_SYSCTL_init)
    __arm_cp.3_1                             0x00003638   Number         4  ti_msp_dl_config.o(.text.SYSCFG_DL_SYSCTL_init)
    __arm_cp.3_2                             0x0000363c   Number         4  ti_msp_dl_config.o(.text.SYSCFG_DL_SYSCTL_init)
    [Anonymous Symbol]                       0x00003640   Section        0  ti_msp_dl_config.o(.text.SYSCFG_DL_TIMER_0_init)
    __arm_cp.4_0                             0x00003674   Number         4  ti_msp_dl_config.o(.text.SYSCFG_DL_TIMER_0_init)
    __arm_cp.4_1                             0x00003678   Number         4  ti_msp_dl_config.o(.text.SYSCFG_DL_TIMER_0_init)
    __arm_cp.4_2                             0x0000367c   Number         4  ti_msp_dl_config.o(.text.SYSCFG_DL_TIMER_0_init)
    __arm_cp.4_3                             0x00003680   Number         4  ti_msp_dl_config.o(.text.SYSCFG_DL_TIMER_0_init)
    __arm_cp.4_4                             0x00003684   Number         4  ti_msp_dl_config.o(.text.SYSCFG_DL_TIMER_0_init)
    __arm_cp.4_5                             0x00003688   Number         4  ti_msp_dl_config.o(.text.SYSCFG_DL_TIMER_0_init)
    [Anonymous Symbol]                       0x0000368c   Section        0  ti_msp_dl_config.o(.text.SYSCFG_DL_TIMER_1_init)
    __arm_cp.5_0                             0x000036bc   Number         4  ti_msp_dl_config.o(.text.SYSCFG_DL_TIMER_1_init)
    __arm_cp.5_1                             0x000036c0   Number         4  ti_msp_dl_config.o(.text.SYSCFG_DL_TIMER_1_init)
    __arm_cp.5_2                             0x000036c4   Number         4  ti_msp_dl_config.o(.text.SYSCFG_DL_TIMER_1_init)
    __arm_cp.5_3                             0x000036c8   Number         4  ti_msp_dl_config.o(.text.SYSCFG_DL_TIMER_1_init)
    __arm_cp.5_4                             0x000036cc   Number         4  ti_msp_dl_config.o(.text.SYSCFG_DL_TIMER_1_init)
    __arm_cp.5_5                             0x000036d0   Number         4  ti_msp_dl_config.o(.text.SYSCFG_DL_TIMER_1_init)
    [Anonymous Symbol]                       0x000036d4   Section        0  ti_msp_dl_config.o(.text.SYSCFG_DL_TIMER_2_init)
    __arm_cp.6_0                             0x000036f8   Number         4  ti_msp_dl_config.o(.text.SYSCFG_DL_TIMER_2_init)
    __arm_cp.6_1                             0x000036fc   Number         4  ti_msp_dl_config.o(.text.SYSCFG_DL_TIMER_2_init)
    __arm_cp.6_2                             0x00003700   Number         4  ti_msp_dl_config.o(.text.SYSCFG_DL_TIMER_2_init)
    __arm_cp.6_3                             0x00003704   Number         4  ti_msp_dl_config.o(.text.SYSCFG_DL_TIMER_2_init)
    __arm_cp.6_4                             0x00003708   Number         4  ti_msp_dl_config.o(.text.SYSCFG_DL_TIMER_2_init)
    [Anonymous Symbol]                       0x0000370c   Section        0  ti_msp_dl_config.o(.text.SYSCFG_DL_TRNG_init)
    __arm_cp.13_0                            0x00003748   Number         4  ti_msp_dl_config.o(.text.SYSCFG_DL_TRNG_init)
    __arm_cp.13_1                            0x0000374c   Number         4  ti_msp_dl_config.o(.text.SYSCFG_DL_TRNG_init)
    [Anonymous Symbol]                       0x00003750   Section        0  ti_msp_dl_config.o(.text.SYSCFG_DL_UART_COM_init)
    __arm_cp.8_0                             0x0000379c   Number         4  ti_msp_dl_config.o(.text.SYSCFG_DL_UART_COM_init)
    __arm_cp.8_1                             0x000037a0   Number         4  ti_msp_dl_config.o(.text.SYSCFG_DL_UART_COM_init)
    __arm_cp.8_2                             0x000037a4   Number         4  ti_msp_dl_config.o(.text.SYSCFG_DL_UART_COM_init)
    __arm_cp.8_3                             0x000037a8   Number         4  ti_msp_dl_config.o(.text.SYSCFG_DL_UART_COM_init)
    [Anonymous Symbol]                       0x000037ac   Section        0  ti_msp_dl_config.o(.text.SYSCFG_DL_UART_FPGA_init)
    __arm_cp.7_1                             0x000037f8   Number         4  ti_msp_dl_config.o(.text.SYSCFG_DL_UART_FPGA_init)
    __arm_cp.7_2                             0x000037fc   Number         4  ti_msp_dl_config.o(.text.SYSCFG_DL_UART_FPGA_init)
    __arm_cp.7_3                             0x00003800   Number         4  ti_msp_dl_config.o(.text.SYSCFG_DL_UART_FPGA_init)
    __arm_cp.7_4                             0x00003804   Number         4  ti_msp_dl_config.o(.text.SYSCFG_DL_UART_FPGA_init)
    [Anonymous Symbol]                       0x00003808   Section        0  ti_msp_dl_config.o(.text.SYSCFG_DL_init)
    __arm_cp.0_0                             0x00003860   Number         4  ti_msp_dl_config.o(.text.SYSCFG_DL_init)
    __arm_cp.0_1                             0x00003864   Number         4  ti_msp_dl_config.o(.text.SYSCFG_DL_init)
    __arm_cp.0_2                             0x00003868   Number         4  ti_msp_dl_config.o(.text.SYSCFG_DL_init)
    __arm_cp.0_3                             0x0000386c   Number         4  ti_msp_dl_config.o(.text.SYSCFG_DL_init)
    __arm_cp.0_4                             0x00003870   Number         4  ti_msp_dl_config.o(.text.SYSCFG_DL_init)
    [Anonymous Symbol]                       0x00003874   Section        0  ti_msp_dl_config.o(.text.SYSCFG_DL_initPower)
    __arm_cp.1_0                             0x000038e4   Number         4  ti_msp_dl_config.o(.text.SYSCFG_DL_initPower)
    __arm_cp.1_1                             0x000038e8   Number         4  ti_msp_dl_config.o(.text.SYSCFG_DL_initPower)
    __arm_cp.1_2                             0x000038ec   Number         4  ti_msp_dl_config.o(.text.SYSCFG_DL_initPower)
    __arm_cp.1_3                             0x000038f0   Number         4  ti_msp_dl_config.o(.text.SYSCFG_DL_initPower)
    __arm_cp.1_4                             0x000038f4   Number         4  ti_msp_dl_config.o(.text.SYSCFG_DL_initPower)
    __arm_cp.1_5                             0x000038f8   Number         4  ti_msp_dl_config.o(.text.SYSCFG_DL_initPower)
    __arm_cp.1_6                             0x000038fc   Number         4  ti_msp_dl_config.o(.text.SYSCFG_DL_initPower)
    __arm_cp.1_7                             0x00003900   Number         4  ti_msp_dl_config.o(.text.SYSCFG_DL_initPower)
    __arm_cp.1_8                             0x00003904   Number         4  ti_msp_dl_config.o(.text.SYSCFG_DL_initPower)
    __arm_cp.1_9                             0x00003908   Number         4  ti_msp_dl_config.o(.text.SYSCFG_DL_initPower)
    __arm_cp.1_10                            0x0000390c   Number         4  ti_msp_dl_config.o(.text.SYSCFG_DL_initPower)
    __arm_cp.1_11                            0x00003910   Number         4  ti_msp_dl_config.o(.text.SYSCFG_DL_initPower)
    __arm_cp.1_12                            0x00003914   Number         4  ti_msp_dl_config.o(.text.SYSCFG_DL_initPower)
    __arm_cp.1_13                            0x00003918   Number         4  ti_msp_dl_config.o(.text.SYSCFG_DL_initPower)
    __arm_cp.1_14                            0x0000391c   Number         4  ti_msp_dl_config.o(.text.SYSCFG_DL_initPower)
    [Anonymous Symbol]                       0x00003920   Section        0  main.o(.text.UART_send_am_params)
    [Anonymous Symbol]                       0x00003984   Section        0  main.o(.text.UART_send_fm_params)
    [Anonymous Symbol]                       0x000039e8   Section        0  main.o(.text.UART_send_square_params)
    __arm_cp.4_0                             0x00003a4c   Number         4  main.o(.text.UART_send_square_params)
    __arm_cp.4_1                             0x00003a50   Number         4  main.o(.text.UART_send_square_params)
    [Anonymous Symbol]                       0x00003a54   Section        0  w25q64_spi.o(.text.W25Q64_Init)
    [Anonymous Symbol]                       0x00003a60   Section        0  delay.o(.text.delay_ms)
    __arm_cp.1_0                             0x00003a6c   Number         4  delay.o(.text.delay_ms)
    [Anonymous Symbol]                       0x00003a70   Section        0  keyboard.o(.text.getKeyValue)
    __arm_cp.1_0                             0x00003c74   Number         4  keyboard.o(.text.getKeyValue)
    __arm_cp.1_1                             0x00003c78   Number         4  keyboard.o(.text.getKeyValue)
    __arm_cp.1_2                             0x00003c7c   Number         4  keyboard.o(.text.getKeyValue)
    [Anonymous Symbol]                       0x00003c80   Section        0  main.o(.text.main)
    __arm_cp.12_39                           0x00003fd8   Number         4  main.o(.text.main)
    __arm_cp.12_71                           0x00004418   Number         4  main.o(.text.main)
    __arm_cp.12_57                           0x00004478   Number         4  main.o(.text.main)
    __arm_cp.12_60                           0x00004484   Number         4  main.o(.text.main)
    __arm_cp.12_61                           0x00004488   Number         4  main.o(.text.main)
    __arm_cp.12_62                           0x0000448c   Number         4  main.o(.text.main)
    __arm_cp.12_64                           0x00004494   Number         4  main.o(.text.main)
    __arm_cp.12_65                           0x00004498   Number         4  main.o(.text.main)
    __arm_cp.12_77                           0x000044a0   Number         4  main.o(.text.main)
    __arm_cp.12_78                           0x000044a4   Number         4  main.o(.text.main)
    __arm_cp.12_68                           0x000045c0   Number         4  main.o(.text.main)
    __arm_cp.12_69                           0x000045c4   Number         4  main.o(.text.main)
    __arm_cp.12_1                            0x000045c8   Number         4  main.o(.text.main)
    __arm_cp.12_2                            0x000045cc   Number         4  main.o(.text.main)
    __arm_cp.12_3                            0x000045d0   Number         4  main.o(.text.main)
    __arm_cp.12_4                            0x000045d4   Number         4  main.o(.text.main)
    __arm_cp.12_6                            0x000045d8   Number         4  main.o(.text.main)
    __arm_cp.12_7                            0x000045dc   Number         4  main.o(.text.main)
    __arm_cp.12_8                            0x000045e0   Number         4  main.o(.text.main)
    __arm_cp.12_12                           0x000045f4   Number         4  main.o(.text.main)
    __arm_cp.12_14                           0x00004600   Number         4  main.o(.text.main)
    __arm_cp.12_15                           0x00004604   Number         4  main.o(.text.main)
    __arm_cp.12_16                           0x00004608   Number         4  main.o(.text.main)
    __arm_cp.12_18                           0x0000460c   Number         4  main.o(.text.main)
    __arm_cp.12_21                           0x00004618   Number         4  main.o(.text.main)
    __arm_cp.12_25                           0x00004624   Number         4  main.o(.text.main)
    __arm_cp.12_26                           0x00004628   Number         4  main.o(.text.main)
    __arm_cp.12_27                           0x0000462c   Number         4  main.o(.text.main)
    __arm_cp.12_28                           0x00004630   Number         4  main.o(.text.main)
    [Anonymous Symbol]                       0x00004634   Section        0  main.o(.text.main_show)
    __arm_cp.5_1                             0x000046e0   Number         4  main.o(.text.main_show)
    __arm_cp.5_2                             0x000046e4   Number         4  main.o(.text.main_show)
    __arm_cp.5_3                             0x000046e8   Number         4  main.o(.text.main_show)
    [Anonymous Symbol]                       0x000046ec   Section        0  main.o(.text.sine_wave_show)
    [Anonymous Symbol]                       0x00004760   Section        0  main.o(.text.square_show)
    __arm_cp.11_0                            0x000047d4   Number         4  main.o(.text.square_show)
    __arm_cp.11_1                            0x000047d8   Number         4  main.o(.text.square_show)
    __arm_cp.11_2                            0x000047dc   Number         4  main.o(.text.square_show)
    .text_divfast                            0x000047e0   Section      502  aeabi_sdivfast.o(.text_divfast)
    i.__ARM_common_ll_muluu                  0x000049d6   Section        0  btod.o(i.__ARM_common_ll_muluu)
    i.__mathlib_dbl_overflow                 0x00004a08   Section        0  dunder.o(i.__mathlib_dbl_overflow)
    i.__mathlib_dbl_underflow                0x00004a1c   Section        0  dunder.o(i.__mathlib_dbl_underflow)
    i.__mathlib_narrow                       0x00004a30   Section        0  narrow.o(i.__mathlib_narrow)
    i.__mathlib_tofloat                      0x00004a40   Section        0  narrow.o(i.__mathlib_tofloat)
    i.__support_ldexp                        0x00004b08   Section        0  ldexp.o(i.__support_ldexp)
    i._is_digit                              0x00004b1c   Section        0  __printf_wp.o(i._is_digit)
    i.frexp                                  0x00004b2c   Section        0  frexp.o(i.frexp)
    i.ldexp                                  0x00004b84   Section        0  ldexp.o(i.ldexp)
    locale$$code                             0x00004bf4   Section       44  lc_numeric_c.o(locale$$code)
    locale$$code                             0x00004c20   Section       44  lc_ctype_c.o(locale$$code)
    x$fpl$deqf                               0x00004c4c   Section      100  deqf.o(x$fpl$deqf)
    x$fpl$drleqf                             0x00004cb0   Section      104  drlef.o(x$fpl$drleqf)
    x$fpl$fmul                               0x00004d18   Section      176  fmul.o(x$fpl$fmul)
    x$fpl$scanf1                             0x00004dc8   Section       16  scanf1.o(x$fpl$scanf1)
    x$fpl$scanf2                             0x00004dd8   Section       32  scanf2.o(x$fpl$scanf2)
    tenpwrs_x                                0x00004df8   Data          60  bigflt0.o(.constdata)
    .constdata                               0x00004df8   Section      148  bigflt0.o(.constdata)
    x$fpl$usenofp                            0x00004df8   Section        0  usenofp.o(x$fpl$usenofp)
    tenpwrs_i                                0x00004e34   Data          64  bigflt0.o(.constdata)
    gADC12_0ClockConfig                      0x00005424   Data           8  ti_msp_dl_config.o(.rodata.gADC12_0ClockConfig)
    [Anonymous Symbol]                       0x00005424   Section        0  ti_msp_dl_config.o(.rodata.gADC12_0ClockConfig)
    gDAC12Config                             0x0000542c   Data          32  ti_msp_dl_config.o(.rodata.gDAC12Config)
    [Anonymous Symbol]                       0x0000542c   Section        0  ti_msp_dl_config.o(.rodata.gDAC12Config)
    gDMA_ADC_CH1Config                       0x0000544c   Data          24  ti_msp_dl_config.o(.rodata.gDMA_ADC_CH1Config)
    [Anonymous Symbol]                       0x0000544c   Section        0  ti_msp_dl_config.o(.rodata.gDMA_ADC_CH1Config)
    gDMA_DAC_CH0Config                       0x00005464   Data          24  ti_msp_dl_config.o(.rodata.gDMA_DAC_CH0Config)
    [Anonymous Symbol]                       0x00005464   Section        0  ti_msp_dl_config.o(.rodata.gDMA_DAC_CH0Config)
    gSPI_0_clockConfig                       0x0000547c   Data           2  ti_msp_dl_config.o(.rodata.gSPI_0_clockConfig)
    [Anonymous Symbol]                       0x0000547c   Section        0  ti_msp_dl_config.o(.rodata.gSPI_0_clockConfig)
    gSPI_0_config                            0x0000547e   Data          10  ti_msp_dl_config.o(.rodata.gSPI_0_config)
    [Anonymous Symbol]                       0x0000547e   Section        0  ti_msp_dl_config.o(.rodata.gSPI_0_config)
    gSPI_1_clockConfig                       0x00005488   Data           2  ti_msp_dl_config.o(.rodata.gSPI_1_clockConfig)
    [Anonymous Symbol]                       0x00005488   Section        0  ti_msp_dl_config.o(.rodata.gSPI_1_clockConfig)
    gSPI_1_config                            0x0000548a   Data          10  ti_msp_dl_config.o(.rodata.gSPI_1_config)
    [Anonymous Symbol]                       0x0000548a   Section        0  ti_msp_dl_config.o(.rodata.gSPI_1_config)
    gSYSPLLConfig                            0x00005494   Data          40  ti_msp_dl_config.o(.rodata.gSYSPLLConfig)
    [Anonymous Symbol]                       0x00005494   Section        0  ti_msp_dl_config.o(.rodata.gSYSPLLConfig)
    gTIMER_0ClockConfig                      0x000054bc   Data           3  ti_msp_dl_config.o(.rodata.gTIMER_0ClockConfig)
    [Anonymous Symbol]                       0x000054bc   Section        0  ti_msp_dl_config.o(.rodata.gTIMER_0ClockConfig)
    gTIMER_0TimerConfig                      0x000054c0   Data          20  ti_msp_dl_config.o(.rodata.gTIMER_0TimerConfig)
    [Anonymous Symbol]                       0x000054c0   Section        0  ti_msp_dl_config.o(.rodata.gTIMER_0TimerConfig)
    gTIMER_1ClockConfig                      0x000054d4   Data           3  ti_msp_dl_config.o(.rodata.gTIMER_1ClockConfig)
    [Anonymous Symbol]                       0x000054d4   Section        0  ti_msp_dl_config.o(.rodata.gTIMER_1ClockConfig)
    gTIMER_1TimerConfig                      0x000054d8   Data          20  ti_msp_dl_config.o(.rodata.gTIMER_1TimerConfig)
    [Anonymous Symbol]                       0x000054d8   Section        0  ti_msp_dl_config.o(.rodata.gTIMER_1TimerConfig)
    gTIMER_2ClockConfig                      0x000054ec   Data           3  ti_msp_dl_config.o(.rodata.gTIMER_2ClockConfig)
    [Anonymous Symbol]                       0x000054ec   Section        0  ti_msp_dl_config.o(.rodata.gTIMER_2ClockConfig)
    gTIMER_2TimerConfig                      0x000054f0   Data          20  ti_msp_dl_config.o(.rodata.gTIMER_2TimerConfig)
    [Anonymous Symbol]                       0x000054f0   Section        0  ti_msp_dl_config.o(.rodata.gTIMER_2TimerConfig)
    gUART_COMClockConfig                     0x00005504   Data           2  ti_msp_dl_config.o(.rodata.gUART_COMClockConfig)
    [Anonymous Symbol]                       0x00005504   Section        0  ti_msp_dl_config.o(.rodata.gUART_COMClockConfig)
    gUART_COMConfig                          0x00005506   Data          10  ti_msp_dl_config.o(.rodata.gUART_COMConfig)
    [Anonymous Symbol]                       0x00005506   Section        0  ti_msp_dl_config.o(.rodata.gUART_COMConfig)
    gUART_FPGAClockConfig                    0x00005510   Data           2  ti_msp_dl_config.o(.rodata.gUART_FPGAClockConfig)
    [Anonymous Symbol]                       0x00005510   Section        0  ti_msp_dl_config.o(.rodata.gUART_FPGAClockConfig)
    gUART_FPGAConfig                         0x00005512   Data          10  ti_msp_dl_config.o(.rodata.gUART_FPGAConfig)
    [Anonymous Symbol]                       0x00005512   Section        0  ti_msp_dl_config.o(.rodata.gUART_FPGAConfig)
    [Anonymous Symbol]                       0x0000551c   Section        0  main.o(.rodata.str1.1)
    c$$dinf                                  0x000055a0   Section        8  fpconst.o(c$$dinf)
    c$$dmax                                  0x000055a8   Section        8  fpconst.o(c$$dmax)
    locale$$data                             0x000055b0   Section       28  lc_numeric_c.o(locale$$data)
    __lcnum_c_name                           0x000055b4   Data           2  lc_numeric_c.o(locale$$data)
    __lcnum_c_start                          0x000055bc   Data           0  lc_numeric_c.o(locale$$data)
    __lcnum_c_point                          0x000055c8   Data           0  lc_numeric_c.o(locale$$data)
    __lcnum_c_thousands                      0x000055ca   Data           0  lc_numeric_c.o(locale$$data)
    __lcnum_c_grouping                       0x000055cb   Data           0  lc_numeric_c.o(locale$$data)
    __lcnum_c_end                            0x000055cc   Data           0  lc_numeric_c.o(locale$$data)
    locale$$data                             0x000055cc   Section      272  lc_ctype_c.o(locale$$data)
    __lcctype_c_name                         0x000055d0   Data           2  lc_ctype_c.o(locale$$data)
    __lcctype_c_start                        0x000055d8   Data           0  lc_ctype_c.o(locale$$data)
    __lcctype_c_end                          0x000056dc   Data           0  lc_ctype_c.o(locale$$data)
    .bss                                     0x20200068   Section       96  libspace.o(.bss)
    Heap_Mem                                 0x202006b0   Data           0  startup_mspm0g351x_uvision.o(HEAP)
    Stack_Mem                                0x202006b0   Data        8192  startup_mspm0g351x_uvision.o(STACK)
    HEAP                                     0x202006b0   Section        0  startup_mspm0g351x_uvision.o(HEAP)
    STACK                                    0x202006b0   Section     8192  startup_mspm0g351x_uvision.o(STACK)
    __initial_sp                             0x202026b0   Data           0  startup_mspm0g351x_uvision.o(STACK)

    Global Symbols

    Symbol Name                              Value     Ov Type        Size  Object(Section)

    BuildAttributes$$THM_ISAv3M$S$PE$A:L22$X:L11$S22$IEEE1$IW$~IW$USESV6$~STKCKD$USESV7$~SHL$OTIME$ROPI$IEEEX$EBA8$UX$STANDARDLIB$REQ8$PRES8$EABIv2 0x00000000   Number         0  anon$$obj.o ABSOLUTE
    __Vectors                                0x00000000   Data           4  startup_mspm0g351x_uvision.o(RESET)
    _printf_flags                            0x00000000   Number         0  printf_stubs.o ABSOLUTE
    _printf_return_value                     0x00000000   Number         0  printf_stubs.o ABSOLUTE
    _printf_sizespec                         0x00000000   Number         0  printf_stubs.o ABSOLUTE
    _printf_widthprec                        0x00000000   Number         0  printf_stubs.o ABSOLUTE
    __ARM_exceptions_init                     - Undefined Weak Reference
    __alloca_initialize                       - Undefined Weak Reference
    __arm_preinit_                            - Undefined Weak Reference
    __arm_relocate_pie_                       - Undefined Weak Reference
    __cpp_initialize__aeabi_                  - Undefined Weak Reference
    __cxa_finalize                            - Undefined Weak Reference
    __sigvec_lookup                           - Undefined Weak Reference
    _atexit_init                              - Undefined Weak Reference
    _call_atexit_fns                          - Undefined Weak Reference
    _clock_init                               - Undefined Weak Reference
    _fp_trap_init                             - Undefined Weak Reference
    _fp_trap_shutdown                         - Undefined Weak Reference
    _get_lc_collate                           - Undefined Weak Reference
    _get_lc_monetary                          - Undefined Weak Reference
    _get_lc_time                              - Undefined Weak Reference
    _getenv_init                              - Undefined Weak Reference
    _handle_redirection                       - Undefined Weak Reference
    _init_alloc                               - Undefined Weak Reference
    _init_user_alloc                          - Undefined Weak Reference
    _initio                                   - Undefined Weak Reference
    _printf_post_padding                      - Undefined Weak Reference
    _printf_pre_padding                       - Undefined Weak Reference
    _printf_truncate_signed                   - Undefined Weak Reference
    _printf_truncate_unsigned                 - Undefined Weak Reference
    _rand_init                                - Undefined Weak Reference
    _scanf_int                                - Undefined Weak Reference
    _scanf_longlong                           - Undefined Weak Reference
    _scanf_mbtowc                             - Undefined Weak Reference
    _scanf_string                             - Undefined Weak Reference
    _scanf_wctomb                             - Undefined Weak Reference
    _scanf_wstring                            - Undefined Weak Reference
    _signal_finish                            - Undefined Weak Reference
    _signal_init                              - Undefined Weak Reference
    _terminate_alloc                          - Undefined Weak Reference
    _terminate_user_alloc                     - Undefined Weak Reference
    _terminateio                              - Undefined Weak Reference
    __Vectors_End                            0x000000c0   Data           0  startup_mspm0g351x_uvision.o(RESET)
    __Vectors_Size                           0x000000c0   Number         0  startup_mspm0g351x_uvision.o ABSOLUTE
    __main                                   0x000000c1   Thumb Code     8  __main.o(!!!main)
    __scatterload                            0x000000c9   Thumb Code     0  __scatter.o(!!!scatter)
    __scatterload_rt2                        0x000000c9   Thumb Code    74  __scatter.o(!!!scatter)
    __scatterload_rt2_thumb_only             0x000000c9   Thumb Code     0  __scatter.o(!!!scatter)
    __scatterload_loop                       0x000000d3   Thumb Code     0  __scatter.o(!!!scatter)
    __scatterload_copy                       0x00000121   Thumb Code    26  __scatter_copy.o(!!handler_copy)
    __scatterload_null                       0x00000141   Thumb Code     2  __scatter.o(!!handler_null)
    __scatterload_zeroinit                   0x00000149   Thumb Code    28  __scatter_zi.o(!!handler_zi)
    _printf_percent                          0x00000165   Thumb Code     0  _printf_percent.o(.ARM.Collect$$_printf_percent$$00000000)
    _printf_u                                0x00000167   Thumb Code     0  _printf_u.o(.ARM.Collect$$_printf_percent$$0000000A)
    _printf_percent_end                      0x00000171   Thumb Code     0  _printf_percent_end.o(.ARM.Collect$$_printf_percent$$00000017)
    __rt_lib_init                            0x00000175   Thumb Code     0  libinit.o(.ARM.Collect$$libinit$$00000000)
    __rt_lib_init_fp_1                       0x00000177   Thumb Code     0  libinit2.o(.ARM.Collect$$libinit$$00000002)
    __rt_lib_init_heap_1                     0x00000177   Thumb Code     0  libinit2.o(.ARM.Collect$$libinit$$0000000C)
    __rt_lib_init_lc_common                  0x00000177   Thumb Code     0  libinit2.o(.ARM.Collect$$libinit$$00000011)
    __rt_lib_init_preinit_1                  0x00000177   Thumb Code     0  libinit2.o(.ARM.Collect$$libinit$$00000006)
    __rt_lib_init_rand_1                     0x00000177   Thumb Code     0  libinit2.o(.ARM.Collect$$libinit$$00000010)
    __rt_lib_init_relocate_pie_1             0x00000177   Thumb Code     0  libinit2.o(.ARM.Collect$$libinit$$00000004)
    __rt_lib_init_user_alloc_1               0x00000177   Thumb Code     0  libinit2.o(.ARM.Collect$$libinit$$0000000E)
    __rt_lib_init_lc_collate_1               0x0000017d   Thumb Code     0  libinit2.o(.ARM.Collect$$libinit$$00000013)
    __rt_lib_init_lc_ctype_2                 0x0000017d   Thumb Code     0  libinit2.o(.ARM.Collect$$libinit$$00000014)
    __rt_lib_init_lc_ctype_1                 0x00000189   Thumb Code     0  libinit2.o(.ARM.Collect$$libinit$$00000015)
    __rt_lib_init_lc_monetary_1              0x00000189   Thumb Code     0  libinit2.o(.ARM.Collect$$libinit$$00000017)
    __rt_lib_init_lc_numeric_2               0x00000189   Thumb Code     0  libinit2.o(.ARM.Collect$$libinit$$00000018)
    __rt_lib_init_alloca_1                   0x00000193   Thumb Code     0  libinit2.o(.ARM.Collect$$libinit$$00000030)
    __rt_lib_init_argv_1                     0x00000193   Thumb Code     0  libinit2.o(.ARM.Collect$$libinit$$0000002E)
    __rt_lib_init_atexit_1                   0x00000193   Thumb Code     0  libinit2.o(.ARM.Collect$$libinit$$0000001D)
    __rt_lib_init_clock_1                    0x00000193   Thumb Code     0  libinit2.o(.ARM.Collect$$libinit$$00000023)
    __rt_lib_init_cpp_1                      0x00000193   Thumb Code     0  libinit2.o(.ARM.Collect$$libinit$$00000034)
    __rt_lib_init_exceptions_1               0x00000193   Thumb Code     0  libinit2.o(.ARM.Collect$$libinit$$00000032)
    __rt_lib_init_fp_trap_1                  0x00000193   Thumb Code     0  libinit2.o(.ARM.Collect$$libinit$$00000021)
    __rt_lib_init_getenv_1                   0x00000193   Thumb Code     0  libinit2.o(.ARM.Collect$$libinit$$00000025)
    __rt_lib_init_lc_numeric_1               0x00000193   Thumb Code     0  libinit2.o(.ARM.Collect$$libinit$$00000019)
    __rt_lib_init_lc_time_1                  0x00000193   Thumb Code     0  libinit2.o(.ARM.Collect$$libinit$$0000001B)
    __rt_lib_init_return                     0x00000193   Thumb Code     0  libinit2.o(.ARM.Collect$$libinit$$00000035)
    __rt_lib_init_signal_1                   0x00000193   Thumb Code     0  libinit2.o(.ARM.Collect$$libinit$$0000001F)
    __rt_lib_init_stdio_1                    0x00000193   Thumb Code     0  libinit2.o(.ARM.Collect$$libinit$$00000027)
    __rt_lib_shutdown                        0x00000195   Thumb Code     0  libshutdown.o(.ARM.Collect$$libshutdown$$00000000)
    __rt_lib_shutdown_cpp_1                  0x00000197   Thumb Code     0  libshutdown2.o(.ARM.Collect$$libshutdown$$00000002)
    __rt_lib_shutdown_fp_trap_1              0x00000197   Thumb Code     0  libshutdown2.o(.ARM.Collect$$libshutdown$$00000007)
    __rt_lib_shutdown_heap_1                 0x00000197   Thumb Code     0  libshutdown2.o(.ARM.Collect$$libshutdown$$0000000F)
    __rt_lib_shutdown_return                 0x00000197   Thumb Code     0  libshutdown2.o(.ARM.Collect$$libshutdown$$00000010)
    __rt_lib_shutdown_signal_1               0x00000197   Thumb Code     0  libshutdown2.o(.ARM.Collect$$libshutdown$$0000000A)
    __rt_lib_shutdown_stdio_1                0x00000197   Thumb Code     0  libshutdown2.o(.ARM.Collect$$libshutdown$$00000004)
    __rt_lib_shutdown_user_alloc_1           0x00000197   Thumb Code     0  libshutdown2.o(.ARM.Collect$$libshutdown$$0000000C)
    __rt_entry                               0x00000199   Thumb Code     0  __rtentry.o(.ARM.Collect$$rtentry$$00000000)
    __rt_entry_presh_1                       0x00000199   Thumb Code     0  __rtentry2.o(.ARM.Collect$$rtentry$$00000002)
    __rt_entry_sh                            0x00000199   Thumb Code     0  __rtentry4.o(.ARM.Collect$$rtentry$$00000004)
    __rt_entry_li                            0x0000019f   Thumb Code     0  __rtentry2.o(.ARM.Collect$$rtentry$$0000000A)
    __rt_entry_postsh_1                      0x0000019f   Thumb Code     0  __rtentry2.o(.ARM.Collect$$rtentry$$00000009)
    __rt_entry_main                          0x000001a3   Thumb Code     0  __rtentry2.o(.ARM.Collect$$rtentry$$0000000D)
    __rt_entry_postli_1                      0x000001a3   Thumb Code     0  __rtentry2.o(.ARM.Collect$$rtentry$$0000000C)
    __rt_exit                                0x000001ab   Thumb Code     0  rtexit.o(.ARM.Collect$$rtexit$$00000000)
    __rt_exit_ls                             0x000001ad   Thumb Code     0  rtexit2.o(.ARM.Collect$$rtexit$$00000003)
    __rt_exit_prels_1                        0x000001ad   Thumb Code     0  rtexit2.o(.ARM.Collect$$rtexit$$00000002)
    __rt_exit_exit                           0x000001b1   Thumb Code     0  rtexit2.o(.ARM.Collect$$rtexit$$00000004)
    Reset_Handler                            0x000001b9   Thumb Code     4  startup_mspm0g351x_uvision.o(.text)
    NMI_Handler                              0x000001bd   Thumb Code     2  startup_mspm0g351x_uvision.o(.text)
    HardFault_Handler                        0x000001bf   Thumb Code     2  startup_mspm0g351x_uvision.o(.text)
    SVC_Handler                              0x000001c1   Thumb Code     2  startup_mspm0g351x_uvision.o(.text)
    PendSV_Handler                           0x000001c3   Thumb Code     2  startup_mspm0g351x_uvision.o(.text)
    SysTick_Handler                          0x000001c5   Thumb Code     2  startup_mspm0g351x_uvision.o(.text)
    ADC0_IRQHandler                          0x000001c7   Thumb Code     0  startup_mspm0g351x_uvision.o(.text)
    ADC1_IRQHandler                          0x000001c7   Thumb Code     0  startup_mspm0g351x_uvision.o(.text)
    AESADV_IRQHandler                        0x000001c7   Thumb Code     0  startup_mspm0g351x_uvision.o(.text)
    CANFD0_IRQHandler                        0x000001c7   Thumb Code     0  startup_mspm0g351x_uvision.o(.text)
    CANFD1_IRQHandler                        0x000001c7   Thumb Code     0  startup_mspm0g351x_uvision.o(.text)
    DAC0_IRQHandler                          0x000001c7   Thumb Code     0  startup_mspm0g351x_uvision.o(.text)
    DMA_IRQHandler                           0x000001c7   Thumb Code     0  startup_mspm0g351x_uvision.o(.text)
    Default_Handler                          0x000001c7   Thumb Code     2  startup_mspm0g351x_uvision.o(.text)
    GROUP0_IRQHandler                        0x000001c7   Thumb Code     0  startup_mspm0g351x_uvision.o(.text)
    GROUP1_IRQHandler                        0x000001c7   Thumb Code     0  startup_mspm0g351x_uvision.o(.text)
    I2C0_IRQHandler                          0x000001c7   Thumb Code     0  startup_mspm0g351x_uvision.o(.text)
    I2C1_IRQHandler                          0x000001c7   Thumb Code     0  startup_mspm0g351x_uvision.o(.text)
    I2C2_IRQHandler                          0x000001c7   Thumb Code     0  startup_mspm0g351x_uvision.o(.text)
    LFSS_IRQHandler                          0x000001c7   Thumb Code     0  startup_mspm0g351x_uvision.o(.text)
    SPI0_IRQHandler                          0x000001c7   Thumb Code     0  startup_mspm0g351x_uvision.o(.text)
    SPI1_IRQHandler                          0x000001c7   Thumb Code     0  startup_mspm0g351x_uvision.o(.text)
    SPI2_IRQHandler                          0x000001c7   Thumb Code     0  startup_mspm0g351x_uvision.o(.text)
    TIMA0_IRQHandler                         0x000001c7   Thumb Code     0  startup_mspm0g351x_uvision.o(.text)
    TIMA1_IRQHandler                         0x000001c7   Thumb Code     0  startup_mspm0g351x_uvision.o(.text)
    TIMG0_IRQHandler                         0x000001c7   Thumb Code     0  startup_mspm0g351x_uvision.o(.text)
    TIMG12_IRQHandler                        0x000001c7   Thumb Code     0  startup_mspm0g351x_uvision.o(.text)
    TIMG14_IRQHandler                        0x000001c7   Thumb Code     0  startup_mspm0g351x_uvision.o(.text)
    TIMG6_IRQHandler                         0x000001c7   Thumb Code     0  startup_mspm0g351x_uvision.o(.text)
    TIMG7_IRQHandler                         0x000001c7   Thumb Code     0  startup_mspm0g351x_uvision.o(.text)
    TIMG8_IRQHandler                         0x000001c7   Thumb Code     0  startup_mspm0g351x_uvision.o(.text)
    TIMG9_IRQHandler                         0x000001c7   Thumb Code     0  startup_mspm0g351x_uvision.o(.text)
    UART0_IRQHandler                         0x000001c7   Thumb Code     0  startup_mspm0g351x_uvision.o(.text)
    UART1_IRQHandler                         0x000001c7   Thumb Code     0  startup_mspm0g351x_uvision.o(.text)
    UART3_IRQHandler                         0x000001c7   Thumb Code     0  startup_mspm0g351x_uvision.o(.text)
    UART4_IRQHandler                         0x000001c7   Thumb Code     0  startup_mspm0g351x_uvision.o(.text)
    UART5_IRQHandler                         0x000001c7   Thumb Code     0  startup_mspm0g351x_uvision.o(.text)
    UART6_IRQHandler                         0x000001c7   Thumb Code     0  startup_mspm0g351x_uvision.o(.text)
    UART7_IRQHandler                         0x000001c7   Thumb Code     0  startup_mspm0g351x_uvision.o(.text)
    __user_initial_stackheap                 0x000001c9   Thumb Code    10  startup_mspm0g351x_uvision.o(.text)
    __2sprintf                               0x000001e5   Thumb Code    40  __2sprintf.o(.text)
    __printf                                 0x00000211   Thumb Code   108  __printf.o(.text)
    _printf_int_dec                          0x0000027d   Thumb Code    90  _printf_dec.o(.text)
    __0sscanf                                0x000002e9   Thumb Code    54  __0sscanf.o(.text)
    strchr                                   0x00000329   Thumb Code    20  strchr.o(.text)
    strlen                                   0x0000033d   Thumb Code    62  strlen.o(.text)
    _memset_w                                0x00000381   Thumb Code    26  rt_memclr.o(.text)
    _memset                                  0x0000039b   Thumb Code    30  rt_memclr.o(.text)
    __aeabi_memclr                           0x000003b9   Thumb Code     4  rt_memclr.o(.text)
    __rt_memclr                              0x000003b9   Thumb Code     0  rt_memclr.o(.text)
    __aeabi_memclr4                          0x000003bd   Thumb Code     0  rt_memclr.o(.text)
    __aeabi_memclr8                          0x000003bd   Thumb Code     0  rt_memclr.o(.text)
    __rt_memclr_w                            0x000003bd   Thumb Code     4  rt_memclr.o(.text)
    __aeabi_uidivmod                         0x000003c1   Thumb Code    28  aeabi_sdivfast.o(.text)
    __aeabi_idivmod                          0x000003dd   Thumb Code   472  aeabi_sdivfast.o(.text)
    __use_two_region_memory                  0x000005b9   Thumb Code     2  heapauxi.o(.text)
    __rt_heap_escrow$2region                 0x000005bb   Thumb Code     2  heapauxi.o(.text)
    __rt_heap_expand$2region                 0x000005bd   Thumb Code     2  heapauxi.o(.text)
    __aeabi_f2uiz                            0x000005bf   Thumb Code     0  ffixui.o(.text)
    _ffixu                                   0x000005bf   Thumb Code    48  ffixui.o(.text)
    _printf_int_common                       0x000005ef   Thumb Code   176  _printf_intcommon.o(.text)
    _printf_char_common                      0x000006ab   Thumb Code    32  _printf_char_common.o(.text)
    _sputc                                   0x000006d1   Thumb Code    10  _sputc.o(.text)
    _scanf_really_real                       0x00000937   Thumb Code   710  scanf_fp.o(.text)
    __vfscanf_char                           0x00000c09   Thumb Code    28  scanf_char.o(.text)
    _sgetc                                   0x00000c2d   Thumb Code    32  _sgetc.o(.text)
    _sbackspace                              0x00000c4d   Thumb Code    36  _sgetc.o(.text)
    __rt_udiv10                              0x00000c71   Thumb Code    40  rtudiv10.o(.text)
    __rt_locale                              0x00000c99   Thumb Code     8  rt_locale_intlibspace.o(.text)
    __aeabi_errno_addr                       0x00000ca1   Thumb Code     8  rt_errno_addr_intlibspace.o(.text)
    __errno$intlibspace                      0x00000ca1   Thumb Code     0  rt_errno_addr_intlibspace.o(.text)
    __rt_errno_addr$intlibspace              0x00000ca1   Thumb Code     0  rt_errno_addr_intlibspace.o(.text)
    __aeabi_llsl                             0x00000ca9   Thumb Code    32  llshl.o(.text)
    _ll_shift_l                              0x00000ca9   Thumb Code     0  llshl.o(.text)
    __aeabi_lmul                             0x00000cc9   Thumb Code    48  llmul.o(.text)
    _ll_mul                                  0x00000cc9   Thumb Code     0  llmul.o(.text)
    isspace                                  0x00000cf9   Thumb Code    18  isspace.o(.text)
    __vfscanf                                0x00000d0d   Thumb Code   880  _scanf.o(.text)
    _btod_etento                             0x0000108d   Thumb Code   210  bigflt0.o(.text)
    _btod_d2e                                0x00001165   Thumb Code    64  btod.o(.text)
    _btod_emul                               0x00001599   Thumb Code    28  btod.o(.text)
    _btod_emuld                              0x000015b5   Thumb Code   144  btod.o(.text)
    _btod_ediv                               0x00001645   Thumb Code    26  btod.o(.text)
    _btod_edivd                              0x0000165f   Thumb Code   124  btod.o(.text)
    __user_libspace                          0x000016e5   Thumb Code     8  libspace.o(.text)
    __user_perproc_libspace                  0x000016e5   Thumb Code     0  libspace.o(.text)
    __user_perthread_libspace                0x000016e5   Thumb Code     0  libspace.o(.text)
    __user_setup_stackheap                   0x000016ed   Thumb Code    62  sys_stackheap_outer.o(.text)
    __rt_ctype_table                         0x0000172d   Thumb Code    16  rt_ctype_table.o(.text)
    __read_errno                             0x0000173d   Thumb Code    10  _rserrno.o(.text)
    __set_errno                              0x00001747   Thumb Code    12  _rserrno.o(.text)
    _scanf_really_hex_real                   0x00001755   Thumb Code   806  scanf_hexfp.o(.text)
    _scanf_really_infnan                     0x00001a89   Thumb Code   300  scanf_infnan.o(.text)
    exit                                     0x00001bc5   Thumb Code    16  exit.o(.text)
    strcmp                                   0x00001bd5   Thumb Code   176  strcmpv6m.o(.text)
    __aeabi_d2f                              0x00001c85   Thumb Code     0  d2f.o(.text)
    _d2f                                     0x00001c85   Thumb Code   120  d2f.o(.text)
    _chval                                   0x00001d01   Thumb Code    30  _chval.o(.text)
    __fpl_dcmp_InfNaN                        0x00001d21   Thumb Code   154  dcmpin.o(.text)
    __ARM_scalbn                             0x00001dc1   Thumb Code    84  dscalbn.o(.text)
    _sys_exit                                0x00001e21   Thumb Code     8  sys_exit.o(.text)
    __fpl_cmpreturn                          0x00001e2d   Thumb Code    46  cmpret.o(.text)
    __fpl_dcheck_NaN2                        0x00001e5d   Thumb Code    14  dnan2.o(.text)
    __I$use$semihosting                      0x00001e71   Thumb Code     0  use_no_semi.o(.text)
    __use_no_semihosting_swi                 0x00001e71   Thumb Code     2  use_no_semi.o(.text)
    __fpl_return_NaN                         0x00001e73   Thumb Code    94  retnan.o(.text)
    __semihosting_library_function           0x00001e73   Thumb Code     0  indicate_semi.o(.text)
    DL_ADC12_setClockConfig                  0x00001ed1   Thumb Code    56  dl_adc12.o(.text.DL_ADC12_setClockConfig)
    DL_Common_delayCycles                    0x00001f11   Thumb Code    10  dl_common.o(.text.DL_Common_delayCycles)
    DL_DAC12_init                            0x00001f1d   Thumb Code   104  dl_dac12.o(.text.DL_DAC12_init)
    DL_DMA_initChannel                       0x00001fa5   Thumb Code    64  dl_dma.o(.text.DL_DMA_initChannel)
    DL_FactoryRegion_initTrimTable           0x00001fe9   Thumb Code    76  dl_factoryregion.o(.text.DL_FactoryRegion_initTrimTable)
    DL_SPI_init                              0x0000203d   Thumb Code    60  dl_spi.o(.text.DL_SPI_init)
    DL_SPI_setClockConfig                    0x00002081   Thumb Code    18  dl_spi.o(.text.DL_SPI_setClockConfig)
    DL_SYSCTL_configSYSPLL                   0x00002095   Thumb Code   240  dl_sysctl_mspm0gx51x.o(.text.DL_SYSCTL_configSYSPLL)
    DL_SYSCTL_setHFCLKSourceHFXTParams       0x00002195   Thumb Code   128  dl_sysctl_mspm0gx51x.o(.text.DL_SYSCTL_setHFCLKSourceHFXTParams)
    DL_SYSCTL_switchMCLKfromSYSOSCtoHSCLK    0x00002221   Thumb Code    72  dl_sysctl_mspm0gx51x.o(.text.DL_SYSCTL_switchMCLKfromSYSOSCtoHSCLK)
    DL_Timer_initTimerMode                   0x00002271   Thumb Code   240  dl_timer.o(.text.DL_Timer_initTimerMode)
    DL_Timer_setClockConfig                  0x00002371   Thumb Code    24  dl_timer.o(.text.DL_Timer_setClockConfig)
    DL_UART_init                             0x0000238d   Thumb Code    64  dl_uart.o(.text.DL_UART_init)
    DL_UART_setClockConfig                   0x000023d5   Thumb Code    18  dl_uart.o(.text.DL_UART_setClockConfig)
    DL_UART_transmitDataBlocking             0x000023e9   Thumb Code    56  dl_uart.o(.text.DL_UART_transmitDataBlocking)
    OLED_Clear                               0x00002425   Thumb Code   356  oled_spi_v0.2.o(.text.OLED_Clear)
    OLED_DrawBMP                             0x0000258d   Thumb Code   524  oled_spi_v0.2.o(.text.OLED_DrawBMP)
    OLED_Init                                0x00002799   Thumb Code  1984  oled_spi_v0.2.o(.text.OLED_Init)
    OLED_ShowChar                            0x00002f59   Thumb Code   592  oled_spi_v0.2.o(.text.OLED_ShowChar)
    OLED_ShowNum                             0x000031b5   Thumb Code   220  oled_spi_v0.2.o(.text.OLED_ShowNum)
    OLED_ShowString                          0x00003295   Thumb Code    70  oled_spi_v0.2.o(.text.OLED_ShowString)
    SYSCFG_DL_ADC12_0_init                   0x000032dd   Thumb Code    88  ti_msp_dl_config.o(.text.SYSCFG_DL_ADC12_0_init)
    SYSCFG_DL_DAC12_init                     0x00003351   Thumb Code    28  ti_msp_dl_config.o(.text.SYSCFG_DL_DAC12_init)
    SYSCFG_DL_DMA_ADC_CH1_init               0x0000337d   Thumb Code    28  ti_msp_dl_config.o(.text.SYSCFG_DL_DMA_ADC_CH1_init)
    SYSCFG_DL_DMA_DAC_CH0_init               0x0000339d   Thumb Code    28  ti_msp_dl_config.o(.text.SYSCFG_DL_DMA_DAC_CH0_init)
    SYSCFG_DL_DMA_init                       0x000033c5   Thumb Code    12  ti_msp_dl_config.o(.text.SYSCFG_DL_DMA_init)
    SYSCFG_DL_GPIO_init                      0x000033d1   Thumb Code   268  ti_msp_dl_config.o(.text.SYSCFG_DL_GPIO_init)
    SYSCFG_DL_SPI_0_init                     0x0000351d   Thumb Code    56  ti_msp_dl_config.o(.text.SYSCFG_DL_SPI_0_init)
    SYSCFG_DL_SPI_1_init                     0x00003565   Thumb Code    56  ti_msp_dl_config.o(.text.SYSCFG_DL_SPI_1_init)
    SYSCFG_DL_SYSCTL_init                    0x000035b1   Thumb Code   132  ti_msp_dl_config.o(.text.SYSCFG_DL_SYSCTL_init)
    SYSCFG_DL_TIMER_0_init                   0x00003641   Thumb Code    52  ti_msp_dl_config.o(.text.SYSCFG_DL_TIMER_0_init)
    SYSCFG_DL_TIMER_1_init                   0x0000368d   Thumb Code    48  ti_msp_dl_config.o(.text.SYSCFG_DL_TIMER_1_init)
    SYSCFG_DL_TIMER_2_init                   0x000036d5   Thumb Code    36  ti_msp_dl_config.o(.text.SYSCFG_DL_TIMER_2_init)
    SYSCFG_DL_TRNG_init                      0x0000370d   Thumb Code    60  ti_msp_dl_config.o(.text.SYSCFG_DL_TRNG_init)
    SYSCFG_DL_UART_COM_init                  0x00003751   Thumb Code    76  ti_msp_dl_config.o(.text.SYSCFG_DL_UART_COM_init)
    SYSCFG_DL_UART_FPGA_init                 0x000037ad   Thumb Code    76  ti_msp_dl_config.o(.text.SYSCFG_DL_UART_FPGA_init)
    SYSCFG_DL_init                           0x00003809   Thumb Code    88  ti_msp_dl_config.o(.text.SYSCFG_DL_init)
    SYSCFG_DL_initPower                      0x00003875   Thumb Code   112  ti_msp_dl_config.o(.text.SYSCFG_DL_initPower)
    UART_send_am_params                      0x00003921   Thumb Code   100  main.o(.text.UART_send_am_params)
    UART_send_fm_params                      0x00003985   Thumb Code   100  main.o(.text.UART_send_fm_params)
    UART_send_square_params                  0x000039e9   Thumb Code   100  main.o(.text.UART_send_square_params)
    W25Q64_Init                              0x00003a55   Thumb Code    12  w25q64_spi.o(.text.W25Q64_Init)
    delay_ms                                 0x00003a61   Thumb Code    12  delay.o(.text.delay_ms)
    getKeyValue                              0x00003a71   Thumb Code   516  keyboard.o(.text.getKeyValue)
    main                                     0x00003c81   Thumb Code  2368  main.o(.text.main)
    main_show                                0x00004635   Thumb Code   152  main.o(.text.main_show)
    sine_wave_show                           0x000046ed   Thumb Code   116  main.o(.text.sine_wave_show)
    square_show                              0x00004761   Thumb Code   116  main.o(.text.square_show)
    __aeabi_uidiv                            0x000047e1   Thumb Code    68  aeabi_sdivfast.o(.text_divfast)
    __aeabi_idiv                             0x00004825   Thumb Code   434  aeabi_sdivfast.o(.text_divfast)
    __ARM_common_ll_muluu                    0x000049d7   Thumb Code    48  btod.o(i.__ARM_common_ll_muluu)
    __mathlib_dbl_overflow                   0x00004a09   Thumb Code    16  dunder.o(i.__mathlib_dbl_overflow)
    __mathlib_dbl_underflow                  0x00004a1d   Thumb Code    14  dunder.o(i.__mathlib_dbl_underflow)
    __mathlib_narrow                         0x00004a31   Thumb Code    16  narrow.o(i.__mathlib_narrow)
    __mathlib_tofloat                        0x00004a41   Thumb Code   190  narrow.o(i.__mathlib_tofloat)
    __support_ldexp                          0x00004b09   Thumb Code    20  ldexp.o(i.__support_ldexp)
    _is_digit                                0x00004b1d   Thumb Code    14  __printf_wp.o(i._is_digit)
    frexp                                    0x00004b2d   Thumb Code    72  frexp.o(i.frexp)
    ldexp                                    0x00004b85   Thumb Code   112  ldexp.o(i.ldexp)
    _get_lc_numeric                          0x00004bf5   Thumb Code    44  lc_numeric_c.o(locale$$code)
    _get_lc_ctype                            0x00004c21   Thumb Code    44  lc_ctype_c.o(locale$$code)
    __aeabi_cdcmpeq                          0x00004c4d   Thumb Code     0  deqf.o(x$fpl$deqf)
    _dcmpeq                                  0x00004c4d   Thumb Code    94  deqf.o(x$fpl$deqf)
    __aeabi_cdrcmple                         0x00004cb1   Thumb Code     0  drlef.o(x$fpl$drleqf)
    _drcmple                                 0x00004cb1   Thumb Code   100  drlef.o(x$fpl$drleqf)
    __aeabi_fmul                             0x00004d19   Thumb Code     0  fmul.o(x$fpl$fmul)
    _fmul                                    0x00004d19   Thumb Code   172  fmul.o(x$fpl$fmul)
    _scanf_real                              0x00004dc9   Thumb Code    16  scanf1.o(x$fpl$scanf1)
    _scanf_hex_real                          0x00004dd9   Thumb Code    16  scanf2.o(x$fpl$scanf2)
    _scanf_infnan                            0x00004de9   Thumb Code    16  scanf2.o(x$fpl$scanf2)
    __I$use$fp                               0x00004df8   Number         0  usenofp.o(x$fpl$usenofp)
    F6x8                                     0x00004e8c   Data         552  oled_spi_v0.2.o(.rodata.F6x8)
    Genshin                                  0x000050b4   Data         880  main.o(.rodata.Genshin)
    Region$$Table$$Base                      0x00005580   Number         0  anon$$obj.o(Region$$Table)
    Region$$Table$$Limit                     0x000055a0   Number         0  anon$$obj.o(Region$$Table)
    __aeabi_HUGE_VAL                         0x000055a0   Data           0  fpconst.o(c$$dinf)
    __aeabi_HUGE_VALL                        0x000055a0   Data           0  fpconst.o(c$$dinf)
    __aeabi_INFINITY                         0x000055a0   Data           0  fpconst.o(c$$dinf)
    __dInf                                   0x000055a0   Data           0  fpconst.o(c$$dinf)
    __huge_val                               0x000055a0   Data           0  fpconst.o(c$$dinf)
    __dbl_max                                0x000055a8   Data           0  fpconst.o(c$$dmax)
    __ctype                                  0x000055d9   Data           0  lc_ctype_c.o(locale$$data)
    DL_FACTORYREGION_TrimTable               0x20200000   Data          68  dl_factoryregion.o(.TrimTable)
    FACTORYVALUE                             0x20200044   Data           4  dl_factoryregion.o(.data.FACTORYVALUE)
    fm_deviation                             0x20200048   Data           4  main.o(.data.fm_deviation)
    fm_fc                                    0x2020004c   Data           4  main.o(.data.fm_fc)
    keytonum                                 0x20200050   Data          17  keyboard.o(.data.keytonum)
    __libspace_start                         0x20200068   Data          96  libspace.o(.bss)
    OLED_GRAM                                0x202000c8   Data        1040  oled_spi_v0.2.o(.bss.OLED_GRAM)
    __temporary_stack_top$libspace           0x202000c8   Data           0  libspace.o(.bss)
    gSPI_0Backup                             0x202004d8   Data          40  ti_msp_dl_config.o(.bss.gSPI_0Backup)
    gSPI_1Backup                             0x20200500   Data          40  ti_msp_dl_config.o(.bss.gSPI_1Backup)
    gTIMER_1Backup                           0x20200528   Data         188  ti_msp_dl_config.o(.bss.gTIMER_1Backup)
    gTIMER_2Backup                           0x202005e4   Data         188  ti_msp_dl_config.o(.bss.gTIMER_2Backup)
    gTRNGBackup                              0x202006a0   Data          16  ti_msp_dl_config.o(.bss.gTRNGBackup)



==============================================================================

Memory Map of the image

  Image Entry point : 0x000000c1

  Load Region LR_IROM1 (Base: 0x00000000, Size: 0x00005748, Max: 0x00080000, ABSOLUTE)

    Execution Region ER_IROM1 (Exec base: 0x00000000, Load base: 0x00000000, Size: 0x000056dc, Max: 0x00080000, ABSOLUTE)

    Exec Addr    Load Addr    Size         Type   Attr      Idx    E Section Name        Object

    0x00000000   0x00000000   0x000000c0   Data   RO         1062    RESET               startup_mspm0g351x_uvision.o
    0x000000c0   0x000000c0   0x00000008   Code   RO         1123  * !!!main             c_p.l(__main.o)
    0x000000c8   0x000000c8   0x00000054   Code   RO         1441    !!!scatter          c_p.l(__scatter.o)
    0x0000011c   0x0000011c   0x00000004   PAD
    0x00000120   0x00000120   0x0000001a   Code   RO         1445    !!handler_copy      c_p.l(__scatter_copy.o)
    0x0000013a   0x0000013a   0x00000006   PAD
    0x00000140   0x00000140   0x00000002   Code   RO         1442    !!handler_null      c_p.l(__scatter.o)
    0x00000142   0x00000142   0x00000006   PAD
    0x00000148   0x00000148   0x0000001c   Code   RO         1447    !!handler_zi        c_p.l(__scatter_zi.o)
    0x00000164   0x00000164   0x00000002   Code   RO         1100    .ARM.Collect$$_printf_percent$$00000000  c_p.l(_printf_percent.o)
    0x00000166   0x00000166   0x0000000a   Code   RO         1099    .ARM.Collect$$_printf_percent$$0000000A  c_p.l(_printf_u.o)
    0x00000170   0x00000170   0x00000004   Code   RO         1142    .ARM.Collect$$_printf_percent$$00000017  c_p.l(_printf_percent_end.o)
    0x00000174   0x00000174   0x00000002   Code   RO         1251    .ARM.Collect$$libinit$$00000000  c_p.l(libinit.o)
    0x00000176   0x00000176   0x00000000   Code   RO         1253    .ARM.Collect$$libinit$$00000002  c_p.l(libinit2.o)
    0x00000176   0x00000176   0x00000000   Code   RO         1255    .ARM.Collect$$libinit$$00000004  c_p.l(libinit2.o)
    0x00000176   0x00000176   0x00000000   Code   RO         1257    .ARM.Collect$$libinit$$00000006  c_p.l(libinit2.o)
    0x00000176   0x00000176   0x00000000   Code   RO         1260    .ARM.Collect$$libinit$$0000000C  c_p.l(libinit2.o)
    0x00000176   0x00000176   0x00000000   Code   RO         1262    .ARM.Collect$$libinit$$0000000E  c_p.l(libinit2.o)
    0x00000176   0x00000176   0x00000000   Code   RO         1264    .ARM.Collect$$libinit$$00000010  c_p.l(libinit2.o)
    0x00000176   0x00000176   0x00000006   Code   RO         1265    .ARM.Collect$$libinit$$00000011  c_p.l(libinit2.o)
    0x0000017c   0x0000017c   0x00000000   Code   RO         1267    .ARM.Collect$$libinit$$00000013  c_p.l(libinit2.o)
    0x0000017c   0x0000017c   0x0000000c   Code   RO         1268    .ARM.Collect$$libinit$$00000014  c_p.l(libinit2.o)
    0x00000188   0x00000188   0x00000000   Code   RO         1269    .ARM.Collect$$libinit$$00000015  c_p.l(libinit2.o)
    0x00000188   0x00000188   0x00000000   Code   RO         1271    .ARM.Collect$$libinit$$00000017  c_p.l(libinit2.o)
    0x00000188   0x00000188   0x0000000a   Code   RO         1272    .ARM.Collect$$libinit$$00000018  c_p.l(libinit2.o)
    0x00000192   0x00000192   0x00000000   Code   RO         1273    .ARM.Collect$$libinit$$00000019  c_p.l(libinit2.o)
    0x00000192   0x00000192   0x00000000   Code   RO         1275    .ARM.Collect$$libinit$$0000001B  c_p.l(libinit2.o)
    0x00000192   0x00000192   0x00000000   Code   RO         1277    .ARM.Collect$$libinit$$0000001D  c_p.l(libinit2.o)
    0x00000192   0x00000192   0x00000000   Code   RO         1279    .ARM.Collect$$libinit$$0000001F  c_p.l(libinit2.o)
    0x00000192   0x00000192   0x00000000   Code   RO         1281    .ARM.Collect$$libinit$$00000021  c_p.l(libinit2.o)
    0x00000192   0x00000192   0x00000000   Code   RO         1283    .ARM.Collect$$libinit$$00000023  c_p.l(libinit2.o)
    0x00000192   0x00000192   0x00000000   Code   RO         1285    .ARM.Collect$$libinit$$00000025  c_p.l(libinit2.o)
    0x00000192   0x00000192   0x00000000   Code   RO         1287    .ARM.Collect$$libinit$$00000027  c_p.l(libinit2.o)
    0x00000192   0x00000192   0x00000000   Code   RO         1291    .ARM.Collect$$libinit$$0000002E  c_p.l(libinit2.o)
    0x00000192   0x00000192   0x00000000   Code   RO         1293    .ARM.Collect$$libinit$$00000030  c_p.l(libinit2.o)
    0x00000192   0x00000192   0x00000000   Code   RO         1295    .ARM.Collect$$libinit$$00000032  c_p.l(libinit2.o)
    0x00000192   0x00000192   0x00000000   Code   RO         1297    .ARM.Collect$$libinit$$00000034  c_p.l(libinit2.o)
    0x00000192   0x00000192   0x00000002   Code   RO         1298    .ARM.Collect$$libinit$$00000035  c_p.l(libinit2.o)
    0x00000194   0x00000194   0x00000002   Code   RO         1397    .ARM.Collect$$libshutdown$$00000000  c_p.l(libshutdown.o)
    0x00000196   0x00000196   0x00000000   Code   RO         1424    .ARM.Collect$$libshutdown$$00000002  c_p.l(libshutdown2.o)
    0x00000196   0x00000196   0x00000000   Code   RO         1426    .ARM.Collect$$libshutdown$$00000004  c_p.l(libshutdown2.o)
    0x00000196   0x00000196   0x00000000   Code   RO         1429    .ARM.Collect$$libshutdown$$00000007  c_p.l(libshutdown2.o)
    0x00000196   0x00000196   0x00000000   Code   RO         1432    .ARM.Collect$$libshutdown$$0000000A  c_p.l(libshutdown2.o)
    0x00000196   0x00000196   0x00000000   Code   RO         1434    .ARM.Collect$$libshutdown$$0000000C  c_p.l(libshutdown2.o)
    0x00000196   0x00000196   0x00000000   Code   RO         1437    .ARM.Collect$$libshutdown$$0000000F  c_p.l(libshutdown2.o)
    0x00000196   0x00000196   0x00000002   Code   RO         1438    .ARM.Collect$$libshutdown$$00000010  c_p.l(libshutdown2.o)
    0x00000198   0x00000198   0x00000000   Code   RO         1131    .ARM.Collect$$rtentry$$00000000  c_p.l(__rtentry.o)
    0x00000198   0x00000198   0x00000000   Code   RO         1155    .ARM.Collect$$rtentry$$00000002  c_p.l(__rtentry2.o)
    0x00000198   0x00000198   0x00000006   Code   RO         1167    .ARM.Collect$$rtentry$$00000004  c_p.l(__rtentry4.o)
    0x0000019e   0x0000019e   0x00000000   Code   RO         1157    .ARM.Collect$$rtentry$$00000009  c_p.l(__rtentry2.o)
    0x0000019e   0x0000019e   0x00000004   Code   RO         1158    .ARM.Collect$$rtentry$$0000000A  c_p.l(__rtentry2.o)
    0x000001a2   0x000001a2   0x00000000   Code   RO         1160    .ARM.Collect$$rtentry$$0000000C  c_p.l(__rtentry2.o)
    0x000001a2   0x000001a2   0x00000008   Code   RO         1161    .ARM.Collect$$rtentry$$0000000D  c_p.l(__rtentry2.o)
    0x000001aa   0x000001aa   0x00000002   Code   RO         1310    .ARM.Collect$$rtexit$$00000000  c_p.l(rtexit.o)
    0x000001ac   0x000001ac   0x00000000   Code   RO         1344    .ARM.Collect$$rtexit$$00000002  c_p.l(rtexit2.o)
    0x000001ac   0x000001ac   0x00000004   Code   RO         1345    .ARM.Collect$$rtexit$$00000003  c_p.l(rtexit2.o)
    0x000001b0   0x000001b0   0x00000006   Code   RO         1346    .ARM.Collect$$rtexit$$00000004  c_p.l(rtexit2.o)
    0x000001b6   0x000001b6   0x00000002   PAD
    0x000001b8   0x000001b8   0x0000002c   Code   RO         1063    .text               startup_mspm0g351x_uvision.o
    0x000001e4   0x000001e4   0x0000002c   Code   RO         1071    .text               c_p.l(__2sprintf.o)
    0x00000210   0x00000210   0x0000006c   Code   RO         1075    .text               c_p.l(__printf.o)
    0x0000027c   0x0000027c   0x0000006c   Code   RO         1077    .text               c_p.l(_printf_dec.o)
    0x000002e8   0x000002e8   0x00000040   Code   RO         1101    .text               c_p.l(__0sscanf.o)
    0x00000328   0x00000328   0x00000014   Code   RO         1103    .text               c_p.l(strchr.o)
    0x0000033c   0x0000033c   0x00000044   Code   RO         1105    .text               c_p.l(strlen.o)
    0x00000380   0x00000380   0x00000040   Code   RO         1111    .text               c_p.l(rt_memclr.o)
    0x000003c0   0x000003c0   0x000001f8   Code   RO         1113    .text               c_p.l(aeabi_sdivfast.o)
    0x000005b8   0x000005b8   0x00000006   Code   RO         1121    .text               c_p.l(heapauxi.o)
    0x000005be   0x000005be   0x00000030   Code   RO         1125    .text               fz_ps.l(ffixui.o)
    0x000005ee   0x000005ee   0x000000b0   Code   RO         1136    .text               c_p.l(_printf_intcommon.o)
    0x0000069e   0x0000069e   0x00000002   PAD
    0x000006a0   0x000006a0   0x00000030   Code   RO         1138    .text               c_p.l(_printf_char_common.o)
    0x000006d0   0x000006d0   0x0000000a   Code   RO         1140    .text               c_p.l(_sputc.o)
    0x000006da   0x000006da   0x00000002   PAD
    0x000006dc   0x000006dc   0x00000520   Code   RO         1143    .text               c_p.l(scanf_fp.o)
    0x00000bfc   0x00000bfc   0x00000030   Code   RO         1147    .text               c_p.l(scanf_char.o)
    0x00000c2c   0x00000c2c   0x00000044   Code   RO         1149    .text               c_p.l(_sgetc.o)
    0x00000c70   0x00000c70   0x00000028   Code   RO         1151    .text               c_p.l(rtudiv10.o)
    0x00000c98   0x00000c98   0x00000008   Code   RO         1174    .text               c_p.l(rt_locale_intlibspace.o)
    0x00000ca0   0x00000ca0   0x00000008   Code   RO         1179    .text               c_p.l(rt_errno_addr_intlibspace.o)
    0x00000ca8   0x00000ca8   0x00000020   Code   RO         1181    .text               c_p.l(llshl.o)
    0x00000cc8   0x00000cc8   0x00000030   Code   RO         1183    .text               c_p.l(llmul.o)
    0x00000cf8   0x00000cf8   0x00000012   Code   RO         1185    .text               c_p.l(isspace.o)
    0x00000d0a   0x00000d0a   0x00000002   PAD
    0x00000d0c   0x00000d0c   0x00000380   Code   RO         1189    .text               c_p.l(_scanf.o)
    0x0000108c   0x0000108c   0x000000d8   Code   RO         1191    .text               c_p.l(bigflt0.o)
    0x00001164   0x00001164   0x00000580   Code   RO         1194    .text               c_p.l(btod.o)
    0x000016e4   0x000016e4   0x00000008   Code   RO         1222    .text               c_p.l(libspace.o)
    0x000016ec   0x000016ec   0x0000003e   Code   RO         1225    .text               c_p.l(sys_stackheap_outer.o)
    0x0000172a   0x0000172a   0x00000002   PAD
    0x0000172c   0x0000172c   0x00000010   Code   RO         1228    .text               c_p.l(rt_ctype_table.o)
    0x0000173c   0x0000173c   0x00000016   Code   RO         1230    .text               c_p.l(_rserrno.o)
    0x00001752   0x00001752   0x00000002   PAD
    0x00001754   0x00001754   0x00000334   Code   RO         1232    .text               c_p.l(scanf_hexfp.o)
    0x00001a88   0x00001a88   0x0000013c   Code   RO         1234    .text               c_p.l(scanf_infnan.o)
    0x00001bc4   0x00001bc4   0x00000010   Code   RO         1238    .text               c_p.l(exit.o)
    0x00001bd4   0x00001bd4   0x000000b0   Code   RO         1244    .text               c_p.l(strcmpv6m.o)
    0x00001c84   0x00001c84   0x0000007c   Code   RO         1299    .text               fz_ps.l(d2f.o)
    0x00001d00   0x00001d00   0x0000001e   Code   RO         1316    .text               c_p.l(_chval.o)
    0x00001d1e   0x00001d1e   0x00000002   PAD
    0x00001d20   0x00001d20   0x000000a0   Code   RO         1327    .text               fz_ps.l(dcmpin.o)
    0x00001dc0   0x00001dc0   0x00000060   Code   RO         1329    .text               fz_ps.l(dscalbn.o)
    0x00001e20   0x00001e20   0x0000000c   Code   RO         1339    .text               c_p.l(sys_exit.o)
    0x00001e2c   0x00001e2c   0x0000002e   Code   RO         1358    .text               fz_ps.l(cmpret.o)
    0x00001e5a   0x00001e5a   0x00000002   PAD
    0x00001e5c   0x00001e5c   0x00000014   Code   RO         1360    .text               fz_ps.l(dnan2.o)
    0x00001e70   0x00001e70   0x00000002   Code   RO         1384    .text               c_p.l(use_no_semi.o)
    0x00001e72   0x00001e72   0x00000000   Code   RO         1386    .text               c_p.l(indicate_semi.o)
    0x00001e72   0x00001e72   0x0000005e   Code   RO         1405    .text               fz_ps.l(retnan.o)
    0x00001ed0   0x00001ed0   0x00000040   Code   RO          213    .text.DL_ADC12_setClockConfig  dl_adc12.o
    0x00001f10   0x00001f10   0x0000000a   Code   RO          296    .text.DL_Common_delayCycles  dl_common.o
    0x00001f1a   0x00001f1a   0x00000002   PAD
    0x00001f1c   0x00001f1c   0x00000088   Code   RO          323    .text.DL_DAC12_init  dl_dac12.o
    0x00001fa4   0x00001fa4   0x00000044   Code   RO          343    .text.DL_DMA_initChannel  dl_dma.o
    0x00001fe8   0x00001fe8   0x00000054   Code   RO         1002    .text.DL_FactoryRegion_initTrimTable  dl_factoryregion.o
    0x0000203c   0x0000203c   0x00000044   Code   RO          771    .text.DL_SPI_init   dl_spi.o
    0x00002080   0x00002080   0x00000012   Code   RO          773    .text.DL_SPI_setClockConfig  dl_spi.o
    0x00002092   0x00002092   0x00000002   PAD
    0x00002094   0x00002094   0x00000100   Code   RO         1025    .text.DL_SYSCTL_configSYSPLL  dl_sysctl_mspm0gx51x.o
    0x00002194   0x00002194   0x0000008c   Code   RO         1039    .text.DL_SYSCTL_setHFCLKSourceHFXTParams  dl_sysctl_mspm0gx51x.o
    0x00002220   0x00002220   0x00000050   Code   RO         1033    .text.DL_SYSCTL_switchMCLKfromSYSOSCtoHSCLK  dl_sysctl_mspm0gx51x.o
    0x00002270   0x00002270   0x00000100   Code   RO          830    .text.DL_Timer_initTimerMode  dl_timer.o
    0x00002370   0x00002370   0x0000001c   Code   RO          826    .text.DL_Timer_setClockConfig  dl_timer.o
    0x0000238c   0x0000238c   0x00000048   Code   RO          942    .text.DL_UART_init  dl_uart.o
    0x000023d4   0x000023d4   0x00000012   Code   RO          944    .text.DL_UART_setClockConfig  dl_uart.o
    0x000023e6   0x000023e6   0x00000002   PAD
    0x000023e8   0x000023e8   0x0000003c   Code   RO          956    .text.DL_UART_transmitDataBlocking  dl_uart.o
    0x00002424   0x00002424   0x00000168   Code   RO           23    .text.OLED_Clear    oled_spi_v0.2.o
    0x0000258c   0x0000258c   0x0000020c   Code   RO           37    .text.OLED_DrawBMP  oled_spi_v0.2.o
    0x00002798   0x00002798   0x000007c0   Code   RO           51    .text.OLED_Init     oled_spi_v0.2.o
    0x00002f58   0x00002f58   0x0000025c   Code   RO           25    .text.OLED_ShowChar  oled_spi_v0.2.o
    0x000031b4   0x000031b4   0x000000e0   Code   RO           29    .text.OLED_ShowNum  oled_spi_v0.2.o
    0x00003294   0x00003294   0x00000046   Code   RO           33    .text.OLED_ShowString  oled_spi_v0.2.o
    0x000032da   0x000032da   0x00000002   PAD
    0x000032dc   0x000032dc   0x00000074   Code   RO          151    .text.SYSCFG_DL_ADC12_0_init  ti_msp_dl_config.o
    0x00003350   0x00003350   0x0000002c   Code   RO          157    .text.SYSCFG_DL_DAC12_init  ti_msp_dl_config.o
    0x0000337c   0x0000337c   0x00000020   Code   RO          163    .text.SYSCFG_DL_DMA_ADC_CH1_init  ti_msp_dl_config.o
    0x0000339c   0x0000339c   0x00000028   Code   RO          165    .text.SYSCFG_DL_DMA_DAC_CH0_init  ti_msp_dl_config.o
    0x000033c4   0x000033c4   0x0000000c   Code   RO          153    .text.SYSCFG_DL_DMA_init  ti_msp_dl_config.o
    0x000033d0   0x000033d0   0x0000014c   Code   RO          133    .text.SYSCFG_DL_GPIO_init  ti_msp_dl_config.o
    0x0000351c   0x0000351c   0x00000048   Code   RO          147    .text.SYSCFG_DL_SPI_0_init  ti_msp_dl_config.o
    0x00003564   0x00003564   0x0000004c   Code   RO          149    .text.SYSCFG_DL_SPI_1_init  ti_msp_dl_config.o
    0x000035b0   0x000035b0   0x00000090   Code   RO          135    .text.SYSCFG_DL_SYSCTL_init  ti_msp_dl_config.o
    0x00003640   0x00003640   0x0000004c   Code   RO          137    .text.SYSCFG_DL_TIMER_0_init  ti_msp_dl_config.o
    0x0000368c   0x0000368c   0x00000048   Code   RO          139    .text.SYSCFG_DL_TIMER_1_init  ti_msp_dl_config.o
    0x000036d4   0x000036d4   0x00000038   Code   RO          141    .text.SYSCFG_DL_TIMER_2_init  ti_msp_dl_config.o
    0x0000370c   0x0000370c   0x00000044   Code   RO          155    .text.SYSCFG_DL_TRNG_init  ti_msp_dl_config.o
    0x00003750   0x00003750   0x0000005c   Code   RO          145    .text.SYSCFG_DL_UART_COM_init  ti_msp_dl_config.o
    0x000037ac   0x000037ac   0x0000005c   Code   RO          143    .text.SYSCFG_DL_UART_FPGA_init  ti_msp_dl_config.o
    0x00003808   0x00003808   0x0000006c   Code   RO          129    .text.SYSCFG_DL_init  ti_msp_dl_config.o
    0x00003874   0x00003874   0x000000ac   Code   RO          131    .text.SYSCFG_DL_initPower  ti_msp_dl_config.o
    0x00003920   0x00003920   0x00000064   Code   RO           91    .text.UART_send_am_params  main.o
    0x00003984   0x00003984   0x00000064   Code   RO           93    .text.UART_send_fm_params  main.o
    0x000039e8   0x000039e8   0x0000006c   Code   RO           95    .text.UART_send_square_params  main.o
    0x00003a54   0x00003a54   0x0000000c   Code   RO           65    .text.W25Q64_Init   w25q64_spi.o
    0x00003a60   0x00003a60   0x00000010   Code   RO          201    .text.delay_ms      delay.o
    0x00003a70   0x00003a70   0x00000210   Code   RO            4    .text.getKeyValue   keyboard.o
    0x00003c80   0x00003c80   0x000009b4   Code   RO          111    .text.main          main.o
    0x00004634   0x00004634   0x000000b8   Code   RO           97    .text.main_show     main.o
    0x000046ec   0x000046ec   0x00000074   Code   RO           99    .text.sine_wave_show  main.o
    0x00004760   0x00004760   0x00000080   Code   RO          109    .text.square_show   main.o
    0x000047e0   0x000047e0   0x000001f6   Code   RO         1114    .text_divfast       c_p.l(aeabi_sdivfast.o)
    0x000049d6   0x000049d6   0x00000030   Code   RO         1196    i.__ARM_common_ll_muluu  c_p.l(btod.o)
    0x00004a06   0x00004a06   0x00000002   PAD
    0x00004a08   0x00004a08   0x00000014   Code   RO         1366    i.__mathlib_dbl_overflow  m_ps.l(dunder.o)
    0x00004a1c   0x00004a1c   0x00000014   Code   RO         1368    i.__mathlib_dbl_underflow  m_ps.l(dunder.o)
    0x00004a30   0x00004a30   0x00000010   Code   RO         1216    i.__mathlib_narrow  m_ps.l(narrow.o)
    0x00004a40   0x00004a40   0x000000c8   Code   RO         1217    i.__mathlib_tofloat  m_ps.l(narrow.o)
    0x00004b08   0x00004b08   0x00000014   Code   RO         1334    i.__support_ldexp   m_ps.l(ldexp.o)
    0x00004b1c   0x00004b1c   0x0000000e   Code   RO         1089    i._is_digit         c_p.l(__printf_wp.o)
    0x00004b2a   0x00004b2a   0x00000002   PAD
    0x00004b2c   0x00004b2c   0x00000058   Code   RO         1306    i.frexp             m_ps.l(frexp.o)
    0x00004b84   0x00004b84   0x00000070   Code   RO         1335    i.ldexp             m_ps.l(ldexp.o)
    0x00004bf4   0x00004bf4   0x0000002c   Code   RO         1202    locale$$code        c_p.l(lc_numeric_c.o)
    0x00004c20   0x00004c20   0x0000002c   Code   RO         1319    locale$$code        c_p.l(lc_ctype_c.o)
    0x00004c4c   0x00004c4c   0x00000064   Code   RO         1301    x$fpl$deqf          fz_ps.l(deqf.o)
    0x00004cb0   0x00004cb0   0x00000068   Code   RO         1303    x$fpl$drleqf        fz_ps.l(drlef.o)
    0x00004d18   0x00004d18   0x000000b0   Code   RO         1127    x$fpl$fmul          fz_ps.l(fmul.o)
    0x00004dc8   0x00004dc8   0x00000010   Code   RO         1129    x$fpl$scanf1        fz_ps.l(scanf1.o)
    0x00004dd8   0x00004dd8   0x00000020   Code   RO         1210    x$fpl$scanf2        fz_ps.l(scanf2.o)
    0x00004df8   0x00004df8   0x00000000   Code   RO         1153    x$fpl$usenofp       fz_ps.l(usenofp.o)
    0x00004df8   0x00004df8   0x00000094   Data   RO         1192    .constdata          c_p.l(bigflt0.o)
    0x00004e8c   0x00004e8c   0x00000228   Data   RO           53    .rodata.F6x8        oled_spi_v0.2.o
    0x000050b4   0x000050b4   0x00000370   Data   RO          113    .rodata.Genshin     main.o
    0x00005424   0x00005424   0x00000008   Data   RO          187    .rodata.gADC12_0ClockConfig  ti_msp_dl_config.o
    0x0000542c   0x0000542c   0x00000020   Data   RO          190    .rodata.gDAC12Config  ti_msp_dl_config.o
    0x0000544c   0x0000544c   0x00000018   Data   RO          188    .rodata.gDMA_ADC_CH1Config  ti_msp_dl_config.o
    0x00005464   0x00005464   0x00000018   Data   RO          189    .rodata.gDMA_DAC_CH0Config  ti_msp_dl_config.o
    0x0000547c   0x0000547c   0x00000002   Data   RO          183    .rodata.gSPI_0_clockConfig  ti_msp_dl_config.o
    0x0000547e   0x0000547e   0x0000000a   Data   RO          184    .rodata.gSPI_0_config  ti_msp_dl_config.o
    0x00005488   0x00005488   0x00000002   Data   RO          185    .rodata.gSPI_1_clockConfig  ti_msp_dl_config.o
    0x0000548a   0x0000548a   0x0000000a   Data   RO          186    .rodata.gSPI_1_config  ti_msp_dl_config.o
    0x00005494   0x00005494   0x00000028   Data   RO          172    .rodata.gSYSPLLConfig  ti_msp_dl_config.o
    0x000054bc   0x000054bc   0x00000003   Data   RO          173    .rodata.gTIMER_0ClockConfig  ti_msp_dl_config.o
    0x000054bf   0x000054bf   0x00000001   PAD
    0x000054c0   0x000054c0   0x00000014   Data   RO          174    .rodata.gTIMER_0TimerConfig  ti_msp_dl_config.o
    0x000054d4   0x000054d4   0x00000003   Data   RO          175    .rodata.gTIMER_1ClockConfig  ti_msp_dl_config.o
    0x000054d7   0x000054d7   0x00000001   PAD
    0x000054d8   0x000054d8   0x00000014   Data   RO          176    .rodata.gTIMER_1TimerConfig  ti_msp_dl_config.o
    0x000054ec   0x000054ec   0x00000003   Data   RO          177    .rodata.gTIMER_2ClockConfig  ti_msp_dl_config.o
    0x000054ef   0x000054ef   0x00000001   PAD
    0x000054f0   0x000054f0   0x00000014   Data   RO          178    .rodata.gTIMER_2TimerConfig  ti_msp_dl_config.o
    0x00005504   0x00005504   0x00000002   Data   RO          181    .rodata.gUART_COMClockConfig  ti_msp_dl_config.o
    0x00005506   0x00005506   0x0000000a   Data   RO          182    .rodata.gUART_COMConfig  ti_msp_dl_config.o
    0x00005510   0x00005510   0x00000002   Data   RO          179    .rodata.gUART_FPGAClockConfig  ti_msp_dl_config.o
    0x00005512   0x00005512   0x0000000a   Data   RO          180    .rodata.gUART_FPGAConfig  ti_msp_dl_config.o
    0x0000551c   0x0000551c   0x0000005f   Data   RO          119    .rodata.str1.1      main.o
    0x0000557b   0x0000557b   0x00000005   PAD
    0x00005580   0x00005580   0x00000020   Data   RO         1440    Region$$Table       anon$$obj.o
    0x000055a0   0x000055a0   0x00000008   Data   RO         1204    c$$dinf             fz_ps.l(fpconst.o)
    0x000055a8   0x000055a8   0x00000008   Data   RO         1207    c$$dmax             fz_ps.l(fpconst.o)
    0x000055b0   0x000055b0   0x0000001c   Data   RO         1201    locale$$data        c_p.l(lc_numeric_c.o)
    0x000055cc   0x000055cc   0x00000110   Data   RO         1318    locale$$data        c_p.l(lc_ctype_c.o)


    Execution Region RW_IRAM1 (Exec base: 0x20200000, Load base: 0x000056e0, Size: 0x000026b0, Max: 0x00010000, ABSOLUTE)

    Exec Addr    Load Addr    Size         Type   Attr      Idx    E Section Name        Object

    0x20200000   0x000056e0   0x00000044   Data   RW         1004    .TrimTable          dl_factoryregion.o
    0x20200044   0x00005724   0x00000004   Data   RW         1005    .data.FACTORYVALUE  dl_factoryregion.o
    0x20200048   0x00005728   0x00000004   Data   RW          117    .data.fm_deviation  main.o
    0x2020004c   0x0000572c   0x00000004   Data   RW          118    .data.fm_fc         main.o
    0x20200050   0x00005730   0x00000011   Data   RW            6    .data.keytonum      keyboard.o
    0x20200061   0x00005741   0x00000007   PAD
    0x20200068        -       0x00000060   Zero   RW         1223    .bss                c_p.l(libspace.o)
    0x202000c8        -       0x00000410   Zero   RW           56    .bss.OLED_GRAM      oled_spi_v0.2.o
    0x202004d8        -       0x00000028   Zero   RW          169    .bss.gSPI_0Backup   ti_msp_dl_config.o
    0x20200500        -       0x00000028   Zero   RW          170    .bss.gSPI_1Backup   ti_msp_dl_config.o
    0x20200528        -       0x000000bc   Zero   RW          167    .bss.gTIMER_1Backup  ti_msp_dl_config.o
    0x202005e4        -       0x000000bc   Zero   RW          168    .bss.gTIMER_2Backup  ti_msp_dl_config.o
    0x202006a0        -       0x00000010   Zero   RW          171    .bss.gTRNGBackup    ti_msp_dl_config.o
    0x202006b0        -       0x00000000   Zero   RW         1061    HEAP                startup_mspm0g351x_uvision.o
    0x202006b0        -       0x00002000   Zero   RW         1060    STACK               startup_mspm0g351x_uvision.o


    Execution Region RW_IRAM2 (Exec base: 0x20210000, Load base: 0x00005748, Size: 0x00000000, Max: 0x00010000, ABSOLUTE)

    **** No section assigned to this execution region ****



  Load Region LR_BCR (Base: 0x41c00000, Size: 0x00000000, Max: 0x00000100, ABSOLUTE)

    Execution Region BCR_CONFIG (Exec base: 0x41c00000, Load base: 0x41c00000, Size: 0x00000000, Max: 0x000000ff, ABSOLUTE)

    **** No section assigned to this execution region ****



  Load Region LR_BSL (Base: 0x41c00100, Size: 0x00000000, Max: 0x00000100, ABSOLUTE)

    Execution Region BSL_CONFIG (Exec base: 0x41c00100, Load base: 0x41c00100, Size: 0x00000000, Max: 0x00000080, ABSOLUTE)

    **** No section assigned to this execution region ****



  Load Region LR_DATA (Base: 0x41d00000, Size: 0x00000000, Max: 0x00004000, ABSOLUTE)

    Execution Region DATA (Exec base: 0x41d00000, Load base: 0x41d00000, Size: 0x00000000, Max: 0x00004000, ABSOLUTE)

    **** No section assigned to this execution region ****


==============================================================================

Image component sizes


      Code (inc. data)   RO Data    RW Data    ZI Data      Debug   Object Name

        16          4          0          0          0       1138   delay.o
        64          8          0          0          0       4558   dl_adc12.o
        10          0          0          0          0        622   dl_common.o
       136         32          0          0          0       8955   dl_dac12.o
        68          4          0          0          0       4457   dl_dma.o
        84          8          0         72          0       2120   dl_factoryregion.o
        86          8          0          0          0      16284   dl_spi.o
       476         36          0          0          0      15541   dl_sysctl_mspm0gx51x.o
       284        160          0          0          0      39002   dl_timer.o
       150         12          0          0          0      14769   dl_uart.o
       528         12          0         17          0       7269   keyboard.o
      3220        396        975          8          0      13550   main.o
      3766         36        552          0       1040      58901   oled_spi_v0.2.o
        44         18        192          0       8192        688   startup_mspm0g351x_uvision.o
      1604        360        245          0        472      47405   ti_msp_dl_config.o
        12          0          0          0          0      26521   w25q64_spi.o

    ----------------------------------------------------------------------
     10556       1094       2004        100       9708     261780   Object Totals
         0          0         32          0          0          0   (incl. Generated)
         8          0          8          3          4          0   (incl. Padding)

    ----------------------------------------------------------------------

      Code (inc. data)   RO Data    RW Data    ZI Data      Debug   Library Member Name

        64         10          0          0          0         84   __0sscanf.o
        44          4          0          0          0         84   __2sprintf.o
         8          0          0          0          0         68   __main.o
       108          0          0          0          0         76   __printf.o
        14          0          0          0          0         60   __printf_wp.o
         0          0          0          0          0          0   __rtentry.o
        12          0          0          0          0          0   __rtentry2.o
         6          0          0          0          0          0   __rtentry4.o
        86         10          0          0          0          0   __scatter.o
        26          0          0          0          0          0   __scatter_copy.o
        28          0          0          0          0          0   __scatter_zi.o
        30          0          0          0          0         60   _chval.o
        48          6          0          0          0         88   _printf_char_common.o
       108         18          0          0          0         76   _printf_dec.o
       176          0          0          0          0         84   _printf_intcommon.o
         2          0          0          0          0          0   _printf_percent.o
         4          0          0          0          0          0   _printf_percent_end.o
        10          0          0          0          0          0   _printf_u.o
        22          0          0          0          0         92   _rserrno.o
       896         16          0          0          0         84   _scanf.o
        68          0          0          0          0         76   _sgetc.o
        10          0          0          0          0         60   _sputc.o
      1006          4          0          0          0        184   aeabi_sdivfast.o
       216          6        148          0          0         80   bigflt0.o
      1456         30          0          0          0        336   btod.o
        16          0          0          0          0         68   exit.o
         6          0          0          0          0        136   heapauxi.o
         0          0          0          0          0          0   indicate_semi.o
        18          0          0          0          0         68   isspace.o
        44         10        272          0          0         76   lc_ctype_c.o
        44         10         28          0          0         76   lc_numeric_c.o
         2          0          0          0          0          0   libinit.o
        30          0          0          0          0          0   libinit2.o
         2          0          0          0          0          0   libshutdown.o
         2          0          0          0          0          0   libshutdown2.o
         8          4          0          0         96         68   libspace.o
        48          0          0          0          0         72   llmul.o
        32          0          0          0          0         68   llshl.o
        16          4          0          0          0         76   rt_ctype_table.o
         8          4          0          0          0         68   rt_errno_addr_intlibspace.o
         8          4          0          0          0         68   rt_locale_intlibspace.o
        64          0          0          0          0        108   rt_memclr.o
         2          0          0          0          0          0   rtexit.o
        10          0          0          0          0          0   rtexit2.o
        40          0          0          0          0         60   rtudiv10.o
        48          8          0          0          0         84   scanf_char.o
      1312         26          0          0          0        124   scanf_fp.o
       820         14          0          0          0         84   scanf_hexfp.o
       316         16          0          0          0         84   scanf_infnan.o
        20          0          0          0          0         60   strchr.o
       176          4          0          0          0         80   strcmpv6m.o
        68          6          0          0          0         72   strlen.o
        12          4          0          0          0         60   sys_exit.o
        62          0          0          0          0         80   sys_stackheap_outer.o
         2          0          0          0          0         68   use_no_semi.o
        46          0          0          0          0         60   cmpret.o
       124          4          0          0          0         72   d2f.o
       160          6          0          0          0         76   dcmpin.o
       100          4          0          0          0         92   deqf.o
        20          6          0          0          0         68   dnan2.o
       104          4          0          0          0        104   drlef.o
        96         12          0          0          0         72   dscalbn.o
        48          0          0          0          0         60   ffixui.o
       176          4          0          0          0         80   fmul.o
         0          0         16          0          0          0   fpconst.o
        94          0          0          0          0         68   retnan.o
        16          4          0          0          0         76   scanf1.o
        32          8          0          0          0        100   scanf2.o
         0          0          0          0          0          0   usenofp.o
        40         10          0          0          0        136   dunder.o
        88         16          0          0          0         72   frexp.o
       132          0          0          0          0        140   ldexp.o
       216         10          0          0          0        144   narrow.o

    ----------------------------------------------------------------------
      9212        310        464          0         96       4820   Library Totals
        36          4          0          0          0          0   (incl. Padding)

    ----------------------------------------------------------------------

      Code (inc. data)   RO Data    RW Data    ZI Data      Debug   Library Name

      7684        218        448          0         96       3400   c_p.l
      1016         52         16          0          0        928   fz_ps.l
       476         36          0          0          0        492   m_ps.l

    ----------------------------------------------------------------------
      9212        310        464          0         96       4820   Library Totals

    ----------------------------------------------------------------------

==============================================================================


      Code (inc. data)   RO Data    RW Data    ZI Data      Debug   

     19768       1404       2468        100       9804     263860   Grand Totals
     19768       1404       2468        100       9804     263860   ELF Image Totals
     19768       1404       2468        100          0          0   ROM Totals

==============================================================================

    Total RO  Size (Code + RO Data)                22236 (  21.71kB)
    Total RW  Size (RW Data + ZI Data)              9904 (   9.67kB)
    Total ROM Size (Code + RO Data + RW Data)      22336 (  21.81kB)

==============================================================================

