<html>
<body>
<pre>
<h1>礦ision Build Log</h1>
<h2>Tool Versions:</h2>
IDE-Version: μVision V5.39.0.0
Copyright (C) 2023 ARM Ltd and ARM Germany GmbH. All rights reserved.
License Information: Yuyao DING, WHU, LIC=9WSKC-72WLR-CX2U6-DAD2E-4LU2T-NHC35
 
Tool Versions:
Toolchain:       MDK-ARM Plus  Version: 5.39.0.0
Toolchain Path:  D:\AAAAPP\Keil\ARM\ARMCLANG\Bin
C Compiler:      ArmClang.exe V6.21
Assembler:       Armasm.exe V6.21
Linker/Locator:  ArmLink.exe V6.21
Library Manager: ArmAr.exe V6.21
Hex Converter:   FromElf.exe V6.21
CPU DLL:         SARMCM3.DLL V5.39.0.0
Dialog DLL:      DARMCM1.DLL V1.19.6.0
Target DLL:      CMSIS_AGDI.dll V1.33.16.0
Dialog DLL:      TARMCM1.DLL V1.14.6.0
 
<h2>Project:</h2>
C:\Users\HUAWEI\Desktop\DDS-main\DDS-main\DDS_MCU\Project\DDS.uvprojx
Project File Date:  05/29/2026

<h2>Output:</h2>
*** Using Compiler 'V6.21', folder: 'D:\AAAAPP\Keil\ARM\ARMCLANG\Bin'
Rebuild target 'Empty'
Before Build - User command #1: cmd.exe /C "D:\Workspace_for_Electric_Designing_Competition\ti\mspm0_sdk_2_08_00_03\tools\keil\syscfg.bat D:\Workspace_for_Electric_Designing_Competition\ti\mspm0_sdk_2_08_00_03\examples ../User/config.syscfg"
系统找不到指定的路径。
compiling dl_aes.c...
compiling dl_dma.c...
compiling dl_dac12.c...
compiling dl_common.c...
compiling dl_comp.c...
compiling dl_adc12.c...
compiling dl_crc.c...
compiling Keyboard.c...
compiling dl_aesadv.c...
compiling dl_crcp.c...
compiling delay.c...
../User/main.c(7): warning: In file included from...
../BSP\bsp.h(20): warning: In file included from...
../BSP/oled_spi_V0.2.h(10): warning: 'u8' macro redefined [-Wmacro-redefined]
   10 | #define  u8  unsigned char 
      |          ^
../BSP\bsp.h(15): note: previous definition is here
   15 | #define u8 uint8_t
      |         ^
../User/main.c(7): warning: In file included from...
../BSP\bsp.h(22): warning: In file included from...
../BSP/oledpicture_V0.2.h(1): warning: extra tokens at end of #ifndef directive [-Wextra-tokens]
    1 | #ifndef __OLEDPICTURE_V0.2_H  
      |                         ^
      |                         //
../BSP/oledpicture_V0.2.h(2): warning: ISO C99 requires whitespace after the macro name [-Wc99-extensions]
    2 | #define __OLEDPICTURE_V0.2_H  
      |                         ^
3 warnings generated.
compiling main.c...
compiling dl_gpamp.c...
compiling ti_msp_dl_config.c...
compiling w25q64_spi.c...
compiling dl_gpio.c...
compiling dl_i2c.c...
compiling oled_spi_V0.2.c...
compiling dl_flashctl.c...
compiling dl_i2s.c...
compiling dl_iwdt.c...
compiling dl_lcd.c...
compiling dl_keystorectl.c...
compiling dl_rtc_b.c...
compiling dl_lfss.c...
compiling dl_mathacl.c...
compiling dl_opa.c...
compiling dl_npu.c...
compiling dl_rtc_a.c...
compiling dl_rtc.c...
compiling dl_scratchpad.c...
compiling dl_rtc_common.c...
compiling dl_spgss.c...
compiling dl_tamperio.c...
compiling dl_mcan.c...
compiling dl_timera.c...
compiling dl_spi.c...
compiling dl_timerb.c...
compiling dl_timer.c...
compiling dl_timerg.c...
compiling dl_trng.c...
compiling dl_unicomm.c...
compiling dl_uart.c...
compiling dl_unicommi2cc.c...
compiling dl_unicommi2ct.c...
compiling dl_unicommspi.c...
compiling dl_unicommuart.c...
compiling dl_vref.c...
compiling dl_wwdt.c...
compiling dl_factoryregion.c...
compiling dl_interrupt.c...
assembling startup_mspm0g351x_uvision.s...
compiling dl_sysctl_mspm0gx51x.c...
linking...
Program Size: Code=19768 RO-data=2468 RW-data=100 ZI-data=9804  
FromELF: creating hex file...
"..\Output\Empty.axf" - 0 Error(s), 3 Warning(s).

<h2>Software Packages used:</h2>

Package Vendor: TexasInstruments
                https://software-dl.ti.com/msp430/esd/MSPM0-CMSIS/MSPM0GX51X/latest/exports/TexasInstruments.MSPM0GX51X_DFP.1.0.0.pack
                TexasInstruments::MSPM0GX51X_DFP@1.0.0
                Device Family Pack for Texas Instruments MSPM0GX51X Series

<h2>Collection of Component include folders:</h2>

<h2>Collection of Component Files used:</h2>
Build Time Elapsed:  00:00:03
</pre>
</body>
</html>
