Flow report for DDS_simple
Tue May 26 20:08:37 2026
Quartus Prime Version 18.0.0 Build 614 04/24/2018 SJ Standard Edition


---------------------
; Table of Contents ;
---------------------
  1. Legal Notice
  2. Flow Summary
  3. Flow Settings
  4. Flow Non-Default Global Settings
  5. Flow Elapsed Time
  6. Flow OS Summary
  7. Flow Log
  8. Flow Messages
  9. Flow Suppressed Messages



----------------
; Legal Notice ;
----------------
Copyright (C) 2018  Intel Corporation. All rights reserved.
Your use of Intel Corporation's design tools, logic functions 
and other software and tools, and its AMPP partner logic 
functions, and any output files from any of the foregoing 
(including device programming or simulation files), and any 
associated documentation or information are expressly subject 
to the terms and conditions of the Intel Program License 
Subscription Agreement, the Intel Quartus Prime License Agreement,
the Intel FPGA IP License Agreement, or other applicable license
agreement, including, without limitation, that your use is for
the sole purpose of programming logic devices manufactured by
Intel and sold by Intel or its authorized distributors.  Please
refer to the applicable agreement for further details.



+--------------------------------------------------------------------------------------+
; Flow Summary                                                                         ;
+------------------------------------+-------------------------------------------------+
; Flow Status                        ; Successful - Tue May 26 20:08:37 2026           ;
; Quartus Prime Version              ; 18.0.0 Build 614 04/24/2018 SJ Standard Edition ;
; Revision Name                      ; DDS_simple                                      ;
; Top-level Entity Name              ; DDS_simple                                      ;
; Family                             ; Cyclone IV E                                    ;
; Device                             ; EP4CE6F17C8                                     ;
; Timing Models                      ; Final                                           ;
; Total logic elements               ; 1,991 / 6,272 ( 32 % )                          ;
;     Total combinational functions  ; 1,929 / 6,272 ( 31 % )                          ;
;     Dedicated logic registers      ; 529 / 6,272 ( 8 % )                             ;
; Total registers                    ; 529                                             ;
; Total pins                         ; 40 / 180 ( 22 % )                               ;
; Total virtual pins                 ; 0                                               ;
; Total memory bits                  ; 21,504 / 276,480 ( 8 % )                        ;
; Embedded Multiplier 9-bit elements ; 16 / 30 ( 53 % )                                ;
; Total PLLs                         ; 1 / 2 ( 50 % )                                  ;
+------------------------------------+-------------------------------------------------+


+-----------------------------------------+
; Flow Settings                           ;
+-------------------+---------------------+
; Option            ; Setting             ;
+-------------------+---------------------+
; Start date & time ; 05/26/2026 20:07:14 ;
; Main task         ; Compilation         ;
; Revision Name     ; DDS_simple          ;
+-------------------+---------------------+


+-----------------------------------------------------------------------------------------------------------------------------+
; Flow Non-Default Global Settings                                                                                            ;
+-------------------------------------+----------------------------------------+---------------+-------------+----------------+
; Assignment Name                     ; Value                                  ; Default Value ; Entity Name ; Section Id     ;
+-------------------------------------+----------------------------------------+---------------+-------------+----------------+
; COMPILER_SIGNATURE_ID               ; 40139811395213.177979723406288         ; --            ; --          ; --             ;
; EDA_OUTPUT_DATA_FORMAT              ; Verilog Hdl                            ; --            ; --          ; eda_simulation ;
; EDA_SIMULATION_TOOL                 ; ModelSim (Verilog)                     ; <None>        ; --          ; --             ;
; EDA_TIME_SCALE                      ; 1 ps                                   ; --            ; --          ; eda_simulation ;
; MAX_CORE_JUNCTION_TEMP              ; 85                                     ; --            ; --          ; --             ;
; MIN_CORE_JUNCTION_TEMP              ; 0                                      ; --            ; --          ; --             ;
; MISC_FILE                           ; sine_12bit_256_bb.v                    ; --            ; --          ; --             ;
; MISC_FILE                           ; dac904_pll_inst.v                      ; --            ; --          ; --             ;
; MISC_FILE                           ; dac904_pll_bb.v                        ; --            ; --          ; --             ;
; MISC_FILE                           ; dac904_pll.ppf                         ; --            ; --          ; --             ;
; MISC_FILE                           ; sine_14bit_256_inst.v                  ; --            ; --          ; --             ;
; MISC_FILE                           ; sine_14bit_256_bb.v                    ; --            ; --          ; --             ;
; NOMINAL_CORE_SUPPLY_VOLTAGE         ; 1.2V                                   ; --            ; --          ; --             ;
; PARTITION_COLOR                     ; -- (Not supported for targeted family) ; --            ; --          ; Top            ;
; PARTITION_FITTER_PRESERVATION_LEVEL ; -- (Not supported for targeted family) ; --            ; --          ; Top            ;
; PARTITION_NETLIST_TYPE              ; -- (Not supported for targeted family) ; --            ; --          ; Top            ;
; PROJECT_OUTPUT_DIRECTORY            ; output_files                           ; --            ; --          ; --             ;
+-------------------------------------+----------------------------------------+---------------+-------------+----------------+


+--------------------------------------------------------------------------------------------------------------------------+
; Flow Elapsed Time                                                                                                        ;
+----------------------+--------------+-------------------------+---------------------+------------------------------------+
; Module Name          ; Elapsed Time ; Average Processors Used ; Peak Virtual Memory ; Total CPU Time (on all processors) ;
+----------------------+--------------+-------------------------+---------------------+------------------------------------+
; Analysis & Synthesis ; 00:00:23     ; 1.0                     ; 4886 MB             ; 00:00:27                           ;
; Fitter               ; 00:00:34     ; 1.2                     ; 6001 MB             ; 00:00:40                           ;
; Assembler            ; 00:00:05     ; 1.0                     ; 4685 MB             ; 00:00:02                           ;
; Timing Analyzer      ; 00:00:05     ; 1.6                     ; 4857 MB             ; 00:00:04                           ;
; EDA Netlist Writer   ; 00:00:02     ; 1.0                     ; 4680 MB             ; 00:00:02                           ;
; Total                ; 00:01:09     ; --                      ; --                  ; 00:01:15                           ;
+----------------------+--------------+-------------------------+---------------------+------------------------------------+


+-------------------------------------------------------------------------------------+
; Flow OS Summary                                                                     ;
+----------------------+-------------------+------------+------------+----------------+
; Module Name          ; Machine Hostname  ; OS Name    ; OS Version ; Processor type ;
+----------------------+-------------------+------------+------------+----------------+
; Analysis & Synthesis ; MyWindowsComputer ; Windows 10 ; 10.0       ; x86_64         ;
; Fitter               ; MyWindowsComputer ; Windows 10 ; 10.0       ; x86_64         ;
; Assembler            ; MyWindowsComputer ; Windows 10 ; 10.0       ; x86_64         ;
; Timing Analyzer      ; MyWindowsComputer ; Windows 10 ; 10.0       ; x86_64         ;
; EDA Netlist Writer   ; MyWindowsComputer ; Windows 10 ; 10.0       ; x86_64         ;
+----------------------+-------------------+------------+------------+----------------+


------------
; Flow Log ;
------------
quartus_map --read_settings_files=on --write_settings_files=off DDS_simple -c DDS_simple
quartus_fit --read_settings_files=off --write_settings_files=off DDS_simple -c DDS_simple
quartus_asm --read_settings_files=off --write_settings_files=off DDS_simple -c DDS_simple
quartus_sta DDS_simple -c DDS_simple
quartus_eda --read_settings_files=off --write_settings_files=off DDS_simple -c DDS_simple



